../CSP/src/csp_rdp_queue.c:13:6:csp_rdp_queue_init	8	static
../CSP/src/csp_rdp_queue.c:23:6:csp_rdp_queue_flush	24	static
../CSP/src/csp_rdp_queue.c:51:5:csp_rdp_queue_tx_size	8	static
../CSP/src/csp_rdp_queue.c:55:6:csp_rdp_queue_tx_add	16	static
../CSP/src/csp_rdp_queue.c:62:16:csp_rdp_queue_tx_get	24	static
../CSP/src/csp_rdp_queue.c:79:5:csp_rdp_queue_rx_size	8	static
../CSP/src/csp_rdp_queue.c:83:6:csp_rdp_queue_rx_add	16	static
../CSP/src/csp_rdp_queue.c:90:16:csp_rdp_queue_rx_get	24	static
