../Drivers/STM32F7xx_HAL_Driver/Inc/stm32f7xx_ll_usart.h:2651:26:LL_USART_IsActiveFlag_TC	16	static
../Drivers/STM32F7xx_HAL_Driver/Inc/stm32f7xx_ll_usart.h:2662:26:LL_USART_IsActiveFlag_TXE	16	static
../Drivers/STM32F7xx_HAL_Driver/Inc/stm32f7xx_ll_usart.h:2916:22:LL_USART_ClearFlag_TC	16	static
../Drivers/STM32F7xx_HAL_Driver/Inc/stm32f7xx_ll_usart.h:3049:22:LL_USART_EnableIT_TC	40	static,ignoring_inline_asm
../Drivers/STM32F7xx_HAL_Driver/Inc/stm32f7xx_ll_usart.h:3060:22:LL_USART_EnableIT_TXE	40	static,ignoring_inline_asm
../Drivers/STM32F7xx_HAL_Driver/Inc/stm32f7xx_ll_usart.h:3213:22:LL_USART_DisableIT_TC	40	static,ignoring_inline_asm
../Drivers/STM32F7xx_HAL_Driver/Inc/stm32f7xx_ll_usart.h:3224:22:LL_USART_DisableIT_TXE	40	static,ignoring_inline_asm
../Drivers/STM32F7xx_HAL_Driver/Inc/stm32f7xx_ll_usart.h:3377:26:LL_USART_IsEnabledIT_TC	16	static
../Drivers/STM32F7xx_HAL_Driver/Inc/stm32f7xx_ll_usart.h:3388:26:LL_USART_IsEnabledIT_TXE	16	static
../Drivers/STM32F7xx_HAL_Driver/Inc/stm32f7xx_ll_usart.h:3681:22:LL_USART_TransmitData8	16	static
../Services/Logger/debug_logger.c:21:6:uart_ring_buffer_init	4	static
../Services/Logger/debug_logger.c:35:9:uart_ring_buffer_put	24	static,ignoring_inline_asm
../Services/Logger/debug_logger.c:67:9:uart_ring_buffer_get	16	static
../Services/Logger/debug_logger.c:84:9:uart_ring_buffer_is_empty	4	static
../Services/Logger/debug_logger.c:92:10:uart_ring_buffer_available	4	static
../Services/Logger/debug_logger.c:101:6:task_debug_logging	8	static
../Services/Logger/debug_logger.c:113:6:uart_transmit_IT_start	16	static
../Services/Logger/debug_logger.c:133:6:uart_IRQ_handler	16	static
../Services/Logger/debug_logger.c:169:6:uart_debug_init	8	static
