../Drivers/CMSIS/Include/core_cm4.h:1676:26:__NVIC_GetPriorityGrouping	4	static
../Drivers/CMSIS/Include/core_cm4.h:1688:22:__NVIC_EnableIRQ	16	static
../Drivers/CMSIS/Include/core_cm4.h:1816:22:__NVIC_SetPriority	16	static
../Drivers/CMSIS/Include/core_cm4.h:1863:26:NVIC_EncodePriority	40	static
../Drivers/STM32F4xx_HAL_Driver/Inc/stm32f4xx_ll_usart.h:410:22:LL_USART_Enable	16	static
../Drivers/STM32F4xx_HAL_Driver/Inc/stm32f4xx_ll_usart.h:1479:22:LL_USART_ConfigAsyncMode	16	static
../Drivers/STM32F4xx_HAL_Driver/Inc/stm32f4xx_ll_usart.h:1792:26:LL_USART_IsActiveFlag_RXNE	16	static
../Drivers/STM32F4xx_HAL_Driver/Inc/stm32f4xx_ll_usart.h:1803:26:LL_USART_IsActiveFlag_TC	16	static
../Drivers/STM32F4xx_HAL_Driver/Inc/stm32f4xx_ll_usart.h:1814:26:LL_USART_IsActiveFlag_TXE	16	static
../Drivers/STM32F4xx_HAL_Driver/Inc/stm32f4xx_ll_usart.h:2035:22:LL_USART_EnableIT_RXNE	40	static,ignoring_inline_asm
../Drivers/STM32F4xx_HAL_Driver/Inc/stm32f4xx_ll_usart.h:2403:25:LL_USART_ReceiveData8	16	static
../Drivers/STM32F4xx_HAL_Driver/Inc/stm32f4xx_ll_usart.h:2426:22:LL_USART_TransmitData8	16	static
../Drivers/STM32F4xx_HAL_Driver/Inc/stm32f4xx_ll_bus.h:409:22:LL_AHB1_GRP1_EnableClock	24	static
../Drivers/STM32F4xx_HAL_Driver/Inc/stm32f4xx_ll_bus.h:1704:22:LL_APB2_GRP1_EnableClock	24	static
D:/tmp/F405-CSPv1.6/DEV/libcsp/include/csp/csp.h:67:20:csp_conf_get_defaults	16	static
../Core/Src/main.c:106:12:csp_can_tx_frame	56	static
../Core/Src/main.c:129:6:csp_uart_tx_frame	32	static
../Core/Src/main.c:144:6:HAL_CAN_RxFifo0MsgPendingCallback	64	static,ignoring_inline_asm
../Core/Src/main.c:173:6:CSP_UART_IRQHandler	16	static,ignoring_inline_asm
../Core/Src/main.c:193:13:can_csp_init	8	static
../Core/Src/main.c:203:13:uart_csp_init	8	static
../Core/Src/main.c:229:5:main	8	static
../Core/Src/main.c:344:6:SystemClock_Config	88	static
../Core/Src/main.c:391:13:MX_CAN1_Init	48	static
../Core/Src/main.c:439:13:MX_USART6_UART_Init	64	static
../Core/Src/main.c:494:13:MX_GPIO_Init	48	static
../Core/Src/main.c:539:6:StartDefaultTask	16	static
../Core/Src/main.c:557:6:CANReceive	32	static
../Core/Src/main.c:612:6:CANSend	48	static
../Core/Src/main.c:659:6:HAL_TIM_PeriodElapsedCallback	16	static
../Core/Src/main.c:676:6:Error_Handler	4	static,ignoring_inline_asm
