../Services/Queuex/queuex.c:18:6:Queue_Init	24	static
../Services/Queuex/queuex.c:40:6:Queue_Push	16	static
../Services/Queuex/queuex.c:58:10:Queue_Push_Buffer	40	static
../Services/Queuex/queuex.c:98:6:Queue_Pop	16	static
../Services/Queuex/queuex.c:116:10:Queue_Pop_Buffer	40	static
../Services/Queuex/queuex.c:155:10:Queue_Peek	40	static
../Services/Queuex/queuex.c:177:10:Queue_Available	16	static
../Services/Queuex/queuex.c:194:10:Queue_Free_Space	24	static
../Services/Queuex/queuex.c:207:6:Queue_Is_Empty	16	static
../Services/Queuex/queuex.c:220:6:Queue_Is_Full	16	static
../Services/Queuex/queuex.c:232:6:Queue_Flush	16	static
../Services/Queuex/queuex.c:247:9:Queue_Find	32	static
../Services/Queuex/queuex.c:272:9:Queue_Find_Pattern	48	static
../Services/Queuex/queuex.c:302:10:Queue_Get_Header_Address	16	static
../Services/Queuex/queuex.c:311:10:Queue_Get_Header_Index	16	static
../Services/Queuex/queuex.c:320:10:Queue_Set_Header_Position	16	static
../Services/Queuex/queuex.c:330:10:Queue_Get_Tail_Address	16	static
../Services/Queuex/queuex.c:339:10:Queue_Get_Tail_Index	16	static
../Services/Queuex/queuex.c:348:10:Queue_Set_Tail_Position	16	static
../Services/Queuex/queuex.c:359:10:Queue_Get_Address_At_Index	16	static
