../Drivers/CMSIS/Include/core_cm4.h:1684:22:__NVIC_EnableIRQ	16	static,ignoring_inline_asm
../Drivers/CMSIS/Include/core_cm4.h:1814:22:__NVIC_SetPriority	16	static
../Drivers/STM32F4xx_HAL_Driver/Inc/stm32f4xx_ll_usart.h:1803:26:LL_USART_IsActiveFlag_TC	16	static
../Drivers/STM32F4xx_HAL_Driver/Inc/stm32f4xx_ll_usart.h:1814:26:LL_USART_IsActiveFlag_TXE	16	static
../Drivers/STM32F4xx_HAL_Driver/Inc/stm32f4xx_ll_usart.h:1968:22:LL_USART_ClearFlag_TC	16	static
../Drivers/STM32F4xx_HAL_Driver/Inc/stm32f4xx_ll_usart.h:2046:22:LL_USART_EnableIT_TC	40	static,ignoring_inline_asm
../Drivers/STM32F4xx_HAL_Driver/Inc/stm32f4xx_ll_usart.h:2057:22:LL_USART_EnableIT_TXE	40	static,ignoring_inline_asm
../Drivers/STM32F4xx_HAL_Driver/Inc/stm32f4xx_ll_usart.h:2142:22:LL_USART_DisableIT_TC	40	static,ignoring_inline_asm
../Drivers/STM32F4xx_HAL_Driver/Inc/stm32f4xx_ll_usart.h:2153:22:LL_USART_DisableIT_TXE	40	static,ignoring_inline_asm
../Drivers/STM32F4xx_HAL_Driver/Inc/stm32f4xx_ll_usart.h:2238:26:LL_USART_IsEnabledIT_TC	16	static
../Drivers/STM32F4xx_HAL_Driver/Inc/stm32f4xx_ll_usart.h:2249:26:LL_USART_IsEnabledIT_TXE	16	static
../Drivers/STM32F4xx_HAL_Driver/Inc/stm32f4xx_ll_usart.h:2426:22:LL_USART_TransmitData8	16	static
../Services/Logger/debug_logger.c:21:6:uart_ring_buffer_init	4	static
../Services/Logger/debug_logger.c:35:9:uart_ring_buffer_put	24	static,ignoring_inline_asm
../Services/Logger/debug_logger.c:67:9:uart_ring_buffer_get	16	static
../Services/Logger/debug_logger.c:84:9:uart_ring_buffer_is_empty	4	static
../Services/Logger/debug_logger.c:92:10:uart_ring_buffer_available	4	static
../Services/Logger/debug_logger.c:101:6:task_debug_logging	8	static
../Services/Logger/debug_logger.c:113:6:uart_transmit_IT_start	16	static
../Services/Logger/debug_logger.c:133:6:uart_IRQ_handler	16	static
../Services/Logger/debug_logger.c:169:6:uart_debug_init	8	static
