Archive member included to satisfy reference by file (symbol)

C:/ST/STM32CubeIDE_1.19.0/STM32CubeIDE/plugins/com.st.stm32cube.ide.mcu.externaltools.gnu-tools-for-stm32.13.3.rel1.win32_1.0.0.202411081344/tools/bin/../lib/gcc/arm-none-eabi/13.3.1/../../../../arm-none-eabi/lib/thumb/v7e-m+fp/hard\libc_nano.a(libc_a-exit.o)
                              C:/ST/STM32CubeIDE_1.19.0/STM32CubeIDE/plugins/com.st.stm32cube.ide.mcu.externaltools.gnu-tools-for-stm32.13.3.rel1.win32_1.0.0.202411081344/tools/bin/../lib/gcc/arm-none-eabi/13.3.1/../../../../arm-none-eabi/lib/thumb/v7e-m+fp/hard/crt0.o (exit)
C:/ST/STM32CubeIDE_1.19.0/STM32CubeIDE/plugins/com.st.stm32cube.ide.mcu.externaltools.gnu-tools-for-stm32.13.3.rel1.win32_1.0.0.202411081344/tools/bin/../lib/gcc/arm-none-eabi/13.3.1/../../../../arm-none-eabi/lib/thumb/v7e-m+fp/hard\libc_nano.a(libc_a-malloc.o)
                              ./CSP/src/csp_sfp.o (malloc)
C:/ST/STM32CubeIDE_1.19.0/STM32CubeIDE/plugins/com.st.stm32cube.ide.mcu.externaltools.gnu-tools-for-stm32.13.3.rel1.win32_1.0.0.202411081344/tools/bin/../lib/gcc/arm-none-eabi/13.3.1/../../../../arm-none-eabi/lib/thumb/v7e-m+fp/hard\libc_nano.a(libc_a-mallocr.o)
                              C:/ST/STM32CubeIDE_1.19.0/STM32CubeIDE/plugins/com.st.stm32cube.ide.mcu.externaltools.gnu-tools-for-stm32.13.3.rel1.win32_1.0.0.202411081344/tools/bin/../lib/gcc/arm-none-eabi/13.3.1/../../../../arm-none-eabi/lib/thumb/v7e-m+fp/hard\libc_nano.a(libc_a-malloc.o) (_malloc_r)
C:/ST/STM32CubeIDE_1.19.0/STM32CubeIDE/plugins/com.st.stm32cube.ide.mcu.externaltools.gnu-tools-for-stm32.13.3.rel1.win32_1.0.0.202411081344/tools/bin/../lib/gcc/arm-none-eabi/13.3.1/../../../../arm-none-eabi/lib/thumb/v7e-m+fp/hard\libc_nano.a(libc_a-mlock.o)
                              C:/ST/STM32CubeIDE_1.19.0/STM32CubeIDE/plugins/com.st.stm32cube.ide.mcu.externaltools.gnu-tools-for-stm32.13.3.rel1.win32_1.0.0.202411081344/tools/bin/../lib/gcc/arm-none-eabi/13.3.1/../../../../arm-none-eabi/lib/thumb/v7e-m+fp/hard\libc_nano.a(libc_a-mallocr.o) (__malloc_lock)
C:/ST/STM32CubeIDE_1.19.0/STM32CubeIDE/plugins/com.st.stm32cube.ide.mcu.externaltools.gnu-tools-for-stm32.13.3.rel1.win32_1.0.0.202411081344/tools/bin/../lib/gcc/arm-none-eabi/13.3.1/../../../../arm-none-eabi/lib/thumb/v7e-m+fp/hard\libc_nano.a(libc_a-nano-vfprintf_float.o)
                              (_printf_float)
C:/ST/STM32CubeIDE_1.19.0/STM32CubeIDE/plugins/com.st.stm32cube.ide.mcu.externaltools.gnu-tools-for-stm32.13.3.rel1.win32_1.0.0.202411081344/tools/bin/../lib/gcc/arm-none-eabi/13.3.1/../../../../arm-none-eabi/lib/thumb/v7e-m+fp/hard\libc_nano.a(libc_a-nano-vfprintf_i.o)
                              C:/ST/STM32CubeIDE_1.19.0/STM32CubeIDE/plugins/com.st.stm32cube.ide.mcu.externaltools.gnu-tools-for-stm32.13.3.rel1.win32_1.0.0.202411081344/tools/bin/../lib/gcc/arm-none-eabi/13.3.1/../../../../arm-none-eabi/lib/thumb/v7e-m+fp/hard\libc_nano.a(libc_a-nano-vfprintf_float.o) (_printf_common)
C:/ST/STM32CubeIDE_1.19.0/STM32CubeIDE/plugins/com.st.stm32cube.ide.mcu.externaltools.gnu-tools-for-stm32.13.3.rel1.win32_1.0.0.202411081344/tools/bin/../lib/gcc/arm-none-eabi/13.3.1/../../../../arm-none-eabi/lib/thumb/v7e-m+fp/hard\libc_nano.a(libc_a-nano-vfscanf_float.o)
                              (_scanf_float)
C:/ST/STM32CubeIDE_1.19.0/STM32CubeIDE/plugins/com.st.stm32cube.ide.mcu.externaltools.gnu-tools-for-stm32.13.3.rel1.win32_1.0.0.202411081344/tools/bin/../lib/gcc/arm-none-eabi/13.3.1/../../../../arm-none-eabi/lib/thumb/v7e-m+fp/hard\libc_nano.a(libc_a-findfp.o)
                              ./Middlewares/Third_Party/FreeRTOS/Source/tasks.o (__sf)
C:/ST/STM32CubeIDE_1.19.0/STM32CubeIDE/plugins/com.st.stm32cube.ide.mcu.externaltools.gnu-tools-for-stm32.13.3.rel1.win32_1.0.0.202411081344/tools/bin/../lib/gcc/arm-none-eabi/13.3.1/../../../../arm-none-eabi/lib/thumb/v7e-m+fp/hard\libc_nano.a(libc_a-fwalk.o)
                              C:/ST/STM32CubeIDE_1.19.0/STM32CubeIDE/plugins/com.st.stm32cube.ide.mcu.externaltools.gnu-tools-for-stm32.13.3.rel1.win32_1.0.0.202411081344/tools/bin/../lib/gcc/arm-none-eabi/13.3.1/../../../../arm-none-eabi/lib/thumb/v7e-m+fp/hard\libc_nano.a(libc_a-findfp.o) (_fwalk_sglue)
C:/ST/STM32CubeIDE_1.19.0/STM32CubeIDE/plugins/com.st.stm32cube.ide.mcu.externaltools.gnu-tools-for-stm32.13.3.rel1.win32_1.0.0.202411081344/tools/bin/../lib/gcc/arm-none-eabi/13.3.1/../../../../arm-none-eabi/lib/thumb/v7e-m+fp/hard\libc_nano.a(libc_a-sprintf.o)
                              ./Tests/test_csp.o (sprintf)
C:/ST/STM32CubeIDE_1.19.0/STM32CubeIDE/plugins/com.st.stm32cube.ide.mcu.externaltools.gnu-tools-for-stm32.13.3.rel1.win32_1.0.0.202411081344/tools/bin/../lib/gcc/arm-none-eabi/13.3.1/../../../../arm-none-eabi/lib/thumb/v7e-m+fp/hard\libc_nano.a(libc_a-stdio.o)
[...]
Memory Configuration

Name             Origin             Length             Attributes
CCMRAM           0x10000000         0x00010000         xrw
RAM              0x20000000         0x00020000         xrw
FLASH            0x08000000         0x00100000         xr
*default*        0x00000000         0xffffffff

Linker script and memory map

LOAD C:/ST/STM32CubeIDE_1.19.0/STM32CubeIDE/plugins/com.st.stm32cube.ide.mcu.externaltools.gnu-tools-for-stm32.13.3.rel1.win32_1.0.0.202411081344/tools/bin/../lib/gcc/arm-none-eabi/13.3.1/thumb/v7e-m+fp/hard/crti.o
LOAD C:/ST/STM32CubeIDE_1.19.0/STM32CubeIDE/plugins/com.st.stm32cube.ide.mcu.externaltools.gnu-tools-for-stm32.13.3.rel1.win32_1.0.0.202411081344/tools/bin/../lib/gcc/arm-none-eabi/13.3.1/thumb/v7e-m+fp/hard/crtbegin.o
LOAD C:/ST/STM32CubeIDE_1.19.0/STM32CubeIDE/plugins/com.st.stm32cube.ide.mcu.externaltools.gnu-tools-for-stm32.13.3.rel1.win32_1.0.0.202411081344/tools/bin/../lib/gcc/arm-none-eabi/13.3.1/../../../../arm-none-eabi/lib/thumb/v7e-m+fp/hard/crt0.o
LOAD ./CSP/can_stm32/can_stm32.o
LOAD ./CSP/src/arch/freertos/csp_clock.o
LOAD ./CSP/src/arch/freertos/csp_queue.o
LOAD ./CSP/src/arch/freertos/csp_semaphore.o
LOAD ./CSP/src/arch/freertos/csp_system.o
LOAD ./CSP/src/arch/freertos/csp_time.o
LOAD ./CSP/src/crypto/csp_hmac.o
LOAD ./CSP/src/crypto/csp_sha1.o
LOAD ./CSP/src/csp_bridge.o
LOAD ./CSP/src/csp_buffer.o
LOAD ./CSP/src/csp_conn.o
LOAD ./CSP/src/csp_crc32.o
LOAD ./CSP/src/csp_debug.o
LOAD ./CSP/src/csp_dedup.o
LOAD ./CSP/src/csp_endian.o
LOAD ./CSP/src/csp_hex_dump.o
LOAD ./CSP/src/csp_id.o
LOAD ./CSP/src/csp_iflist.o
LOAD ./CSP/src/csp_init.o
LOAD ./CSP/src/csp_io.o
LOAD ./CSP/src/csp_port.o
LOAD ./CSP/src/csp_promisc.o
LOAD ./CSP/src/csp_qfifo.o
LOAD ./CSP/src/csp_rdp.o
LOAD ./CSP/src/csp_rdp_queue.o
LOAD ./CSP/src/csp_route.o
LOAD ./CSP/src/csp_rtable_cidr.o
LOAD ./CSP/src/csp_service_handler.o
LOAD ./CSP/src/csp_services.o
LOAD ./CSP/src/csp_sfp.o
LOAD ./CSP/src/interfaces/csp_if_can.o
LOAD ./CSP/src/interfaces/csp_if_can_pbuf.o
LOAD ./CSP/src/interfaces/csp_if_lo.o
LOAD ./Core/Src/freertos.o
LOAD ./Core/Src/main.o
LOAD ./Core/Src/stm32f4xx_hal_msp.o
LOAD ./Core/Src/stm32f4xx_it.o
LOAD ./Core/Src/syscalls.o
LOAD ./Core/Src/sysmem.o
LOAD ./Core/Src/system_stm32f4xx.o
LOAD ./Core/Startup/startup_stm32f405rgtx.o
LOAD ./Drivers/STM32F4xx_HAL_Driver/Src/stm32f4xx_hal.o
LOAD ./Drivers/STM32F4xx_HAL_Driver/Src/stm32f4xx_hal_can.o
LOAD ./Drivers/STM32F4xx_HAL_Driver/Src/stm32f4xx_hal_cortex.o
LOAD ./Drivers/STM32F4xx_HAL_Driver/Src/stm32f4xx_hal_dma.o
LOAD ./Drivers/STM32F4xx_HAL_Driver/Src/stm32f4xx_hal_dma_ex.o
LOAD ./Drivers/STM32F4xx_HAL_Driver/Src/stm32f4xx_hal_exti.o
LOAD ./Drivers/STM32F4xx_HAL_Driver/Src/stm32f4xx_hal_flash.o
LOAD ./Drivers/STM32F4xx_HAL_Driver/Src/stm32f4xx_hal_flash_ex.o
LOAD ./Drivers/STM32F4xx_HAL_Driver/Src/stm32f4xx_hal_flash_ramfunc.o
LOAD ./Drivers/STM32F4xx_HAL_Driver/Src/stm32f4xx_hal_gpio.o
LOAD ./Drivers/STM32F4xx_HAL_Driver/Src/stm32f4xx_hal_pwr.o
LOAD ./Drivers/STM32F4xx_HAL_Driver/Src/stm32f4xx_hal_pwr_ex.o
LOAD ./Drivers/STM32F4xx_HAL_Driver/Src/stm32f4xx_hal_rcc.o
LOAD ./Drivers/STM32F4xx_HAL_Driver/Src/stm32f4xx_hal_rcc_ex.o
LOAD ./Drivers/STM32F4xx_HAL_Driver/Src/stm32f4xx_ll_dma.o
LOAD ./Drivers/STM32F4xx_HAL_Driver/Src/stm32f4xx_ll_exti.o
LOAD ./Drivers/STM32F4xx_HAL_Driver/Src/stm32f4xx_ll_gpio.o
LOAD ./Drivers/STM32F4xx_HAL_Driver/Src/stm32f4xx_ll_rcc.o
LOAD ./Drivers/STM32F4xx_HAL_Driver/Src/stm32f4xx_ll_usart.o
LOAD ./Drivers/STM32F4xx_HAL_Driver/Src/stm32f4xx_ll_utils.o
LOAD ./Middlewares/Third_Party/FreeRTOS/Source/CMSIS_RTOS_V2/cmsis_os2.o
LOAD ./Middlewares/Third_Party/FreeRTOS/Source/croutine.o
LOAD ./Middlewares/Third_Party/FreeRTOS/Source/event_groups.o
LOAD ./Middlewares/Third_Party/FreeRTOS/Source/list.o
LOAD ./Middlewares/Third_Party/FreeRTOS/Source/queue.o
LOAD ./Middlewares/Third_Party/FreeRTOS/Source/stream_buffer.o
LOAD ./Middlewares/Third_Party/FreeRTOS/Source/tasks.o
LOAD ./Middlewares/Third_Party/FreeRTOS/Source/timers.o
LOAD ./Middlewares/Third_Party/FreeRTOS/Source/portable/GCC/ARM_CM4F/port.o
LOAD ./Middlewares/Third_Party/FreeRTOS/Source/portable/MemMang/heap_4.o
LOAD ./Services/Logger/debug_logger.o
LOAD ./Tests/test_csp.o
START GROUP
LOAD C:/ST/STM32CubeIDE_1.19.0/STM32CubeIDE/plugins/com.st.stm32cube.ide.mcu.externaltools.gnu-tools-for-stm32.13.3.rel1.win32_1.0.0.202411081344/tools/bin/../lib/gcc/arm-none-eabi/13.3.1/../../../../arm-none-eabi/lib/thumb/v7e-m+fp/hard\libc_nano.a
LOAD C:/ST/STM32CubeIDE_1.19.0/STM32CubeIDE/plugins/com.st.stm32cube.ide.mcu.externaltools.gnu-tools-for-stm32.13.3.rel1.win32_1.0.0.202411081344/tools/bin/../lib/gcc/arm-none-eabi/13.3.1/../../../../arm-none-eabi/lib/thumb/v7e-m+fp/hard\libm.a
END GROUP
START GROUP
LOAD C:/ST/STM32CubeIDE_1.19.0/STM32CubeIDE/plugins/com.st.stm32cube.ide.mcu.externaltools.gnu-tools-for-stm32.13.3.rel1.win32_1.0.0.202411081344/tools/bin/../lib/gcc/arm-none-eabi/13.3.1/thumb/v7e-m+fp/hard\libgcc.a
LOAD C:/ST/STM32CubeIDE_1.19.0/STM32CubeIDE/plugins/com.st.stm32cube.ide.mcu.externaltools.gnu-tools-for-stm32.13.3.rel1.win32_1.0.0.202411081344/tools/bin/../lib/gcc/arm-none-eabi/13.3.1/../../../../arm-none-eabi/lib/thumb/v7e-m+fp/hard\libc_nano.a
END GROUP
START GROUP
LOAD C:/ST/STM32CubeIDE_1.19.0/STM32CubeIDE/plugins/com.st.stm32cube.ide.mcu.externaltools.gnu-tools-for-stm32.13.3.rel1.win32_1.0.0.202411081344/tools/bin/../lib/gcc/arm-none-eabi/13.3.1/thumb/v7e-m+fp/hard\libgcc.a
LOAD C:/ST/STM32CubeIDE_1.19.0/STM32CubeIDE/plugins/com.st.stm32cube.ide.mcu.externaltools.gnu-tools-for-stm32.13.3.rel1.win32_1.0.0.202411081344/tools/bin/../lib/gcc/arm-none-eabi/13.3.1/../../../../arm-none-eabi/lib/thumb/v7e-m+fp/hard\libc_nano.a
LOAD C:/ST/STM32CubeIDE_1.19.0/STM32CubeIDE/plugins/com.st.stm32cube.ide.mcu.externaltools.gnu-tools-for-stm32.13.3.rel1.win32_1.0.0.202411081344/tools/bin/../lib/gcc/arm-none-eabi/13.3.1/../../../../arm-none-eabi/lib/thumb/v7e-m+fp/hard\libnosys.a
END GROUP
START GROUP
LOAD C:/ST/STM32CubeIDE_1.19.0/STM32CubeIDE/plugins/com.st.stm32cube.ide.mcu.externaltools.gnu-tools-for-stm32.13.3.rel1.win32_1.0.0.202411081344/tools/bin/../lib/gcc/arm-none-eabi/13.3.1/thumb/v7e-m+fp/hard\libgcc.a
LOAD C:/ST/STM32CubeIDE_1.19.0/STM32CubeIDE/plugins/com.st.stm32cube.ide.mcu.externaltools.gnu-tools-for-stm32.13.3.rel1.win32_1.0.0.202411081344/tools/bin/../lib/gcc/arm-none-eabi/13.3.1/../../../../arm-none-eabi/lib/thumb/v7e-m+fp/hard\libc_nano.a
LOAD C:/ST/STM32CubeIDE_1.19.0/STM32CubeIDE/plugins/com.st.stm32cube.ide.mcu.externaltools.gnu-tools-for-stm32.13.3.rel1.win32_1.0.0.202411081344/tools/bin/../lib/gcc/arm-none-eabi/13.3.1/../../../../arm-none-eabi/lib/thumb/v7e-m+fp/hard\libnosys.a
END GROUP
LOAD C:/ST/STM32CubeIDE_1.19.0/STM32CubeIDE/plugins/com.st.stm32cube.ide.mcu.externaltools.gnu-tools-for-stm32.13.3.rel1.win32_1.0.0.202411081344/tools/bin/../lib/gcc/arm-none-eabi/13.3.1/thumb/v7e-m+fp/hard/crtend.o
LOAD C:/ST/STM32CubeIDE_1.19.0/STM32CubeIDE/plugins/com.st.stm32cube.ide.mcu.externaltools.gnu-tools-for-stm32.13.3.rel1.win32_1.0.0.202411081344/tools/bin/../lib/gcc/arm-none-eabi/13.3.1/thumb/v7e-m+fp/hard/crtn.o
                0x20020000                        _estack = (ORIGIN (RAM) + LENGTH (RAM))
                0x00000200                        _Min_Heap_Size = 0x200
                0x00000400                        _Min_Stack_Size = 0x400

.isr_vector     0x08000000      0x188
                0x08000000                        . = ALIGN (0x4)
 *(.isr_vector)
 .isr_vector    0x08000000      0x188 ./Core/Startup/startup_stm32f405rgtx.o
                0x08000000                g_pfnVectors
                0x08000188                        . = ALIGN (0x4)

.text           0x08000190     0xe2cc
                0x08000190                        . = ALIGN (0x4)
 *(.text)
 .text          0x08000190       0x40 C:/ST/STM32CubeIDE_1.19.0/STM32CubeIDE/plugins/com.st.stm32cube.ide.mcu.externaltools.gnu-tools-for-stm32.13.3.rel1.win32_1.0.0.202411081344/tools/bin/../lib/gcc/arm-none-eabi/13.3.1/thumb/v7e-m+fp/hard/crtbegin.o
 .text          0x080001d0       0xa0 C:/ST/STM32CubeIDE_1.19.0/STM32CubeIDE/plugins/com.st.stm32cube.ide.mcu.externaltools.gnu-tools-for-stm32.13.3.rel1.win32_1.0.0.202411081344/tools/bin/../lib/gcc/arm-none-eabi/13.3.1/../../../../arm-none-eabi/lib/thumb/v7e-m+fp/hard\libc_nano.a(libc_a-memchr.o)
                0x080001d0                memchr
 .text          0x08000270       0x10 C:/ST/STM32CubeIDE_1.19.0/STM32CubeIDE/plugins/com.st.stm32cube.ide.mcu.externaltools.gnu-tools-for-stm32.13.3.rel1.win32_1.0.0.202411081344/tools/bin/../lib/gcc/arm-none-eabi/13.3.1/../../../../arm-none-eabi/lib/thumb/v7e-m+fp/hard\libc_nano.a(libc_a-strlen.o)
                0x08000270                strlen
 .text          0x08000280      0x378 C:/ST/STM32CubeIDE_1.19.0/STM32CubeIDE/plugins/com.st.stm32cube.ide.mcu.externaltools.gnu-tools-for-stm32.13.3.rel1.win32_1.0.0.202411081344/tools/bin/../lib/gcc/arm-none-eabi/13.3.1/thumb/v7e-m+fp/hard\libgcc.a(_arm_addsubdf3.o)
                0x08000280                __aeabi_drsub
                0x08000288                __aeabi_dsub
                0x08000288                __subdf3
                0x0800028c                __aeabi_dadd
                0x0800028c                __adddf3
                0x08000504                __floatunsidf
                0x08000504                __aeabi_ui2d
                0x08000524                __floatsidf
                0x08000524                __aeabi_i2d
                0x08000548                __aeabi_f2d
                0x08000548                __extendsfdf2
                0x0800058c                __floatundidf
                0x0800058c                __aeabi_ul2d
                0x0800059c                __floatdidf
                0x0800059c                __aeabi_l2d
 .text          0x080005f8      0x424 C:/ST/STM32CubeIDE_1.19.0/STM32CubeIDE/plugins/com.st.stm32cube.ide.mcu.externaltools.gnu-tools-for-stm32.13.3.rel1.win32_1.0.0.202411081344/tools/bin/../lib/gcc/arm-none-eabi/13.3.1/thumb/v7e-m+fp/hard\libgcc.a(_arm_muldivdf3.o)
                0x080005f8                __aeabi_dmul
                0x080005f8                __muldf3
                0x0800084c                __divdf3
                0x0800084c                __aeabi_ddiv
 .text          0x08000a1c      0x110 C:/ST/STM32CubeIDE_1.19.0/STM32CubeIDE/plugins/com.st.stm32cube.ide.mcu.externaltools.gnu-tools-for-stm32.13.3.rel1.win32_1.0.0.202411081344/tools/bin/../lib/gcc/arm-none-eabi/13.3.1/thumb/v7e-m+fp/hard\libgcc.a(_arm_cmpdf2.o)
                0x08000a1c                __gtdf2
                0x08000a1c                __gedf2
                0x08000a24                __ltdf2
                0x08000a24                __ledf2
                0x08000a2c                __nedf2
                0x08000a2c                __eqdf2
                0x08000a2c                __cmpdf2
                0x08000aa8                __aeabi_cdrcmple
                0x08000ab8                __aeabi_cdcmpeq
                0x08000ab8                __aeabi_cdcmple
                0x08000ac8                __aeabi_dcmpeq
                0x08000adc                __aeabi_dcmplt
                0x08000af0                __aeabi_dcmple
                0x08000b04                __aeabi_dcmpge
                0x08000b18                __aeabi_dcmpgt
 .text          0x08000b2c       0x2c C:/ST/STM32CubeIDE_1.19.0/STM32CubeIDE/plugins/com.st.stm32cube.ide.mcu.externaltools.gnu-tools-for-stm32.13.3.rel1.win32_1.0.0.202411081344/tools/bin/../lib/gcc/arm-none-eabi/13.3.1/thumb/v7e-m+fp/hard\libgcc.a(_arm_unorddf2.o)
                0x08000b2c                __unorddf2
                0x08000b2c                __aeabi_dcmpun
 .text          0x08000b58       0x50 C:/ST/STM32CubeIDE_1.19.0/STM32CubeIDE/plugins/com.st.stm32cube.ide.mcu.externaltools.gnu-tools-for-stm32.13.3.rel1.win32_1.0.0.202411081344/tools/bin/../lib/gcc/arm-none-eabi/13.3.1/thumb/v7e-m+fp/hard\libgcc.a(_arm_fixdfsi.o)
                0x08000b58                __aeabi_d2iz
                0x08000b58                __fixdfsi
 .text          0x08000ba8       0x40 C:/ST/STM32CubeIDE_1.19.0/STM32CubeIDE/plugins/com.st.stm32cube.ide.mcu.externaltools.gnu-tools-for-stm32.13.3.rel1.win32_1.0.0.202411081344/tools/bin/../lib/gcc/arm-none-eabi/13.3.1/thumb/v7e-m+fp/hard\libgcc.a(_arm_fixunsdfsi.o)
                0x08000ba8                __aeabi_d2uiz
                0x08000ba8                __fixunsdfsi
 .text          0x08000be8       0xa0 C:/ST/STM32CubeIDE_1.19.0/STM32CubeIDE/plugins/com.st.stm32cube.ide.mcu.externaltools.gnu-tools-for-stm32.13.3.rel1.win32_1.0.0.202411081344/tools/bin/../lib/gcc/arm-none-eabi/13.3.1/thumb/v7e-m+fp/hard\libgcc.a(_arm_truncdfsf2.o)
                0x08000be8                __truncdfsf2
                0x08000be8                __aeabi_d2f
 .text          0x08000c88       0x30 C:/ST/STM32CubeIDE_1.19.0/STM32CubeIDE/plugins/com.st.stm32cube.ide.mcu.externaltools.gnu-tools-for-stm32.13.3.rel1.win32_1.0.0.202411081344/tools/bin/../lib/gcc/arm-none-eabi/13.3.1/thumb/v7e-m+fp/hard\libgcc.a(_aeabi_uldivmod.o)
                0x08000c88                __aeabi_uldivmod
 .text          0x08000cb8       0x30 C:/ST/STM32CubeIDE_1.19.0/STM32CubeIDE/plugins/com.st.stm32cube.ide.mcu.externaltools.gnu-tools-for-stm32.13.3.rel1.win32_1.0.0.202411081344/tools/bin/../lib/gcc/arm-none-eabi/13.3.1/thumb/v7e-m+fp/hard\libgcc.a(_fixdfdi.o)
                0x08000cb8                __fixdfdi
                0x08000cb8                __aeabi_d2lz
 .text          0x08000ce8       0x3c C:/ST/STM32CubeIDE_1.19.0/STM32CubeIDE/plugins/com.st.stm32cube.ide.mcu.externaltools.gnu-tools-for-stm32.13.3.rel1.win32_1.0.0.202411081344/tools/bin/../lib/gcc/arm-none-eabi/13.3.1/thumb/v7e-m+fp/hard\libgcc.a(_fixunsdfdi.o)
                0x08000ce8                __fixunsdfdi
                0x08000ce8                __aeabi_d2ulz
 .text          0x08000d24      0x2f8 C:/ST/STM32CubeIDE_1.19.0/STM32CubeIDE/plugins/com.st.stm32cube.ide.mcu.externaltools.gnu-tools-for-stm32.13.3.rel1.win32_1.0.0.202411081344/tools/bin/../lib/gcc/arm-none-eabi/13.3.1/thumb/v7e-m+fp/hard\libgcc.a(_udivmoddi4.o)
                0x08000d24                __udivmoddi4
 .text          0x0800101c        0x4 C:/ST/STM32CubeIDE_1.19.0/STM32CubeIDE/plugins/com.st.stm32cube.ide.mcu.externaltools.gnu-tools-for-stm32.13.3.rel1.win32_1.0.0.202411081344/tools/bin/../lib/gcc/arm-none-eabi/13.3.1/thumb/v7e-m+fp/hard\libgcc.a(_dvmd_tls.o)
                0x0800101c                __aeabi_idiv0
                0x0800101c                __aeabi_ldiv0
 *(.text*)
 .text.csp_clock_get_time
                0x08001020       0x20 ./CSP/src/arch/freertos/csp_clock.o
                0x08001020                csp_clock_get_time
 .text.csp_clock_set_time
                0x08001040       0x18 ./CSP/src/arch/freertos/csp_clock.o
                0x08001040                csp_clock_set_time
 .text.csp_queue_create_static
                0x08001058       0x28 ./CSP/src/arch/freertos/csp_queue.o
                0x08001058                csp_queue_create_static
 .text.csp_queue_enqueue
                0x08001080       0x34 ./CSP/src/arch/freertos/csp_queue.o
                0x08001080                csp_queue_enqueue
 .text.csp_queue_enqueue_isr
                0x080010b4       0x2e ./CSP/src/arch/freertos/csp_queue.o
                0x080010b4                csp_queue_enqueue_isr
 .text.csp_queue_dequeue
                0x080010e2       0x32 ./CSP/src/arch/freertos/csp_queue.o
                0x080010e2                csp_queue_dequeue
 .text.csp_queue_size
                0x08001114       0x18 ./CSP/src/arch/freertos/csp_queue.o
                0x08001114                csp_queue_size
 .text.csp_memfree_hook
                0x0800112c        0xe ./CSP/src/arch/freertos/csp_system.o
                0x0800112c                csp_memfree_hook
 .text.csp_ps_hook
                0x0800113a       0x16 ./CSP/src/arch/freertos/csp_system.o
                0x0800113a                csp_ps_hook
 .text.csp_get_ms
                0x08001150        0xe ./CSP/src/arch/freertos/csp_time.o
                0x08001150                csp_get_ms
 *fill*         0x0800115e        0x2 
 .text.csp_get_s
                0x08001160       0x1c ./CSP/src/arch/freertos/csp_time.o
                0x08001160                csp_get_s
 .text.csp_input_hook
                0x0800117c       0x68 ./CSP/src/csp_bridge.o
                0x0800117c                csp_input_hook
 .text.csp_buffer_init
                0x080011e4       0x68 ./CSP/src/csp_buffer.o
                0x080011e4                csp_buffer_init
 .text.csp_buffer_get
                0x0800124c       0x78 ./CSP/src/csp_buffer.o
                0x0800124c                csp_buffer_get
 .text.csp_buffer_free_isr
                0x080012c4       0x88 ./CSP/src/csp_buffer.o
                0x080012c4                csp_buffer_free_isr
 .text.csp_buffer_free
                0x0800134c       0x80 ./CSP/src/csp_buffer.o
                0x0800134c                csp_buffer_free
 .text.csp_buffer_clone
                0x080013cc       0x42 ./CSP/src/csp_buffer.o
                0x080013cc                csp_buffer_clone
 *fill*         0x0800140e        0x2 
 .text.csp_buffer_remaining
                0x08001410       0x18 ./CSP/src/csp_buffer.o
                0x08001410                csp_buffer_remaining
 .text.csp_buffer_size
                0x08001428       0x12 ./CSP/src/csp_buffer.o
                0x08001428                csp_buffer_size
 .text.csp_buffer_data_size
                0x0800143a       0x12 ./CSP/src/csp_buffer.o
                0x0800143a                csp_buffer_data_size
 .text.csp_conn_enqueue_packet
                0x0800144c       0x4c ./CSP/src/csp_conn.o
                0x0800144c                csp_conn_enqueue_packet
 .text.csp_conn_init
                0x08001498       0x74 ./CSP/src/csp_conn.o
                0x08001498                csp_conn_init
 .text.csp_conn_find_existing
                0x0800150c       0xa0 ./CSP/src/csp_conn.o
                0x0800150c                csp_conn_find_existing
 .text.csp_conn_flush_rx_queue
                0x080015ac       0x38 ./CSP/src/csp_conn.o
 .text.csp_conn_allocate
                0x080015e4       0xf4 ./CSP/src/csp_conn.o
                0x080015e4                csp_conn_allocate
 .text.csp_conn_new
                0x080016d8       0x5c ./CSP/src/csp_conn.o
                0x080016d8                csp_conn_new
 .text.csp_close
                0x08001734       0x1a ./CSP/src/csp_conn.o
                0x08001734                csp_close
 *fill*         0x0800174e        0x2 
 .text.csp_conn_close
                0x08001750       0x60 ./CSP/src/csp_conn.o
                0x08001750                csp_conn_close
 .text.csp_connect
                0x080017b0      0x144 ./CSP/src/csp_conn.o
                0x080017b0                csp_connect
 .text.csp_conn_dport
                0x080018f4       0x18 ./CSP/src/csp_conn.o
                0x080018f4                csp_conn_dport
 .text.csp_crc32_memory
                0x0800190c       0x50 ./CSP/src/csp_crc32.o
                0x0800190c                csp_crc32_memory
 .text.csp_crc32_append
                0x0800195c       0x66 ./CSP/src/csp_crc32.o
                0x0800195c                csp_crc32_append
 .text.csp_crc32_verify
                0x080019c2       0xba ./CSP/src/csp_crc32.o
                0x080019c2                csp_crc32_verify
 .text.csp_print_func
                0x08001a7c       0x12 ./CSP/src/csp_debug.o
                0x08001a7c                csp_print_func
 *fill*         0x08001a8e        0x2 
 .text.csp_dedup_is_duplicate
                0x08001a90       0xa0 ./CSP/src/csp_dedup.o
                0x08001a90                csp_dedup_is_duplicate
 .text.csp_hton16
                0x08001b30       0x2c ./CSP/src/csp_endian.o
                0x08001b30                csp_hton16
 .text.csp_ntoh16
                0x08001b5c       0x1c ./CSP/src/csp_endian.o
                0x08001b5c                csp_ntoh16
 .text.csp_hton32
                0x08001b78       0x32 ./CSP/src/csp_endian.o
                0x08001b78                csp_hton32
 .text.csp_ntoh32
                0x08001baa       0x18 ./CSP/src/csp_endian.o
                0x08001baa                csp_ntoh32
 .text.csp_hton64
                0x08001bc2      0x174 ./CSP/src/csp_endian.o
                0x08001bc2                csp_hton64
 .text.csp_htobe16
                0x08001d36       0x1c ./CSP/src/csp_endian.o
                0x08001d36                csp_htobe16
 .text.csp_betoh16
                0x08001d52       0x1c ./CSP/src/csp_endian.o
                0x08001d52                csp_betoh16
 .text.csp_htobe32
                0x08001d6e       0x18 ./CSP/src/csp_endian.o
                0x08001d6e                csp_htobe32
 .text.csp_betoh32
                0x08001d86       0x18 ./CSP/src/csp_endian.o
                0x08001d86                csp_betoh32
 .text.csp_htobe64
                0x08001d9e       0x20 ./CSP/src/csp_endian.o
                0x08001d9e                csp_htobe64
 .text.csp_id1_prepend
                0x08001dbe       0x68 ./CSP/src/csp_id.o
                0x08001dbe                csp_id1_prepend
 .text.csp_id2_prepend
                0x08001e26      0x12c ./CSP/src/csp_id.o
                0x08001e26                csp_id2_prepend
 *fill*         0x08001f52        0x2 
 .text.csp_id_prepend
                0x08001f54       0x2c ./CSP/src/csp_id.o
                0x08001f54                csp_id_prepend
 .text.csp_id_get_host_bits
                0x08001f80       0x20 ./CSP/src/csp_id.o
                0x08001f80                csp_id_get_host_bits
 .text.csp_id_is_broadcast
                0x08001fa0       0x42 ./CSP/src/csp_id.o
                0x08001fa0                csp_id_is_broadcast
 *fill*         0x08001fe2        0x2 
 .text.csp_iflist_get_by_subnet
                0x08001fe4       0x78 ./CSP/src/csp_iflist.o
                0x08001fe4                csp_iflist_get_by_subnet
 .text.csp_iflist_get_by_name
                0x0800205c       0x44 ./CSP/src/csp_iflist.o
                0x0800205c                csp_iflist_get_by_name
 .text.csp_iflist_add
                0x080020a0       0x74 ./CSP/src/csp_iflist.o
                0x080020a0                csp_iflist_add
 .text.csp_init
                0x08002114       0x14 ./CSP/src/csp_init.o
                0x08002114                csp_init
 .text.csp_accept
                0x08002128       0x4c ./CSP/src/csp_io.o
                0x08002128                csp_accept
 .text.csp_read
                0x08002174       0x52 ./CSP/src/csp_io.o
                0x08002174                csp_read
 .text.csp_id_copy
                0x080021c6       0x4a ./CSP/src/csp_io.o
                0x080021c6                csp_id_copy
 .text.csp_send_direct
                0x08002210       0x9c ./CSP/src/csp_io.o
                0x08002210                csp_send_direct
 .text.csp_output_hook
                0x080022ac       0x7c ./CSP/src/csp_io.o
                0x080022ac                csp_output_hook
 .text.csp_send_direct_iface
                0x08002328      0x100 ./CSP/src/csp_io.o
                0x08002328                csp_send_direct_iface
 .text.csp_send
                0x08002428       0x58 ./CSP/src/csp_io.o
                0x08002428                csp_send
 .text.csp_transaction_persistent
                0x08002480       0xcc ./CSP/src/csp_io.o
                0x08002480                csp_transaction_persistent
 .text.csp_transaction_w_opts
                0x0800254c       0x56 ./CSP/src/csp_io.o
                0x0800254c                csp_transaction_w_opts
 *fill*         0x080025a2        0x2 
 .text.csp_sendto
                0x080025a4       0xc4 ./CSP/src/csp_io.o
                0x080025a4                csp_sendto
 .text.csp_sendto_reply
                0x08002668       0x4c ./CSP/src/csp_io.o
                0x08002668                csp_sendto_reply
 .text.csp_port_get_callback
                0x080026b4       0x60 ./CSP/src/csp_port.o
                0x080026b4                csp_port_get_callback
 .text.csp_port_get_socket
                0x08002714       0x60 ./CSP/src/csp_port.o
                0x08002714                csp_port_get_socket
 .text.csp_listen
                0x08002774       0x2c ./CSP/src/csp_port.o
                0x08002774                csp_listen
 .text.csp_bind
                0x080027a0       0x7c ./CSP/src/csp_port.o
                0x080027a0                csp_bind
 .text.csp_promisc_add
                0x0800281c       0x68 ./CSP/src/csp_promisc.o
                0x0800281c                csp_promisc_add
 .text.csp_qfifo_init
                0x08002884       0x28 ./CSP/src/csp_qfifo.o
                0x08002884                csp_qfifo_init
 .text.csp_qfifo_read
                0x080028ac       0x34 ./CSP/src/csp_qfifo.o
                0x080028ac                csp_qfifo_read
 .text.csp_qfifo_write
                0x080028e0       0xb4 ./CSP/src/csp_qfifo.o
                0x080028e0                csp_qfifo_write
 .text.csp_route_check_options
                0x08002994       0x60 ./CSP/src/csp_route.o
 .text.csp_route_security_check
                0x080029f4       0x58 ./CSP/src/csp_route.o
 .text.csp_route_work
                0x08002a4c      0x354 ./CSP/src/csp_route.o
                0x08002a4c                csp_route_work
 .text.csp_rtable_find_exact
                0x08002da0       0x7c ./CSP/src/csp_rtable_cidr.o
 .text.csp_rtable_find_route
                0x08002e1c       0xd4 ./CSP/src/csp_rtable_cidr.o
                0x08002e1c                csp_rtable_find_route
 .text.csp_rtable_set_internal
                0x08002ef0       0x7c ./CSP/src/csp_rtable_cidr.o
                0x08002ef0                csp_rtable_set_internal
 .text.csp_rtable_set
                0x08002f6c       0x6c ./CSP/src/csp_rtable_cidr.o
                0x08002f6c                csp_rtable_set
 .text.do_cmp_ident
                0x08002fd8       0x9c ./CSP/src/csp_service_handler.o
 .text.do_cmp_route_set_v1
                0x08003074       0x50 ./CSP/src/csp_service_handler.o
 .text.do_cmp_route_set_v2
                0x080030c4       0x6e ./CSP/src/csp_service_handler.o
 .text.do_cmp_if_stats
                0x08003132       0xde ./CSP/src/csp_service_handler.o
 .text.do_cmp_peek
                0x08003210       0x50 ./CSP/src/csp_service_handler.o
 .text.do_cmp_poke
                0x08003260       0x50 ./CSP/src/csp_service_handler.o
 .text.do_cmp_clock
                0x080032b0       0x84 ./CSP/src/csp_service_handler.o
 .text.csp_cmp_handler
                0x08003334       0xc4 ./CSP/src/csp_service_handler.o
 .text.csp_service_handler
                0x080033f8      0x128 ./CSP/src/csp_service_handler.o
                0x080033f8                csp_service_handler
 .text.csp_can1_tx
                0x08003520      0x1cc ./CSP/src/interfaces/csp_if_can.o
                0x08003520                csp_can1_tx
 .text.csp_can2_tx
                0x080036ec      0x218 ./CSP/src/interfaces/csp_if_can.o
                0x080036ec                csp_can2_tx
 .text.csp_can_add_interface
                0x08003904       0x80 ./CSP/src/interfaces/csp_if_can.o
                0x08003904                csp_can_add_interface
 .text.csp_lo_tx
                0x08003984       0x28 ./CSP/src/interfaces/csp_if_lo.o
 .text.__NVIC_GetPriorityGrouping
                0x080039ac       0x1c ./Core/Src/main.o
 .text.__NVIC_EnableIRQ
                0x080039c8       0x3c ./Core/Src/main.o
 .text.__NVIC_SetPriority
                0x08003a04       0x54 ./Core/Src/main.o
 .text.NVIC_EncodePriority
                0x08003a58       0x66 ./Core/Src/main.o
 .text.LL_USART_Enable
                0x08003abe       0x20 ./Core/Src/main.o
 .text.LL_USART_ConfigAsyncMode
                0x08003ade       0x2c ./Core/Src/main.o
 *fill*         0x08003b0a        0x2 
 .text.LL_AHB1_GRP1_EnableClock
                0x08003b0c       0x30 ./Core/Src/main.o
 .text.LL_APB2_GRP1_EnableClock
                0x08003b3c       0x30 ./Core/Src/main.o
 .text.vApplicationStackOverflowHook
                0x08003b6c       0x10 ./Core/Src/main.o
                0x08003b6c                vApplicationStackOverflowHook
 .text.Debuglogging
                0x08003b7c       0x16 ./Core/Src/main.o
                0x08003b7c                Debuglogging
 *fill*         0x08003b92        0x2 
 .text.main     0x08003b94      0x100 ./Core/Src/main.o
                0x08003b94                main
 .text.SystemClock_Config
                0x08003c94       0xd0 ./Core/Src/main.o
                0x08003c94                SystemClock_Config
 .text.MX_CAN1_Init
                0x08003d64       0xa4 ./Core/Src/main.o
 .text.MX_USART6_UART_Init
                0x08003e08       0xc0 ./Core/Src/main.o
 .text.MX_GPIO_Init
                0x08003ec8       0xa0 ./Core/Src/main.o
 .text.StartDefaultTask
                0x08003f68       0x20 ./Core/Src/main.o
                0x08003f68                StartDefaultTask
 .text.Error_Handler
                0x08003f88        0xc ./Core/Src/main.o
                0x08003f88                Error_Handler
 .text.HAL_MspInit
                0x08003f94       0x58 ./Core/Src/stm32f4xx_hal_msp.o
                0x08003f94                HAL_MspInit
 .text.HAL_CAN_MspInit
                0x08003fec       0xa0 ./Core/Src/stm32f4xx_hal_msp.o
                0x08003fec                HAL_CAN_MspInit
 .text.NMI_Handler
                0x0800408c        0x8 ./Core/Src/stm32f4xx_it.o
                0x0800408c                NMI_Handler
 .text.HardFault_Handler
                0x08004094        0x8 ./Core/Src/stm32f4xx_it.o
                0x08004094                HardFault_Handler
 .text.MemManage_Handler
                0x0800409c        0x8 ./Core/Src/stm32f4xx_it.o
                0x0800409c                MemManage_Handler
 .text.BusFault_Handler
                0x080040a4        0x8 ./Core/Src/stm32f4xx_it.o
                0x080040a4                BusFault_Handler
 .text.UsageFault_Handler
                0x080040ac        0x8 ./Core/Src/stm32f4xx_it.o
                0x080040ac                UsageFault_Handler
 .text.DebugMon_Handler
                0x080040b4        0xe ./Core/Src/stm32f4xx_it.o
                0x080040b4                DebugMon_Handler
 .text.SysTick_Handler
                0x080040c2       0x1a ./Core/Src/stm32f4xx_it.o
                0x080040c2                SysTick_Handler
 .text.CAN1_RX0_IRQHandler
                0x080040dc       0x14 ./Core/Src/stm32f4xx_it.o
                0x080040dc                CAN1_RX0_IRQHandler
 .text.USART6_IRQHandler
                0x080040f0        0xc ./Core/Src/stm32f4xx_it.o
                0x080040f0                USART6_IRQHandler
 .text._getpid  0x080040fc       0x10 ./Core/Src/syscalls.o
                0x080040fc                _getpid
 .text._kill    0x0800410c       0x20 ./Core/Src/syscalls.o
                0x0800410c                _kill
 .text._exit    0x0800412c       0x16 ./Core/Src/syscalls.o
                0x0800412c                _exit
 .text._read    0x08004142       0x3a ./Core/Src/syscalls.o
                0x08004142                _read
 .text._write   0x0800417c       0x38 ./Core/Src/syscalls.o
                0x0800417c                _write
 .text._close   0x080041b4       0x18 ./Core/Src/syscalls.o
                0x080041b4                _close
 .text._fstat   0x080041cc       0x20 ./Core/Src/syscalls.o
                0x080041cc                _fstat
 .text._isatty  0x080041ec       0x16 ./Core/Src/syscalls.o
                0x080041ec                _isatty
 .text._lseek   0x08004202       0x1a ./Core/Src/syscalls.o
                0x08004202                _lseek
 .text._sbrk    0x0800421c       0x6c ./Core/Src/sysmem.o
                0x0800421c                _sbrk
 .text.SystemInit
                0x08004288       0x24 ./Core/Src/system_stm32f4xx.o
                0x08004288                SystemInit
 .text.Reset_Handler
                0x080042ac       0x50 ./Core/Startup/startup_stm32f405rgtx.o
                0x080042ac                Reset_Handler
 .text.Default_Handler
                0x080042fc        0x2 ./Core/Startup/startup_stm32f405rgtx.o
                0x080042fc                RTC_Alarm_IRQHandler
                0x080042fc                HASH_RNG_IRQHandler
                0x080042fc                EXTI2_IRQHandler
                0x080042fc                TIM8_CC_IRQHandler
                0x080042fc                TIM1_CC_IRQHandler
                0x080042fc                DMA2_Stream5_IRQHandler
                0x080042fc                DMA1_Stream5_IRQHandler
                0x080042fc                PVD_IRQHandler
                0x080042fc                SDIO_IRQHandler
                0x080042fc                TAMP_STAMP_IRQHandler
                0x080042fc                CAN2_RX1_IRQHandler
                0x080042fc                EXTI3_IRQHandler
                0x080042fc                TIM8_TRG_COM_TIM14_IRQHandler
                0x080042fc                TIM1_UP_TIM10_IRQHandler
                0x080042fc                TIM8_UP_TIM13_IRQHandler
                0x080042fc                I2C3_ER_IRQHandler
                0x080042fc                EXTI0_IRQHandler
                0x080042fc                I2C2_EV_IRQHandler
                0x080042fc                DMA1_Stream2_IRQHandler
                0x080042fc                FPU_IRQHandler
                0x080042fc                OTG_HS_WKUP_IRQHandler
                0x080042fc                CAN2_SCE_IRQHandler
                0x080042fc                DMA2_Stream2_IRQHandler
                0x080042fc                SPI1_IRQHandler
                0x080042fc                TIM6_DAC_IRQHandler
                0x080042fc                TIM1_BRK_TIM9_IRQHandler
                0x080042fc                CAN2_RX0_IRQHandler
                0x080042fc                DMA2_Stream3_IRQHandler
                0x080042fc                USART3_IRQHandler
                0x080042fc                CAN1_RX1_IRQHandler
                0x080042fc                UART5_IRQHandler
                0x080042fc                DMA2_Stream0_IRQHandler
                0x080042fc                TIM4_IRQHandler
                0x080042fc                I2C1_EV_IRQHandler
                0x080042fc                DMA1_Stream6_IRQHandler
                0x080042fc                DMA1_Stream1_IRQHandler
                0x080042fc                UART4_IRQHandler
                0x080042fc                TIM3_IRQHandler
                0x080042fc                RCC_IRQHandler
                0x080042fc                TIM8_BRK_TIM12_IRQHandler
                0x080042fc                Default_Handler
                0x080042fc                EXTI15_10_IRQHandler
                0x080042fc                ADC_IRQHandler
                0x080042fc                DMA1_Stream7_IRQHandler
                0x080042fc                TIM7_IRQHandler
                0x080042fc                CAN2_TX_IRQHandler
                0x080042fc                TIM5_IRQHandler
                0x080042fc                DMA2_Stream7_IRQHandler
                0x080042fc                I2C3_EV_IRQHandler
                0x080042fc                EXTI9_5_IRQHandler
                0x080042fc                RTC_WKUP_IRQHandler
                0x080042fc                SPI2_IRQHandler
                0x080042fc                OTG_HS_EP1_IN_IRQHandler
                0x080042fc                DMA1_Stream0_IRQHandler
                0x080042fc                CAN1_TX_IRQHandler
                0x080042fc                EXTI4_IRQHandler
                0x080042fc                FSMC_IRQHandler
                0x080042fc                OTG_HS_EP1_OUT_IRQHandler
                0x080042fc                WWDG_IRQHandler
                0x080042fc                TIM2_IRQHandler
                0x080042fc                OTG_FS_WKUP_IRQHandler
                0x080042fc                TIM1_TRG_COM_TIM11_IRQHandler
                0x080042fc                OTG_HS_IRQHandler
                0x080042fc                EXTI1_IRQHandler
                0x080042fc                USART2_IRQHandler
                0x080042fc                I2C2_ER_IRQHandler
                0x080042fc                DMA2_Stream1_IRQHandler
                0x080042fc                CAN1_SCE_IRQHandler
                0x080042fc                FLASH_IRQHandler
                0x080042fc                DMA2_Stream4_IRQHandler
                0x080042fc                USART1_IRQHandler
                0x080042fc                OTG_FS_IRQHandler
                0x080042fc                SPI3_IRQHandler
                0x080042fc                DMA1_Stream4_IRQHandler
                0x080042fc                I2C1_ER_IRQHandler
                0x080042fc                DMA2_Stream6_IRQHandler
                0x080042fc                DMA1_Stream3_IRQHandler
 *fill*         0x080042fe        0x2 
 .text.HAL_Init
                0x08004300       0x44 ./Drivers/STM32F4xx_HAL_Driver/Src/stm32f4xx_hal.o
                0x08004300                HAL_Init
 .text.HAL_InitTick
                0x08004344       0x60 ./Drivers/STM32F4xx_HAL_Driver/Src/stm32f4xx_hal.o
                0x08004344                HAL_InitTick
 .text.HAL_IncTick
                0x080043a4       0x28 ./Drivers/STM32F4xx_HAL_Driver/Src/stm32f4xx_hal.o
                0x080043a4                HAL_IncTick
 .text.HAL_GetTick
                0x080043cc       0x18 ./Drivers/STM32F4xx_HAL_Driver/Src/stm32f4xx_hal.o
                0x080043cc                HAL_GetTick
 .text.HAL_Delay
                0x080043e4       0x48 ./Drivers/STM32F4xx_HAL_Driver/Src/stm32f4xx_hal.o
                0x080043e4                HAL_Delay
 .text.HAL_CAN_Init
                0x0800442c      0x1f6 ./Drivers/STM32F4xx_HAL_Driver/Src/stm32f4xx_hal_can.o
                0x0800442c                HAL_CAN_Init
 *fill*         0x08004622        0x2 
 .text.HAL_CAN_ConfigFilter
                0x08004624      0x1bc ./Drivers/STM32F4xx_HAL_Driver/Src/stm32f4xx_hal_can.o
                0x08004624                HAL_CAN_ConfigFilter
 .text.HAL_CAN_Start
                0x080047e0       0x88 ./Drivers/STM32F4xx_HAL_Driver/Src/stm32f4xx_hal_can.o
                0x080047e0                HAL_CAN_Start
 .text.HAL_CAN_AddTxMessage
                0x08004868      0x1a0 ./Drivers/STM32F4xx_HAL_Driver/Src/stm32f4xx_hal_can.o
                0x08004868                HAL_CAN_AddTxMessage
 .text.HAL_CAN_ActivateNotification
                0x08004a08       0x4c ./Drivers/STM32F4xx_HAL_Driver/Src/stm32f4xx_hal_can.o
                0x08004a08                HAL_CAN_ActivateNotification
 .text.HAL_CAN_IRQHandler
                0x08004a54      0x36e ./Drivers/STM32F4xx_HAL_Driver/Src/stm32f4xx_hal_can.o
                0x08004a54                HAL_CAN_IRQHandler
 .text.HAL_CAN_TxMailbox0CompleteCallback
                0x08004dc2       0x14 ./Drivers/STM32F4xx_HAL_Driver/Src/stm32f4xx_hal_can.o
                0x08004dc2                HAL_CAN_TxMailbox0CompleteCallback
 .text.HAL_CAN_TxMailbox1CompleteCallback
                0x08004dd6       0x14 ./Drivers/STM32F4xx_HAL_Driver/Src/stm32f4xx_hal_can.o
                0x08004dd6                HAL_CAN_TxMailbox1CompleteCallback
 .text.HAL_CAN_TxMailbox2CompleteCallback
                0x08004dea       0x14 ./Drivers/STM32F4xx_HAL_Driver/Src/stm32f4xx_hal_can.o
                0x08004dea                HAL_CAN_TxMailbox2CompleteCallback
 .text.HAL_CAN_TxMailbox0AbortCallback
                0x08004dfe       0x14 ./Drivers/STM32F4xx_HAL_Driver/Src/stm32f4xx_hal_can.o
                0x08004dfe                HAL_CAN_TxMailbox0AbortCallback
 .text.HAL_CAN_TxMailbox1AbortCallback
                0x08004e12       0x14 ./Drivers/STM32F4xx_HAL_Driver/Src/stm32f4xx_hal_can.o
                0x08004e12                HAL_CAN_TxMailbox1AbortCallback
 .text.HAL_CAN_TxMailbox2AbortCallback
                0x08004e26       0x14 ./Drivers/STM32F4xx_HAL_Driver/Src/stm32f4xx_hal_can.o
                0x08004e26                HAL_CAN_TxMailbox2AbortCallback
 .text.HAL_CAN_RxFifo0MsgPendingCallback
                0x08004e3a       0x14 ./Drivers/STM32F4xx_HAL_Driver/Src/stm32f4xx_hal_can.o
                0x08004e3a                HAL_CAN_RxFifo0MsgPendingCallback
 .text.HAL_CAN_RxFifo0FullCallback
                0x08004e4e       0x14 ./Drivers/STM32F4xx_HAL_Driver/Src/stm32f4xx_hal_can.o
                0x08004e4e                HAL_CAN_RxFifo0FullCallback
 .text.HAL_CAN_RxFifo1MsgPendingCallback
                0x08004e62       0x14 ./Drivers/STM32F4xx_HAL_Driver/Src/stm32f4xx_hal_can.o
                0x08004e62                HAL_CAN_RxFifo1MsgPendingCallback
 .text.HAL_CAN_RxFifo1FullCallback
                0x08004e76       0x14 ./Drivers/STM32F4xx_HAL_Driver/Src/stm32f4xx_hal_can.o
                0x08004e76                HAL_CAN_RxFifo1FullCallback
 .text.HAL_CAN_SleepCallback
                0x08004e8a       0x14 ./Drivers/STM32F4xx_HAL_Driver/Src/stm32f4xx_hal_can.o
                0x08004e8a                HAL_CAN_SleepCallback
 .text.HAL_CAN_WakeUpFromRxMsgCallback
                0x08004e9e       0x14 ./Drivers/STM32F4xx_HAL_Driver/Src/stm32f4xx_hal_can.o
                0x08004e9e                HAL_CAN_WakeUpFromRxMsgCallback
 .text.HAL_CAN_ErrorCallback
                0x08004eb2       0x14 ./Drivers/STM32F4xx_HAL_Driver/Src/stm32f4xx_hal_can.o
                0x08004eb2                HAL_CAN_ErrorCallback
 *fill*         0x08004ec6        0x2 
 .text.__NVIC_SetPriorityGrouping
                0x08004ec8       0x48 ./Drivers/STM32F4xx_HAL_Driver/Src/stm32f4xx_hal_cortex.o
 .text.__NVIC_GetPriorityGrouping
                0x08004f10       0x1c ./Drivers/STM32F4xx_HAL_Driver/Src/stm32f4xx_hal_cortex.o
 .text.__NVIC_EnableIRQ
                0x08004f2c       0x3c ./Drivers/STM32F4xx_HAL_Driver/Src/stm32f4xx_hal_cortex.o
 .text.__NVIC_SetPriority
                0x08004f68       0x54 ./Drivers/STM32F4xx_HAL_Driver/Src/stm32f4xx_hal_cortex.o
 .text.NVIC_EncodePriority
                0x08004fbc       0x66 ./Drivers/STM32F4xx_HAL_Driver/Src/stm32f4xx_hal_cortex.o
 *fill*         0x08005022        0x2 
 .text.SysTick_Config
                0x08005024       0x44 ./Drivers/STM32F4xx_HAL_Driver/Src/stm32f4xx_hal_cortex.o
 .text.HAL_NVIC_SetPriorityGrouping
                0x08005068       0x16 ./Drivers/STM32F4xx_HAL_Driver/Src/stm32f4xx_hal_cortex.o
                0x08005068                HAL_NVIC_SetPriorityGrouping
 .text.HAL_NVIC_SetPriority
                0x0800507e       0x38 ./Drivers/STM32F4xx_HAL_Driver/Src/stm32f4xx_hal_cortex.o
                0x0800507e                HAL_NVIC_SetPriority
 .text.HAL_NVIC_EnableIRQ
                0x080050b6       0x1c ./Drivers/STM32F4xx_HAL_Driver/Src/stm32f4xx_hal_cortex.o
                0x080050b6                HAL_NVIC_EnableIRQ
 .text.HAL_SYSTICK_Config
                0x080050d2       0x18 ./Drivers/STM32F4xx_HAL_Driver/Src/stm32f4xx_hal_cortex.o
                0x080050d2                HAL_SYSTICK_Config
 *fill*         0x080050ea        0x2 
 .text.HAL_GPIO_Init
                0x080050ec      0x338 ./Drivers/STM32F4xx_HAL_Driver/Src/stm32f4xx_hal_gpio.o
                0x080050ec                HAL_GPIO_Init
 .text.HAL_GPIO_WritePin
                0x08005424       0x32 ./Drivers/STM32F4xx_HAL_Driver/Src/stm32f4xx_hal_gpio.o
                0x08005424                HAL_GPIO_WritePin
 .text.HAL_GPIO_TogglePin
                0x08005456       0x34 ./Drivers/STM32F4xx_HAL_Driver/Src/stm32f4xx_hal_gpio.o
                0x08005456                HAL_GPIO_TogglePin
 *fill*         0x0800548a        0x2 
 .text.HAL_RCC_OscConfig
                0x0800548c      0x4f0 ./Drivers/STM32F4xx_HAL_Driver/Src/stm32f4xx_hal_rcc.o
                0x0800548c                HAL_RCC_OscConfig
 .text.HAL_RCC_ClockConfig
                0x0800597c      0x1cc ./Drivers/STM32F4xx_HAL_Driver/Src/stm32f4xx_hal_rcc.o
                0x0800597c                HAL_RCC_ClockConfig
 .text.HAL_RCC_GetSysClockFreq
                0x08005b48      0x18c ./Drivers/STM32F4xx_HAL_Driver/Src/stm32f4xx_hal_rcc.o
                0x08005b48                HAL_RCC_GetSysClockFreq
 .text.LL_GPIO_SetPinMode
                0x08005cd4       0x7a ./Drivers/STM32F4xx_HAL_Driver/Src/stm32f4xx_ll_gpio.o
 .text.LL_GPIO_SetPinOutputType
                0x08005d4e       0x30 ./Drivers/STM32F4xx_HAL_Driver/Src/stm32f4xx_ll_gpio.o
 .text.LL_GPIO_SetPinSpeed
                0x08005d7e       0x7a ./Drivers/STM32F4xx_HAL_Driver/Src/stm32f4xx_ll_gpio.o
 .text.LL_GPIO_SetPinPull
                0x08005df8       0x7a ./Drivers/STM32F4xx_HAL_Driver/Src/stm32f4xx_ll_gpio.o
 .text.LL_GPIO_SetAFPin_0_7
                0x08005e72       0x7a ./Drivers/STM32F4xx_HAL_Driver/Src/stm32f4xx_ll_gpio.o
 .text.LL_GPIO_SetAFPin_8_15
                0x08005eec       0x7e ./Drivers/STM32F4xx_HAL_Driver/Src/stm32f4xx_ll_gpio.o
 .text.LL_GPIO_Init
                0x08005f6a      0x102 ./Drivers/STM32F4xx_HAL_Driver/Src/stm32f4xx_ll_gpio.o
                0x08005f6a                LL_GPIO_Init
 .text.LL_RCC_GetSysClkSource
                0x0800606c       0x1c ./Drivers/STM32F4xx_HAL_Driver/Src/stm32f4xx_ll_rcc.o
 .text.LL_RCC_GetAHBPrescaler
                0x08006088       0x1c ./Drivers/STM32F4xx_HAL_Driver/Src/stm32f4xx_ll_rcc.o
 .text.LL_RCC_GetAPB1Prescaler
                0x080060a4       0x1c ./Drivers/STM32F4xx_HAL_Driver/Src/stm32f4xx_ll_rcc.o
 .text.LL_RCC_GetAPB2Prescaler
                0x080060c0       0x1c ./Drivers/STM32F4xx_HAL_Driver/Src/stm32f4xx_ll_rcc.o
 .text.LL_RCC_PLL_GetMainSource
                0x080060dc       0x1c ./Drivers/STM32F4xx_HAL_Driver/Src/stm32f4xx_ll_rcc.o
 .text.LL_RCC_PLL_GetN
                0x080060f8       0x1c ./Drivers/STM32F4xx_HAL_Driver/Src/stm32f4xx_ll_rcc.o
 .text.LL_RCC_PLL_GetP
                0x08006114       0x1c ./Drivers/STM32F4xx_HAL_Driver/Src/stm32f4xx_ll_rcc.o
 .text.LL_RCC_PLL_GetDivider
                0x08006130       0x1c ./Drivers/STM32F4xx_HAL_Driver/Src/stm32f4xx_ll_rcc.o
 .text.LL_RCC_GetSystemClocksFreq
                0x0800614c       0x4a ./Drivers/STM32F4xx_HAL_Driver/Src/stm32f4xx_ll_rcc.o
                0x0800614c                LL_RCC_GetSystemClocksFreq
 *fill*         0x08006196        0x2 
 .text.RCC_GetSystemClockFreq
                0x08006198       0x50 ./Drivers/STM32F4xx_HAL_Driver/Src/stm32f4xx_ll_rcc.o
                0x08006198                RCC_GetSystemClockFreq
 .text.RCC_GetHCLKClockFreq
                0x080061e8       0x2c ./Drivers/STM32F4xx_HAL_Driver/Src/stm32f4xx_ll_rcc.o
                0x080061e8                RCC_GetHCLKClockFreq
 .text.RCC_GetPCLK1ClockFreq
                0x08006214       0x28 ./Drivers/STM32F4xx_HAL_Driver/Src/stm32f4xx_ll_rcc.o
                0x08006214                RCC_GetPCLK1ClockFreq
 .text.RCC_GetPCLK2ClockFreq
                0x0800623c       0x28 ./Drivers/STM32F4xx_HAL_Driver/Src/stm32f4xx_ll_rcc.o
                0x0800623c                RCC_GetPCLK2ClockFreq
 .text.RCC_PLL_GetFreqDomain_SYS
                0x08006264       0x7c ./Drivers/STM32F4xx_HAL_Driver/Src/stm32f4xx_ll_rcc.o
                0x08006264                RCC_PLL_GetFreqDomain_SYS
 .text.LL_USART_IsEnabled
                0x080062e0       0x28 ./Drivers/STM32F4xx_HAL_Driver/Src/stm32f4xx_ll_usart.o
 .text.LL_USART_SetStopBitsLength
                0x08006308       0x26 ./Drivers/STM32F4xx_HAL_Driver/Src/stm32f4xx_ll_usart.o
 .text.LL_USART_SetHWFlowCtrl
                0x0800632e       0x26 ./Drivers/STM32F4xx_HAL_Driver/Src/stm32f4xx_ll_usart.o
 .text.LL_USART_SetBaudRate
                0x08006354      0x45c ./Drivers/STM32F4xx_HAL_Driver/Src/stm32f4xx_ll_usart.o
 .text.LL_USART_Init
                0x080067b0      0x100 ./Drivers/STM32F4xx_HAL_Driver/Src/stm32f4xx_ll_usart.o
                0x080067b0                LL_USART_Init
 .text.__NVIC_SetPriority
                0x080068b0       0x54 ./Middlewares/Third_Party/FreeRTOS/Source/CMSIS_RTOS_V2/cmsis_os2.o
 .text.SVC_Setup
                0x08006904       0x12 ./Middlewares/Third_Party/FreeRTOS/Source/CMSIS_RTOS_V2/cmsis_os2.o
 *fill*         0x08006916        0x2 
 .text.osKernelInitialize
                0x08006918       0x48 ./Middlewares/Third_Party/FreeRTOS/Source/CMSIS_RTOS_V2/cmsis_os2.o
                0x08006918                osKernelInitialize
 .text.osKernelStart
                0x08006960       0x4c ./Middlewares/Third_Party/FreeRTOS/Source/CMSIS_RTOS_V2/cmsis_os2.o
                0x08006960                osKernelStart
 .text.osThreadNew
                0x080069ac      0x124 ./Middlewares/Third_Party/FreeRTOS/Source/CMSIS_RTOS_V2/cmsis_os2.o
                0x080069ac                osThreadNew
 .text.vApplicationGetIdleTaskMemory
                0x08006ad0       0x34 ./Middlewares/Third_Party/FreeRTOS/Source/CMSIS_RTOS_V2/cmsis_os2.o
                0x08006ad0                vApplicationGetIdleTaskMemory
 .text.vApplicationGetTimerTaskMemory
                0x08006b04       0x34 ./Middlewares/Third_Party/FreeRTOS/Source/CMSIS_RTOS_V2/cmsis_os2.o
                0x08006b04                vApplicationGetTimerTaskMemory
 .text.vListInitialise
                0x08006b38       0x40 ./Middlewares/Third_Party/FreeRTOS/Source/list.o
                0x08006b38                vListInitialise
 .text.vListInitialiseItem
                0x08006b78       0x1a ./Middlewares/Third_Party/FreeRTOS/Source/list.o
                0x08006b78                vListInitialiseItem
 .text.vListInsertEnd
                0x08006b92       0x48 ./Middlewares/Third_Party/FreeRTOS/Source/list.o
                0x08006b92                vListInsertEnd
 .text.vListInsert
                0x08006bda       0x72 ./Middlewares/Third_Party/FreeRTOS/Source/list.o
                0x08006bda                vListInsert
 .text.uxListRemove
                0x08006c4c       0x54 ./Middlewares/Third_Party/FreeRTOS/Source/list.o
                0x08006c4c                uxListRemove
 .text.xQueueGenericReset
                0x08006ca0       0xd4 ./Middlewares/Third_Party/FreeRTOS/Source/queue.o
                0x08006ca0                xQueueGenericReset
 .text.xQueueGenericCreateStatic
                0x08006d74       0xfa ./Middlewares/Third_Party/FreeRTOS/Source/queue.o
                0x08006d74                xQueueGenericCreateStatic
 .text.prvInitialiseNewQueue
                0x08006e6e       0x46 ./Middlewares/Third_Party/FreeRTOS/Source/queue.o
 .text.xQueueGenericSend
                0x08006eb4      0x204 ./Middlewares/Third_Party/FreeRTOS/Source/queue.o
                0x08006eb4                xQueueGenericSend
 .text.xQueueGenericSendFromISR
                0x080070b8      0x13c ./Middlewares/Third_Party/FreeRTOS/Source/queue.o
                0x080070b8                xQueueGenericSendFromISR
 .text.xQueueReceive
                0x080071f4      0x1c4 ./Middlewares/Third_Party/FreeRTOS/Source/queue.o
                0x080071f4                xQueueReceive
 .text.uxQueueMessagesWaiting
                0x080073b8       0x3e ./Middlewares/Third_Party/FreeRTOS/Source/queue.o
                0x080073b8                uxQueueMessagesWaiting
 .text.prvCopyDataToQueue
                0x080073f6       0xd4 ./Middlewares/Third_Party/FreeRTOS/Source/queue.o
 .text.prvCopyDataFromQueue
                0x080074ca       0x4c ./Middlewares/Third_Party/FreeRTOS/Source/queue.o
 .text.prvUnlockQueue
                0x08007516       0xa4 ./Middlewares/Third_Party/FreeRTOS/Source/queue.o
 .text.prvIsQueueEmpty
                0x080075ba       0x2c ./Middlewares/Third_Party/FreeRTOS/Source/queue.o
 .text.prvIsQueueFull
                0x080075e6       0x30 ./Middlewares/Third_Party/FreeRTOS/Source/queue.o
 *fill*         0x08007616        0x2 
 .text.vQueueAddToRegistry
                0x08007618       0x54 ./Middlewares/Third_Party/FreeRTOS/Source/queue.o
                0x08007618                vQueueAddToRegistry
 .text.vQueueWaitForMessageRestricted
                0x0800766c       0x68 ./Middlewares/Third_Party/FreeRTOS/Source/queue.o
                0x0800766c                vQueueWaitForMessageRestricted
 .text.xTaskCreateStatic
                0x080076d4       0xc0 ./Middlewares/Third_Party/FreeRTOS/Source/tasks.o
                0x080076d4                xTaskCreateStatic
 .text.xTaskCreate
                0x08007794       0x8a ./Middlewares/Third_Party/FreeRTOS/Source/tasks.o
                0x08007794                xTaskCreate
 *fill*         0x0800781e        0x2 
 .text.prvInitialiseNewTask
                0x08007820      0x150 ./Middlewares/Third_Party/FreeRTOS/Source/tasks.o
 .text.prvAddNewTaskToReadyList
                0x08007970       0xe0 ./Middlewares/Third_Party/FreeRTOS/Source/tasks.o
 .text.vTaskDelay
                0x08007a50       0x6c ./Middlewares/Third_Party/FreeRTOS/Source/tasks.o
                0x08007a50                vTaskDelay
 .text.vTaskStartScheduler
                0x08007abc       0xe0 ./Middlewares/Third_Party/FreeRTOS/Source/tasks.o
                0x08007abc                vTaskStartScheduler
 .text.vTaskSuspendAll
                0x08007b9c       0x1c ./Middlewares/Third_Party/FreeRTOS/Source/tasks.o
                0x08007b9c                vTaskSuspendAll
 .text.xTaskResumeAll
                0x08007bb8      0x13c ./Middlewares/Third_Party/FreeRTOS/Source/tasks.o
                0x08007bb8                xTaskResumeAll
 .text.xTaskGetTickCount
                0x08007cf4       0x20 ./Middlewares/Third_Party/FreeRTOS/Source/tasks.o
                0x08007cf4                xTaskGetTickCount
 .text.xTaskIncrementTick
                0x08007d14      0x174 ./Middlewares/Third_Party/FreeRTOS/Source/tasks.o
                0x08007d14                xTaskIncrementTick
 .text.vTaskSwitchContext
                0x08007e88      0x114 ./Middlewares/Third_Party/FreeRTOS/Source/tasks.o
                0x08007e88                vTaskSwitchContext
 .text.vTaskPlaceOnEventList
                0x08007f9c       0x4c ./Middlewares/Third_Party/FreeRTOS/Source/tasks.o
                0x08007f9c                vTaskPlaceOnEventList
 .text.vTaskPlaceOnEventListRestricted
                0x08007fe8       0x58 ./Middlewares/Third_Party/FreeRTOS/Source/tasks.o
                0x08007fe8                vTaskPlaceOnEventListRestricted
 .text.xTaskRemoveFromEventList
                0x08008040       0xc8 ./Middlewares/Third_Party/FreeRTOS/Source/tasks.o
                0x08008040                xTaskRemoveFromEventList
 .text.vTaskInternalSetTimeOutState
                0x08008108       0x2c ./Middlewares/Third_Party/FreeRTOS/Source/tasks.o
                0x08008108                vTaskInternalSetTimeOutState
 .text.xTaskCheckForTimeOut
                0x08008134       0xc8 ./Middlewares/Third_Party/FreeRTOS/Source/tasks.o
                0x08008134                xTaskCheckForTimeOut
 .text.vTaskMissedYield
                0x080081fc       0x18 ./Middlewares/Third_Party/FreeRTOS/Source/tasks.o
                0x080081fc                vTaskMissedYield
 .text.prvIdleTask
                0x08008214       0x30 ./Middlewares/Third_Party/FreeRTOS/Source/tasks.o
 .text.prvInitialiseTaskLists
                0x08008244       0x80 ./Middlewares/Third_Party/FreeRTOS/Source/tasks.o
 .text.prvCheckTasksWaitingTermination
                0x080082c4       0x5c ./Middlewares/Third_Party/FreeRTOS/Source/tasks.o
 .text.prvDeleteTCB
                0x08008320       0x6a ./Middlewares/Third_Party/FreeRTOS/Source/tasks.o
 *fill*         0x0800838a        0x2 
 .text.prvResetNextTaskUnblockTime
                0x0800838c       0x40 ./Middlewares/Third_Party/FreeRTOS/Source/tasks.o
 .text.xTaskGetSchedulerState
                0x080083cc       0x3c ./Middlewares/Third_Party/FreeRTOS/Source/tasks.o
                0x080083cc                xTaskGetSchedulerState
 .text.xTaskPriorityDisinherit
                0x08008408       0xe0 ./Middlewares/Third_Party/FreeRTOS/Source/tasks.o
                0x08008408                xTaskPriorityDisinherit
 .text.prvAddCurrentTaskToDelayedList
                0x080084e8       0xa8 ./Middlewares/Third_Party/FreeRTOS/Source/tasks.o
 .text.xTimerCreateTimerTask
                0x08008590       0x94 ./Middlewares/Third_Party/FreeRTOS/Source/timers.o
                0x08008590                xTimerCreateTimerTask
 .text.xTimerGenericCommand
                0x08008624       0x9c ./Middlewares/Third_Party/FreeRTOS/Source/timers.o
                0x08008624                xTimerGenericCommand
 .text.prvProcessExpiredTimer
                0x080086c0       0x9c ./Middlewares/Third_Party/FreeRTOS/Source/timers.o
 .text.prvTimerTask
                0x0800875c       0x26 ./Middlewares/Third_Party/FreeRTOS/Source/timers.o
 *fill*         0x08008782        0x2 
 .text.prvProcessTimerOrBlockTask
                0x08008784       0x9c ./Middlewares/Third_Party/FreeRTOS/Source/timers.o
 .text.prvGetNextExpireTime
                0x08008820       0x48 ./Middlewares/Third_Party/FreeRTOS/Source/timers.o
 .text.prvSampleTimeNow
                0x08008868       0x40 ./Middlewares/Third_Party/FreeRTOS/Source/timers.o
 .text.prvInsertTimerInActiveList
                0x080088a8       0x84 ./Middlewares/Third_Party/FreeRTOS/Source/timers.o
 .text.prvProcessReceivedCommands
                0x0800892c      0x1cc ./Middlewares/Third_Party/FreeRTOS/Source/timers.o
 .text.prvSwitchTimerLists
                0x08008af8       0xcc ./Middlewares/Third_Party/FreeRTOS/Source/timers.o
 .text.prvCheckForValidListAndQueue
                0x08008bc4       0x80 ./Middlewares/Third_Party/FreeRTOS/Source/timers.o
 .text.pxPortInitialiseStack
                0x08008c44       0x68 ./Middlewares/Third_Party/FreeRTOS/Source/portable/GCC/ARM_CM4F/port.o
                0x08008c44                pxPortInitialiseStack
 .text.prvTaskExitError
                0x08008cac       0x5c ./Middlewares/Third_Party/FreeRTOS/Source/portable/GCC/ARM_CM4F/port.o
 *fill*         0x08008d08        0x8 
 .text.SVC_Handler
                0x08008d10       0x28 ./Middlewares/Third_Party/FreeRTOS/Source/portable/GCC/ARM_CM4F/port.o
                0x08008d10                SVC_Handler
 .text.prvPortStartFirstTask
                0x08008d38       0x28 ./Middlewares/Third_Party/FreeRTOS/Source/portable/GCC/ARM_CM4F/port.o
 .text.xPortStartScheduler
                0x08008d60      0x148 ./Middlewares/Third_Party/FreeRTOS/Source/portable/GCC/ARM_CM4F/port.o
                0x08008d60                xPortStartScheduler
 .text.vPortEnterCritical
                0x08008ea8       0x64 ./Middlewares/Third_Party/FreeRTOS/Source/portable/GCC/ARM_CM4F/port.o
                0x08008ea8                vPortEnterCritical
 .text.vPortExitCritical
                0x08008f0c       0x54 ./Middlewares/Third_Party/FreeRTOS/Source/portable/GCC/ARM_CM4F/port.o
                0x08008f0c                vPortExitCritical
 .text.PendSV_Handler
                0x08008f60       0x68 ./Middlewares/Third_Party/FreeRTOS/Source/portable/GCC/ARM_CM4F/port.o
                0x08008f60                PendSV_Handler
 .text.xPortSysTickHandler
                0x08008fc8       0x44 ./Middlewares/Third_Party/FreeRTOS/Source/portable/GCC/ARM_CM4F/port.o
                0x08008fc8                xPortSysTickHandler
 .text.vPortSetupTimerInterrupt
                0x0800900c       0x48 ./Middlewares/Third_Party/FreeRTOS/Source/portable/GCC/ARM_CM4F/port.o
                0x0800900c                vPortSetupTimerInterrupt
 .text.vPortEnableVFP
                0x08009054       0x14 ./Middlewares/Third_Party/FreeRTOS/Source/portable/GCC/ARM_CM4F/port.o
 .text.vPortValidateInterruptPriority
                0x08009068       0x84 ./Middlewares/Third_Party/FreeRTOS/Source/portable/GCC/ARM_CM4F/port.o
                0x08009068                vPortValidateInterruptPriority
 .text.pvPortMalloc
                0x080090ec      0x19c ./Middlewares/Third_Party/FreeRTOS/Source/portable/MemMang/heap_4.o
                0x080090ec                pvPortMalloc
 .text.vPortFree
                0x08009288       0xc8 ./Middlewares/Third_Party/FreeRTOS/Source/portable/MemMang/heap_4.o
                0x08009288                vPortFree
 .text.xPortGetFreeHeapSize
                0x08009350       0x18 ./Middlewares/Third_Party/FreeRTOS/Source/portable/MemMang/heap_4.o
                0x08009350                xPortGetFreeHeapSize
 .text.prvHeapInit
                0x08009368       0xc4 ./Middlewares/Third_Party/FreeRTOS/Source/portable/MemMang/heap_4.o
 .text.prvInsertBlockIntoFreeList
                0x0800942c       0xb4 ./Middlewares/Third_Party/FreeRTOS/Source/portable/MemMang/heap_4.o
 .text.__NVIC_EnableIRQ
                0x080094e0       0x3c ./Services/Logger/debug_logger.o
 .text.__NVIC_SetPriority
                0x0800951c       0x54 ./Services/Logger/debug_logger.o
 .text.LL_USART_IsActiveFlag_TC
                0x08009570       0x26 ./Services/Logger/debug_logger.o
 .text.LL_USART_IsActiveFlag_TXE
                0x08009596       0x26 ./Services/Logger/debug_logger.o
 .text.LL_USART_ClearFlag_TC
                0x080095bc       0x1c ./Services/Logger/debug_logger.o
 .text.LL_USART_EnableIT_TC
                0x080095d8       0x46 ./Services/Logger/debug_logger.o
 .text.LL_USART_EnableIT_TXE
                0x0800961e       0x46 ./Services/Logger/debug_logger.o
 .text.LL_USART_DisableIT_TC
                0x08009664       0x46 ./Services/Logger/debug_logger.o
 .text.LL_USART_DisableIT_TXE
                0x080096aa       0x46 ./Services/Logger/debug_logger.o
 .text.LL_USART_IsEnabledIT_TC
                0x080096f0       0x26 ./Services/Logger/debug_logger.o
 .text.LL_USART_IsEnabledIT_TXE
                0x08009716       0x26 ./Services/Logger/debug_logger.o
 .text.LL_USART_TransmitData8
                0x0800973c       0x1e ./Services/Logger/debug_logger.o
 *fill*         0x0800975a        0x2 
 .text.uart_ring_buffer_init
                0x0800975c       0x34 ./Services/Logger/debug_logger.o
                0x0800975c                uart_ring_buffer_init
 .text.uart_ring_buffer_put
                0x08009790       0xa0 ./Services/Logger/debug_logger.o
                0x08009790                uart_ring_buffer_put
 .text.uart_ring_buffer_get
                0x08009830       0x68 ./Services/Logger/debug_logger.o
                0x08009830                uart_ring_buffer_get
 .text.uart_ring_buffer_is_empty
                0x08009898       0x24 ./Services/Logger/debug_logger.o
                0x08009898                uart_ring_buffer_is_empty
 .text.task_debug_logging
                0x080098bc       0x24 ./Services/Logger/debug_logger.o
                0x080098bc                task_debug_logging
 .text.uart_transmit_IT_start
                0x080098e0       0x44 ./Services/Logger/debug_logger.o
                0x080098e0                uart_transmit_IT_start
 .text.uart_IRQ_handler
                0x08009924       0x98 ./Services/Logger/debug_logger.o
                0x08009924                uart_IRQ_handler
 .text.uart_debug_init
                0x080099bc       0x1a ./Services/Logger/debug_logger.o
                0x080099bc                uart_debug_init
 .text.csp_transaction
                0x080099d6       0x3e ./Tests/test_csp.o
 .text.CSP_Init
                0x08009a14       0x8c ./Tests/test_csp.o
                0x08009a14                CSP_Init
 .text.vTaskCspRouter
                0x08009aa0       0x24 ./Tests/test_csp.o
                0x08009aa0                vTaskCspRouter
 .text.vTaskCspSend
                0x08009ac4       0xa4 ./Tests/test_csp.o
                0x08009ac4                vTaskCspSend
 .text.vTaskCspReceive
                0x08009b68      0x110 ./Tests/test_csp.o
                0x08009b68                vTaskCspReceive
 .text.malloc   0x08009c78       0x10 C:/ST/STM32CubeIDE_1.19.0/STM32CubeIDE/plugins/com.st.stm32cube.ide.mcu.externaltools.gnu-tools-for-stm32.13.3.rel1.win32_1.0.0.202411081344/tools/bin/../lib/gcc/arm-none-eabi/13.3.1/../../../../arm-none-eabi/lib/thumb/v7e-m+fp/hard\libc_nano.a(libc_a-malloc.o)
                0x08009c78                malloc
 .text.sbrk_aligned
                0x08009c88       0x44 C:/ST/STM32CubeIDE_1.19.0/STM32CubeIDE/plugins/com.st.stm32cube.ide.mcu.externaltools.gnu-tools-for-stm32.13.3.rel1.win32_1.0.0.202411081344/tools/bin/../lib/gcc/arm-none-eabi/13.3.1/../../../../arm-none-eabi/lib/thumb/v7e-m+fp/hard\libc_nano.a(libc_a-mallocr.o)
 .text._malloc_r
                0x08009ccc      0x100 C:/ST/STM32CubeIDE_1.19.0/STM32CubeIDE/plugins/com.st.stm32cube.ide.mcu.externaltools.gnu-tools-for-stm32.13.3.rel1.win32_1.0.0.202411081344/tools/bin/../lib/gcc/arm-none-eabi/13.3.1/../../../../arm-none-eabi/lib/thumb/v7e-m+fp/hard\libc_nano.a(libc_a-mallocr.o)
                0x08009ccc                _malloc_r
 .text.__malloc_lock
                0x08009dcc        0xc C:/ST/STM32CubeIDE_1.19.0/STM32CubeIDE/plugins/com.st.stm32cube.ide.mcu.externaltools.gnu-tools-for-stm32.13.3.rel1.win32_1.0.0.202411081344/tools/bin/../lib/gcc/arm-none-eabi/13.3.1/../../../../arm-none-eabi/lib/thumb/v7e-m+fp/hard\libc_nano.a(libc_a-mlock.o)
                0x08009dcc                __malloc_lock
 .text.__malloc_unlock
                0x08009dd8        0xc C:/ST/STM32CubeIDE_1.19.0/STM32CubeIDE/plugins/com.st.stm32cube.ide.mcu.externaltools.gnu-tools-for-stm32.13.3.rel1.win32_1.0.0.202411081344/tools/bin/../lib/gcc/arm-none-eabi/13.3.1/../../../../arm-none-eabi/lib/thumb/v7e-m+fp/hard\libc_nano.a(libc_a-mlock.o)
                0x08009dd8                __malloc_unlock
 .text.__cvt    0x08009de4       0xca C:/ST/STM32CubeIDE_1.19.0/STM32CubeIDE/plugins/com.st.stm32cube.ide.mcu.externaltools.gnu-tools-for-stm32.13.3.rel1.win32_1.0.0.202411081344/tools/bin/../lib/gcc/arm-none-eabi/13.3.1/../../../../arm-none-eabi/lib/thumb/v7e-m+fp/hard\libc_nano.a(libc_a-nano-vfprintf_float.o)
                0x08009de4                __cvt
 .text.__exponent
                0x08009eae       0x74 C:/ST/STM32CubeIDE_1.19.0/STM32CubeIDE/plugins/com.st.stm32cube.ide.mcu.externaltools.gnu-tools-for-stm32.13.3.rel1.win32_1.0.0.202411081344/tools/bin/../lib/gcc/arm-none-eabi/13.3.1/../../../../arm-none-eabi/lib/thumb/v7e-m+fp/hard\libc_nano.a(libc_a-nano-vfprintf_float.o)
                0x08009eae                __exponent
 *fill*         0x08009f22        0x2 
 .text._printf_float
                0x08009f24      0x454 C:/ST/STM32CubeIDE_1.19.0/STM32CubeIDE/plugins/com.st.stm32cube.ide.mcu.externaltools.gnu-tools-for-stm32.13.3.rel1.win32_1.0.0.202411081344/tools/bin/../lib/gcc/arm-none-eabi/13.3.1/../../../../arm-none-eabi/lib/thumb/v7e-m+fp/hard\libc_nano.a(libc_a-nano-vfprintf_float.o)
                0x08009f24                _printf_float
 .text._printf_common
                0x0800a378       0xda C:/ST/STM32CubeIDE_1.19.0/STM32CubeIDE/plugins/com.st.stm32cube.ide.mcu.externaltools.gnu-tools-for-stm32.13.3.rel1.win32_1.0.0.202411081344/tools/bin/../lib/gcc/arm-none-eabi/13.3.1/../../../../arm-none-eabi/lib/thumb/v7e-m+fp/hard\libc_nano.a(libc_a-nano-vfprintf_i.o)
                0x0800a378                _printf_common
 *fill*         0x0800a452        0x2 
 .text._printf_i
                0x0800a454      0x23c C:/ST/STM32CubeIDE_1.19.0/STM32CubeIDE/plugins/com.st.stm32cube.ide.mcu.externaltools.gnu-tools-for-stm32.13.3.rel1.win32_1.0.0.202411081344/tools/bin/../lib/gcc/arm-none-eabi/13.3.1/../../../../arm-none-eabi/lib/thumb/v7e-m+fp/hard\libc_nano.a(libc_a-nano-vfprintf_i.o)
                0x0800a454                _printf_i
 .text._scanf_float
                0x0800a690      0x41c C:/ST/STM32CubeIDE_1.19.0/STM32CubeIDE/plugins/com.st.stm32cube.ide.mcu.externaltools.gnu-tools-for-stm32.13.3.rel1.win32_1.0.0.202411081344/tools/bin/../lib/gcc/arm-none-eabi/13.3.1/../../../../arm-none-eabi/lib/thumb/v7e-m+fp/hard\libc_nano.a(libc_a-nano-vfscanf_float.o)
                0x0800a690                _scanf_float
 .text.std      0x0800aaac       0x6c C:/ST/STM32CubeIDE_1.19.0/STM32CubeIDE/plugins/com.st.stm32cube.ide.mcu.externaltools.gnu-tools-for-stm32.13.3.rel1.win32_1.0.0.202411081344/tools/bin/../lib/gcc/arm-none-eabi/13.3.1/../../../../arm-none-eabi/lib/thumb/v7e-m+fp/hard\libc_nano.a(libc_a-findfp.o)
 .text.stdio_exit_handler
                0x0800ab18       0x18 C:/ST/STM32CubeIDE_1.19.0/STM32CubeIDE/plugins/com.st.stm32cube.ide.mcu.externaltools.gnu-tools-for-stm32.13.3.rel1.win32_1.0.0.202411081344/tools/bin/../lib/gcc/arm-none-eabi/13.3.1/../../../../arm-none-eabi/lib/thumb/v7e-m+fp/hard\libc_nano.a(libc_a-findfp.o)
 .text.cleanup_stdio
                0x0800ab30       0x40 C:/ST/STM32CubeIDE_1.19.0/STM32CubeIDE/plugins/com.st.stm32cube.ide.mcu.externaltools.gnu-tools-for-stm32.13.3.rel1.win32_1.0.0.202411081344/tools/bin/../lib/gcc/arm-none-eabi/13.3.1/../../../../arm-none-eabi/lib/thumb/v7e-m+fp/hard\libc_nano.a(libc_a-findfp.o)
 .text.global_stdio_init.part.0
                0x0800ab70       0x3c C:/ST/STM32CubeIDE_1.19.0/STM32CubeIDE/plugins/com.st.stm32cube.ide.mcu.externaltools.gnu-tools-for-stm32.13.3.rel1.win32_1.0.0.202411081344/tools/bin/../lib/gcc/arm-none-eabi/13.3.1/../../../../arm-none-eabi/lib/thumb/v7e-m+fp/hard\libc_nano.a(libc_a-findfp.o)
 .text.__sfp_lock_acquire
                0x0800abac        0xc C:/ST/STM32CubeIDE_1.19.0/STM32CubeIDE/plugins/com.st.stm32cube.ide.mcu.externaltools.gnu-tools-for-stm32.13.3.rel1.win32_1.0.0.202411081344/tools/bin/../lib/gcc/arm-none-eabi/13.3.1/../../../../arm-none-eabi/lib/thumb/v7e-m+fp/hard\libc_nano.a(libc_a-findfp.o)
                0x0800abac                __sfp_lock_acquire
 .text.__sfp_lock_release
                0x0800abb8        0xc C:/ST/STM32CubeIDE_1.19.0/STM32CubeIDE/plugins/com.st.stm32cube.ide.mcu.externaltools.gnu-tools-for-stm32.13.3.rel1.win32_1.0.0.202411081344/tools/bin/../lib/gcc/arm-none-eabi/13.3.1/../../../../arm-none-eabi/lib/thumb/v7e-m+fp/hard\libc_nano.a(libc_a-findfp.o)
                0x0800abb8                __sfp_lock_release
 .text.__sinit  0x0800abc4       0x30 C:/ST/STM32CubeIDE_1.19.0/STM32CubeIDE/plugins/com.st.stm32cube.ide.mcu.externaltools.gnu-tools-for-stm32.13.3.rel1.win32_1.0.0.202411081344/tools/bin/../lib/gcc/arm-none-eabi/13.3.1/../../../../arm-none-eabi/lib/thumb/v7e-m+fp/hard\libc_nano.a(libc_a-findfp.o)
                0x0800abc4                __sinit
 .text._fwalk_sglue
                0x0800abf4       0x3c C:/ST/STM32CubeIDE_1.19.0/STM32CubeIDE/plugins/com.st.stm32cube.ide.mcu.externaltools.gnu-tools-for-stm32.13.3.rel1.win32_1.0.0.202411081344/tools/bin/../lib/gcc/arm-none-eabi/13.3.1/../../../../arm-none-eabi/lib/thumb/v7e-m+fp/hard\libc_nano.a(libc_a-fwalk.o)
                0x0800abf4                _fwalk_sglue
 .text.sprintf  0x0800ac30       0x44 C:/ST/STM32CubeIDE_1.19.0/STM32CubeIDE/plugins/com.st.stm32cube.ide.mcu.externaltools.gnu-tools-for-stm32.13.3.rel1.win32_1.0.0.202411081344/tools/bin/../lib/gcc/arm-none-eabi/13.3.1/../../../../arm-none-eabi/lib/thumb/v7e-m+fp/hard\libc_nano.a(libc_a-sprintf.o)
                0x0800ac30                siprintf
                0x0800ac30                sprintf
 .text.__sread  0x0800ac74       0x22 C:/ST/STM32CubeIDE_1.19.0/STM32CubeIDE/plugins/com.st.stm32cube.ide.mcu.externaltools.gnu-tools-for-stm32.13.3.rel1.win32_1.0.0.202411081344/tools/bin/../lib/gcc/arm-none-eabi/13.3.1/../../../../arm-none-eabi/lib/thumb/v7e-m+fp/hard\libc_nano.a(libc_a-stdio.o)
                0x0800ac74                __sread
 .text.__swrite
                0x0800ac96       0x38 C:/ST/STM32CubeIDE_1.19.0/STM32CubeIDE/plugins/com.st.stm32cube.ide.mcu.externaltools.gnu-tools-for-stm32.13.3.rel1.win32_1.0.0.202411081344/tools/bin/../lib/gcc/arm-none-eabi/13.3.1/../../../../arm-none-eabi/lib/thumb/v7e-m+fp/hard\libc_nano.a(libc_a-stdio.o)
                0x0800ac96                __swrite
 .text.__sseek  0x0800acce       0x24 C:/ST/STM32CubeIDE_1.19.0/STM32CubeIDE/plugins/com.st.stm32cube.ide.mcu.externaltools.gnu-tools-for-stm32.13.3.rel1.win32_1.0.0.202411081344/tools/bin/../lib/gcc/arm-none-eabi/13.3.1/../../../../arm-none-eabi/lib/thumb/v7e-m+fp/hard\libc_nano.a(libc_a-stdio.o)
                0x0800acce                __sseek
 .text.__sclose
                0x0800acf2        0x8 C:/ST/STM32CubeIDE_1.19.0/STM32CubeIDE/plugins/com.st.stm32cube.ide.mcu.externaltools.gnu-tools-for-stm32.13.3.rel1.win32_1.0.0.202411081344/tools/bin/../lib/gcc/arm-none-eabi/13.3.1/../../../../arm-none-eabi/lib/thumb/v7e-m+fp/hard\libc_nano.a(libc_a-stdio.o)
                0x0800acf2                __sclose
 .text.memcmp   0x0800acfa       0x20 C:/ST/STM32CubeIDE_1.19.0/STM32CubeIDE/plugins/com.st.stm32cube.ide.mcu.externaltools.gnu-tools-for-stm32.13.3.rel1.win32_1.0.0.202411081344/tools/bin/../lib/gcc/arm-none-eabi/13.3.1/../../../../arm-none-eabi/lib/thumb/v7e-m+fp/hard\libc_nano.a(libc_a-memcmp.o)
                0x0800acfa                memcmp
 .text.memset   0x0800ad1a       0x10 C:/ST/STM32CubeIDE_1.19.0/STM32CubeIDE/plugins/com.st.stm32cube.ide.mcu.externaltools.gnu-tools-for-stm32.13.3.rel1.win32_1.0.0.202411081344/tools/bin/../lib/gcc/arm-none-eabi/13.3.1/../../../../arm-none-eabi/lib/thumb/v7e-m+fp/hard\libc_nano.a(libc_a-memset.o)
                0x0800ad1a                memset
 .text.strncmp  0x0800ad2a       0x24 C:/ST/STM32CubeIDE_1.19.0/STM32CubeIDE/plugins/com.st.stm32cube.ide.mcu.externaltools.gnu-tools-for-stm32.13.3.rel1.win32_1.0.0.202411081344/tools/bin/../lib/gcc/arm-none-eabi/13.3.1/../../../../arm-none-eabi/lib/thumb/v7e-m+fp/hard\libc_nano.a(libc_a-strncmp.o)
                0x0800ad2a                strncmp
 .text.strncpy  0x0800ad4e       0x26 C:/ST/STM32CubeIDE_1.19.0/STM32CubeIDE/plugins/com.st.stm32cube.ide.mcu.externaltools.gnu-tools-for-stm32.13.3.rel1.win32_1.0.0.202411081344/tools/bin/../lib/gcc/arm-none-eabi/13.3.1/../../../../arm-none-eabi/lib/thumb/v7e-m+fp/hard\libc_nano.a(libc_a-strncpy.o)
                0x0800ad4e                strncpy
 .text._localeconv_r
                0x0800ad74        0x8 C:/ST/STM32CubeIDE_1.19.0/STM32CubeIDE/plugins/com.st.stm32cube.ide.mcu.externaltools.gnu-tools-for-stm32.13.3.rel1.win32_1.0.0.202411081344/tools/bin/../lib/gcc/arm-none-eabi/13.3.1/../../../../arm-none-eabi/lib/thumb/v7e-m+fp/hard\libc_nano.a(libc_a-localeconv.o)
                0x0800ad74                _localeconv_r
 .text._close_r
                0x0800ad7c       0x20 C:/ST/STM32CubeIDE_1.19.0/STM32CubeIDE/plugins/com.st.stm32cube.ide.mcu.externaltools.gnu-tools-for-stm32.13.3.rel1.win32_1.0.0.202411081344/tools/bin/../lib/gcc/arm-none-eabi/13.3.1/../../../../arm-none-eabi/lib/thumb/v7e-m+fp/hard\libc_nano.a(libc_a-closer.o)
                0x0800ad7c                _close_r
 .text._reclaim_reent
                0x0800ad9c       0xbc C:/ST/STM32CubeIDE_1.19.0/STM32CubeIDE/plugins/com.st.stm32cube.ide.mcu.externaltools.gnu-tools-for-stm32.13.3.rel1.win32_1.0.0.202411081344/tools/bin/../lib/gcc/arm-none-eabi/13.3.1/../../../../arm-none-eabi/lib/thumb/v7e-m+fp/hard\libc_nano.a(libc_a-reent.o)
                0x0800ad9c                _reclaim_reent
 .text._lseek_r
                0x0800ae58       0x24 C:/ST/STM32CubeIDE_1.19.0/STM32CubeIDE/plugins/com.st.stm32cube.ide.mcu.externaltools.gnu-tools-for-stm32.13.3.rel1.win32_1.0.0.202411081344/tools/bin/../lib/gcc/arm-none-eabi/13.3.1/../../../../arm-none-eabi/lib/thumb/v7e-m+fp/hard\libc_nano.a(libc_a-lseekr.o)
                0x0800ae58                _lseek_r
 .text._read_r  0x0800ae7c       0x24 C:/ST/STM32CubeIDE_1.19.0/STM32CubeIDE/plugins/com.st.stm32cube.ide.mcu.externaltools.gnu-tools-for-stm32.13.3.rel1.win32_1.0.0.202411081344/tools/bin/../lib/gcc/arm-none-eabi/13.3.1/../../../../arm-none-eabi/lib/thumb/v7e-m+fp/hard\libc_nano.a(libc_a-readr.o)
                0x0800ae7c                _read_r
 .text._sbrk_r  0x0800aea0       0x20 C:/ST/STM32CubeIDE_1.19.0/STM32CubeIDE/plugins/com.st.stm32cube.ide.mcu.externaltools.gnu-tools-for-stm32.13.3.rel1.win32_1.0.0.202411081344/tools/bin/../lib/gcc/arm-none-eabi/13.3.1/../../../../arm-none-eabi/lib/thumb/v7e-m+fp/hard\libc_nano.a(libc_a-sbrkr.o)
                0x0800aea0                _sbrk_r
 .text._write_r
                0x0800aec0       0x24 C:/ST/STM32CubeIDE_1.19.0/STM32CubeIDE/plugins/com.st.stm32cube.ide.mcu.externaltools.gnu-tools-for-stm32.13.3.rel1.win32_1.0.0.202411081344/tools/bin/../lib/gcc/arm-none-eabi/13.3.1/../../../../arm-none-eabi/lib/thumb/v7e-m+fp/hard\libc_nano.a(libc_a-writer.o)
                0x0800aec0                _write_r
 .text.__errno  0x0800aee4        0xc C:/ST/STM32CubeIDE_1.19.0/STM32CubeIDE/plugins/com.st.stm32cube.ide.mcu.externaltools.gnu-tools-for-stm32.13.3.rel1.win32_1.0.0.202411081344/tools/bin/../lib/gcc/arm-none-eabi/13.3.1/../../../../arm-none-eabi/lib/thumb/v7e-m+fp/hard\libc_nano.a(libc_a-errno.o)
                0x0800aee4                __errno
 .text.__libc_init_array
                0x0800aef0       0x48 C:/ST/STM32CubeIDE_1.19.0/STM32CubeIDE/plugins/com.st.stm32cube.ide.mcu.externaltools.gnu-tools-for-stm32.13.3.rel1.win32_1.0.0.202411081344/tools/bin/../lib/gcc/arm-none-eabi/13.3.1/../../../../arm-none-eabi/lib/thumb/v7e-m+fp/hard\libc_nano.a(libc_a-init.o)
                0x0800aef0                __libc_init_array
 .text.__retarget_lock_init_recursive
                0x0800af38        0x2 C:/ST/STM32CubeIDE_1.19.0/STM32CubeIDE/plugins/com.st.stm32cube.ide.mcu.externaltools.gnu-tools-for-stm32.13.3.rel1.win32_1.0.0.202411081344/tools/bin/../lib/gcc/arm-none-eabi/13.3.1/../../../../arm-none-eabi/lib/thumb/v7e-m+fp/hard\libc_nano.a(libc_a-lock.o)
                0x0800af38                __retarget_lock_init_recursive
 .text.__retarget_lock_acquire_recursive
                0x0800af3a        0x2 C:/ST/STM32CubeIDE_1.19.0/STM32CubeIDE/plugins/com.st.stm32cube.ide.mcu.externaltools.gnu-tools-for-stm32.13.3.rel1.win32_1.0.0.202411081344/tools/bin/../lib/gcc/arm-none-eabi/13.3.1/../../../../arm-none-eabi/lib/thumb/v7e-m+fp/hard\libc_nano.a(libc_a-lock.o)
                0x0800af3a                __retarget_lock_acquire_recursive
 .text.__retarget_lock_release_recursive
                0x0800af3c        0x2 C:/ST/STM32CubeIDE_1.19.0/STM32CubeIDE/plugins/com.st.stm32cube.ide.mcu.externaltools.gnu-tools-for-stm32.13.3.rel1.win32_1.0.0.202411081344/tools/bin/../lib/gcc/arm-none-eabi/13.3.1/../../../../arm-none-eabi/lib/thumb/v7e-m+fp/hard\libc_nano.a(libc_a-lock.o)
                0x0800af3c                __retarget_lock_release_recursive
 .text.memcpy   0x0800af3e       0x1c C:/ST/STM32CubeIDE_1.19.0/STM32CubeIDE/plugins/com.st.stm32cube.ide.mcu.externaltools.gnu-tools-for-stm32.13.3.rel1.win32_1.0.0.202411081344/tools/bin/../lib/gcc/arm-none-eabi/13.3.1/../../../../arm-none-eabi/lib/thumb/v7e-m+fp/hard\libc_nano.a(libc_a-memcpy-stub.o)
                0x0800af3e                memcpy
 *fill*         0x0800af5a        0x2 
 .text.nanf     0x0800af5c        0xc C:/ST/STM32CubeIDE_1.19.0/STM32CubeIDE/plugins/com.st.stm32cube.ide.mcu.externaltools.gnu-tools-for-stm32.13.3.rel1.win32_1.0.0.202411081344/tools/bin/../lib/gcc/arm-none-eabi/13.3.1/../../../../arm-none-eabi/lib/thumb/v7e-m+fp/hard\libc_nano.a(libm_a-sf_nan.o)
                0x0800af5c                nanf
 .text.quorem   0x0800af68      0x110 C:/ST/STM32CubeIDE_1.19.0/STM32CubeIDE/plugins/com.st.stm32cube.ide.mcu.externaltools.gnu-tools-for-stm32.13.3.rel1.win32_1.0.0.202411081344/tools/bin/../lib/gcc/arm-none-eabi/13.3.1/../../../../arm-none-eabi/lib/thumb/v7e-m+fp/hard\libc_nano.a(libc_a-dtoa.o)
 .text._dtoa_r  0x0800b078      0xba0 C:/ST/STM32CubeIDE_1.19.0/STM32CubeIDE/plugins/com.st.stm32cube.ide.mcu.externaltools.gnu-tools-for-stm32.13.3.rel1.win32_1.0.0.202411081344/tools/bin/../lib/gcc/arm-none-eabi/13.3.1/../../../../arm-none-eabi/lib/thumb/v7e-m+fp/hard\libc_nano.a(libc_a-dtoa.o)
                0x0800b078                _dtoa_r
 .text._free_r  0x0800bc18       0x94 C:/ST/STM32CubeIDE_1.19.0/STM32CubeIDE/plugins/com.st.stm32cube.ide.mcu.externaltools.gnu-tools-for-stm32.13.3.rel1.win32_1.0.0.202411081344/tools/bin/../lib/gcc/arm-none-eabi/13.3.1/../../../../arm-none-eabi/lib/thumb/v7e-m+fp/hard\libc_nano.a(libc_a-freer.o)
                0x0800bc18                _free_r
 .text._Balloc  0x0800bcac       0x80 C:/ST/STM32CubeIDE_1.19.0/STM32CubeIDE/plugins/com.st.stm32cube.ide.mcu.externaltools.gnu-tools-for-stm32.13.3.rel1.win32_1.0.0.202411081344/tools/bin/../lib/gcc/arm-none-eabi/13.3.1/../../../../arm-none-eabi/lib/thumb/v7e-m+fp/hard\libc_nano.a(libc_a-mprec.o)
                0x0800bcac                _Balloc
 .text._Bfree   0x0800bd2c       0x44 C:/ST/STM32CubeIDE_1.19.0/STM32CubeIDE/plugins/com.st.stm32cube.ide.mcu.externaltools.gnu-tools-for-stm32.13.3.rel1.win32_1.0.0.202411081344/tools/bin/../lib/gcc/arm-none-eabi/13.3.1/../../../../arm-none-eabi/lib/thumb/v7e-m+fp/hard\libc_nano.a(libc_a-mprec.o)
                0x0800bd2c                _Bfree
 .text.__multadd
                0x0800bd70       0x8c C:/ST/STM32CubeIDE_1.19.0/STM32CubeIDE/plugins/com.st.stm32cube.ide.mcu.externaltools.gnu-tools-for-stm32.13.3.rel1.win32_1.0.0.202411081344/tools/bin/../lib/gcc/arm-none-eabi/13.3.1/../../../../arm-none-eabi/lib/thumb/v7e-m+fp/hard\libc_nano.a(libc_a-mprec.o)
                0x0800bd70                __multadd
 .text.__s2b    0x0800bdfc       0x94 C:/ST/STM32CubeIDE_1.19.0/STM32CubeIDE/plugins/com.st.stm32cube.ide.mcu.externaltools.gnu-tools-for-stm32.13.3.rel1.win32_1.0.0.202411081344/tools/bin/../lib/gcc/arm-none-eabi/13.3.1/../../../../arm-none-eabi/lib/thumb/v7e-m+fp/hard\libc_nano.a(libc_a-mprec.o)
                0x0800bdfc                __s2b
 .text.__hi0bits
                0x0800be90       0x3e C:/ST/STM32CubeIDE_1.19.0/STM32CubeIDE/plugins/com.st.stm32cube.ide.mcu.externaltools.gnu-tools-for-stm32.13.3.rel1.win32_1.0.0.202411081344/tools/bin/../lib/gcc/arm-none-eabi/13.3.1/../../../../arm-none-eabi/lib/thumb/v7e-m+fp/hard\libc_nano.a(libc_a-mprec.o)
                0x0800be90                __hi0bits
 .text.__lo0bits
                0x0800bece       0x5a C:/ST/STM32CubeIDE_1.19.0/STM32CubeIDE/plugins/com.st.stm32cube.ide.mcu.externaltools.gnu-tools-for-stm32.13.3.rel1.win32_1.0.0.202411081344/tools/bin/../lib/gcc/arm-none-eabi/13.3.1/../../../../arm-none-eabi/lib/thumb/v7e-m+fp/hard\libc_nano.a(libc_a-mprec.o)
                0x0800bece                __lo0bits
 .text.__i2b    0x0800bf28       0x2c C:/ST/STM32CubeIDE_1.19.0/STM32CubeIDE/plugins/com.st.stm32cube.ide.mcu.externaltools.gnu-tools-for-stm32.13.3.rel1.win32_1.0.0.202411081344/tools/bin/../lib/gcc/arm-none-eabi/13.3.1/../../../../arm-none-eabi/lib/thumb/v7e-m+fp/hard\libc_nano.a(libc_a-mprec.o)
                0x0800bf28                __i2b
 .text.__multiply
                0x0800bf54      0x144 C:/ST/STM32CubeIDE_1.19.0/STM32CubeIDE/plugins/com.st.stm32cube.ide.mcu.externaltools.gnu-tools-for-stm32.13.3.rel1.win32_1.0.0.202411081344/tools/bin/../lib/gcc/arm-none-eabi/13.3.1/../../../../arm-none-eabi/lib/thumb/v7e-m+fp/hard\libc_nano.a(libc_a-mprec.o)
                0x0800bf54                __multiply
 .text.__pow5mult
                0x0800c098       0xb4 C:/ST/STM32CubeIDE_1.19.0/STM32CubeIDE/plugins/com.st.stm32cube.ide.mcu.externaltools.gnu-tools-for-stm32.13.3.rel1.win32_1.0.0.202411081344/tools/bin/../lib/gcc/arm-none-eabi/13.3.1/../../../../arm-none-eabi/lib/thumb/v7e-m+fp/hard\libc_nano.a(libc_a-mprec.o)
                0x0800c098                __pow5mult
 .text.__lshift
                0x0800c14c       0xd8 C:/ST/STM32CubeIDE_1.19.0/STM32CubeIDE/plugins/com.st.stm32cube.ide.mcu.externaltools.gnu-tools-for-stm32.13.3.rel1.win32_1.0.0.202411081344/tools/bin/../lib/gcc/arm-none-eabi/13.3.1/../../../../arm-none-eabi/lib/thumb/v7e-m+fp/hard\libc_nano.a(libc_a-mprec.o)
                0x0800c14c                __lshift
 .text.__mcmp   0x0800c224       0x36 C:/ST/STM32CubeIDE_1.19.0/STM32CubeIDE/plugins/com.st.stm32cube.ide.mcu.externaltools.gnu-tools-for-stm32.13.3.rel1.win32_1.0.0.202411081344/tools/bin/../lib/gcc/arm-none-eabi/13.3.1/../../../../arm-none-eabi/lib/thumb/v7e-m+fp/hard\libc_nano.a(libc_a-mprec.o)
                0x0800c224                __mcmp
 *fill*         0x0800c25a        0x2 
 .text.__mdiff  0x0800c25c      0x128 C:/ST/STM32CubeIDE_1.19.0/STM32CubeIDE/plugins/com.st.stm32cube.ide.mcu.externaltools.gnu-tools-for-stm32.13.3.rel1.win32_1.0.0.202411081344/tools/bin/../lib/gcc/arm-none-eabi/13.3.1/../../../../arm-none-eabi/lib/thumb/v7e-m+fp/hard\libc_nano.a(libc_a-mprec.o)
                0x0800c25c                __mdiff
 .text.__ulp    0x0800c384       0x4c C:/ST/STM32CubeIDE_1.19.0/STM32CubeIDE/plugins/com.st.stm32cube.ide.mcu.externaltools.gnu-tools-for-stm32.13.3.rel1.win32_1.0.0.202411081344/tools/bin/../lib/gcc/arm-none-eabi/13.3.1/../../../../arm-none-eabi/lib/thumb/v7e-m+fp/hard\libc_nano.a(libc_a-mprec.o)
                0x0800c384                __ulp
 .text.__b2d    0x0800c3d0       0x94 C:/ST/STM32CubeIDE_1.19.0/STM32CubeIDE/plugins/com.st.stm32cube.ide.mcu.externaltools.gnu-tools-for-stm32.13.3.rel1.win32_1.0.0.202411081344/tools/bin/../lib/gcc/arm-none-eabi/13.3.1/../../../../arm-none-eabi/lib/thumb/v7e-m+fp/hard\libc_nano.a(libc_a-mprec.o)
                0x0800c3d0                __b2d
 .text.__d2b    0x0800c464       0xb0 C:/ST/STM32CubeIDE_1.19.0/STM32CubeIDE/plugins/com.st.stm32cube.ide.mcu.externaltools.gnu-tools-for-stm32.13.3.rel1.win32_1.0.0.202411081344/tools/bin/../lib/gcc/arm-none-eabi/13.3.1/../../../../arm-none-eabi/lib/thumb/v7e-m+fp/hard\libc_nano.a(libc_a-mprec.o)
                0x0800c464                __d2b
 .text.__ratio  0x0800c514       0x64 C:/ST/STM32CubeIDE_1.19.0/STM32CubeIDE/plugins/com.st.stm32cube.ide.mcu.externaltools.gnu-tools-for-stm32.13.3.rel1.win32_1.0.0.202411081344/tools/bin/../lib/gcc/arm-none-eabi/13.3.1/../../../../arm-none-eabi/lib/thumb/v7e-m+fp/hard\libc_nano.a(libc_a-mprec.o)
                0x0800c514                __ratio
 .text.__copybits
                0x0800c578       0x46 C:/ST/STM32CubeIDE_1.19.0/STM32CubeIDE/plugins/com.st.stm32cube.ide.mcu.externaltools.gnu-tools-for-stm32.13.3.rel1.win32_1.0.0.202411081344/tools/bin/../lib/gcc/arm-none-eabi/13.3.1/../../../../arm-none-eabi/lib/thumb/v7e-m+fp/hard\libc_nano.a(libc_a-mprec.o)
                0x0800c578                __copybits
 .text.__any_on
                0x0800c5be       0x42 C:/ST/STM32CubeIDE_1.19.0/STM32CubeIDE/plugins/com.st.stm32cube.ide.mcu.externaltools.gnu-tools-for-stm32.13.3.rel1.win32_1.0.0.202411081344/tools/bin/../lib/gcc/arm-none-eabi/13.3.1/../../../../arm-none-eabi/lib/thumb/v7e-m+fp/hard\libc_nano.a(libc_a-mprec.o)
                0x0800c5be                __any_on
 .text.sulp     0x0800c600       0x3c C:/ST/STM32CubeIDE_1.19.0/STM32CubeIDE/plugins/com.st.stm32cube.ide.mcu.externaltools.gnu-tools-for-stm32.13.3.rel1.win32_1.0.0.202411081344/tools/bin/../lib/gcc/arm-none-eabi/13.3.1/../../../../arm-none-eabi/lib/thumb/v7e-m+fp/hard\libc_nano.a(libc_a-strtod.o)
 *fill*         0x0800c63c        0x4 
 .text._strtod_l
                0x0800c640      0xbc8 C:/ST/STM32CubeIDE_1.19.0/STM32CubeIDE/plugins/com.st.stm32cube.ide.mcu.externaltools.gnu-tools-for-stm32.13.3.rel1.win32_1.0.0.202411081344/tools/bin/../lib/gcc/arm-none-eabi/13.3.1/../../../../arm-none-eabi/lib/thumb/v7e-m+fp/hard\libc_nano.a(libc_a-strtod.o)
                0x0800c640                _strtod_l
 .text._strtod_r
                0x0800d208        0xc C:/ST/STM32CubeIDE_1.19.0/STM32CubeIDE/plugins/com.st.stm32cube.ide.mcu.externaltools.gnu-tools-for-stm32.13.3.rel1.win32_1.0.0.202411081344/tools/bin/../lib/gcc/arm-none-eabi/13.3.1/../../../../arm-none-eabi/lib/thumb/v7e-m+fp/hard\libc_nano.a(libc_a-strtod.o)
                0x0800d208                _strtod_r
 .text._strtol_l.isra.0
                0x0800d214       0xf4 C:/ST/STM32CubeIDE_1.19.0/STM32CubeIDE/plugins/com.st.stm32cube.ide.mcu.externaltools.gnu-tools-for-stm32.13.3.rel1.win32_1.0.0.202411081344/tools/bin/../lib/gcc/arm-none-eabi/13.3.1/../../../../arm-none-eabi/lib/thumb/v7e-m+fp/hard\libc_nano.a(libc_a-strtol.o)
 .text._strtol_r
                0x0800d308        0x4 C:/ST/STM32CubeIDE_1.19.0/STM32CubeIDE/plugins/com.st.stm32cube.ide.mcu.externaltools.gnu-tools-for-stm32.13.3.rel1.win32_1.0.0.202411081344/tools/bin/../lib/gcc/arm-none-eabi/13.3.1/../../../../arm-none-eabi/lib/thumb/v7e-m+fp/hard\libc_nano.a(libc_a-strtol.o)
                0x0800d308                _strtol_r
 .text.__ssputs_r
                0x0800d30c       0xb6 C:/ST/STM32CubeIDE_1.19.0/STM32CubeIDE/plugins/com.st.stm32cube.ide.mcu.externaltools.gnu-tools-for-stm32.13.3.rel1.win32_1.0.0.202411081344/tools/bin/../lib/gcc/arm-none-eabi/13.3.1/../../../../arm-none-eabi/lib/thumb/v7e-m+fp/hard\libc_nano.a(libc_a-nano-svfprintf.o)
                0x0800d30c                __ssputs_r
 *fill*         0x0800d3c2        0x2 
 .text._svfprintf_r
                0x0800d3c4      0x1f8 C:/ST/STM32CubeIDE_1.19.0/STM32CubeIDE/plugins/com.st.stm32cube.ide.mcu.externaltools.gnu-tools-for-stm32.13.3.rel1.win32_1.0.0.202411081344/tools/bin/../lib/gcc/arm-none-eabi/13.3.1/../../../../arm-none-eabi/lib/thumb/v7e-m+fp/hard\libc_nano.a(libc_a-nano-svfprintf.o)
                0x0800d3c4                _svfiprintf_r
                0x0800d3c4                _svfprintf_r
 .text.__sflush_r
                0x0800d5bc      0x108 C:/ST/STM32CubeIDE_1.19.0/STM32CubeIDE/plugins/com.st.stm32cube.ide.mcu.externaltools.gnu-tools-for-stm32.13.3.rel1.win32_1.0.0.202411081344/tools/bin/../lib/gcc/arm-none-eabi/13.3.1/../../../../arm-none-eabi/lib/thumb/v7e-m+fp/hard\libc_nano.a(libc_a-fflush.o)
                0x0800d5bc                __sflush_r
 .text._fflush_r
                0x0800d6c4       0x50 C:/ST/STM32CubeIDE_1.19.0/STM32CubeIDE/plugins/com.st.stm32cube.ide.mcu.externaltools.gnu-tools-for-stm32.13.3.rel1.win32_1.0.0.202411081344/tools/bin/../lib/gcc/arm-none-eabi/13.3.1/../../../../arm-none-eabi/lib/thumb/v7e-m+fp/hard\libc_nano.a(libc_a-fflush.o)
                0x0800d6c4                _fflush_r
 .text.memmove  0x0800d714       0x34 C:/ST/STM32CubeIDE_1.19.0/STM32CubeIDE/plugins/com.st.stm32cube.ide.mcu.externaltools.gnu-tools-for-stm32.13.3.rel1.win32_1.0.0.202411081344/tools/bin/../lib/gcc/arm-none-eabi/13.3.1/../../../../arm-none-eabi/lib/thumb/v7e-m+fp/hard\libc_nano.a(libc_a-memmove.o)
                0x0800d714                memmove
 .text.nan      0x0800d748       0x10 C:/ST/STM32CubeIDE_1.19.0/STM32CubeIDE/plugins/com.st.stm32cube.ide.mcu.externaltools.gnu-tools-for-stm32.13.3.rel1.win32_1.0.0.202411081344/tools/bin/../lib/gcc/arm-none-eabi/13.3.1/../../../../arm-none-eabi/lib/thumb/v7e-m+fp/hard\libc_nano.a(libm_a-s_nan.o)
                0x0800d748                nan
 .text.__assert_func
                0x0800d758       0x3c C:/ST/STM32CubeIDE_1.19.0/STM32CubeIDE/plugins/com.st.stm32cube.ide.mcu.externaltools.gnu-tools-for-stm32.13.3.rel1.win32_1.0.0.202411081344/tools/bin/../lib/gcc/arm-none-eabi/13.3.1/../../../../arm-none-eabi/lib/thumb/v7e-m+fp/hard\libc_nano.a(libc_a-assert.o)
                0x0800d758                __assert_func
 .text._calloc_r
                0x0800d794       0x28 C:/ST/STM32CubeIDE_1.19.0/STM32CubeIDE/plugins/com.st.stm32cube.ide.mcu.externaltools.gnu-tools-for-stm32.13.3.rel1.win32_1.0.0.202411081344/tools/bin/../lib/gcc/arm-none-eabi/13.3.1/../../../../arm-none-eabi/lib/thumb/v7e-m+fp/hard\libc_nano.a(libc_a-callocr.o)
                0x0800d794                _calloc_r
 .text.rshift   0x0800d7bc       0xa4 C:/ST/STM32CubeIDE_1.19.0/STM32CubeIDE/plugins/com.st.stm32cube.ide.mcu.externaltools.gnu-tools-for-stm32.13.3.rel1.win32_1.0.0.202411081344/tools/bin/../lib/gcc/arm-none-eabi/13.3.1/../../../../arm-none-eabi/lib/thumb/v7e-m+fp/hard\libc_nano.a(libc_a-gdtoa-gethex.o)
 .text.__hexdig_fun
                0x0800d860       0x2a C:/ST/STM32CubeIDE_1.19.0/STM32CubeIDE/plugins/com.st.stm32cube.ide.mcu.externaltools.gnu-tools-for-stm32.13.3.rel1.win32_1.0.0.202411081344/tools/bin/../lib/gcc/arm-none-eabi/13.3.1/../../../../arm-none-eabi/lib/thumb/v7e-m+fp/hard\libc_nano.a(libc_a-gdtoa-gethex.o)
                0x0800d860                __hexdig_fun
 *fill*         0x0800d88a        0x2 
 .text.__gethex
                0x0800d88c      0x420 C:/ST/STM32CubeIDE_1.19.0/STM32CubeIDE/plugins/com.st.stm32cube.ide.mcu.externaltools.gnu-tools-for-stm32.13.3.rel1.win32_1.0.0.202411081344/tools/bin/../lib/gcc/arm-none-eabi/13.3.1/../../../../arm-none-eabi/lib/thumb/v7e-m+fp/hard\libc_nano.a(libc_a-gdtoa-gethex.o)
                0x0800d88c                __gethex
 .text.L_shift  0x0800dcac       0x24 C:/ST/STM32CubeIDE_1.19.0/STM32CubeIDE/plugins/com.st.stm32cube.ide.mcu.externaltools.gnu-tools-for-stm32.13.3.rel1.win32_1.0.0.202411081344/tools/bin/../lib/gcc/arm-none-eabi/13.3.1/../../../../arm-none-eabi/lib/thumb/v7e-m+fp/hard\libc_nano.a(libc_a-gdtoa-hexnan.o)
 .text.__match  0x0800dcd0       0x28 C:/ST/STM32CubeIDE_1.19.0/STM32CubeIDE/plugins/com.st.stm32cube.ide.mcu.externaltools.gnu-tools-for-stm32.13.3.rel1.win32_1.0.0.202411081344/tools/bin/../lib/gcc/arm-none-eabi/13.3.1/../../../../arm-none-eabi/lib/thumb/v7e-m+fp/hard\libc_nano.a(libc_a-gdtoa-hexnan.o)
                0x0800dcd0                __match
 .text.__hexnan
                0x0800dcf8      0x136 C:/ST/STM32CubeIDE_1.19.0/STM32CubeIDE/plugins/com.st.stm32cube.ide.mcu.externaltools.gnu-tools-for-stm32.13.3.rel1.win32_1.0.0.202411081344/tools/bin/../lib/gcc/arm-none-eabi/13.3.1/../../../../arm-none-eabi/lib/thumb/v7e-m+fp/hard\libc_nano.a(libc_a-gdtoa-hexnan.o)
                0x0800dcf8                __hexnan
 .text.__ascii_mbtowc
                0x0800de2e       0x24 C:/ST/STM32CubeIDE_1.19.0/STM32CubeIDE/plugins/com.st.stm32cube.ide.mcu.externaltools.gnu-tools-for-stm32.13.3.rel1.win32_1.0.0.202411081344/tools/bin/../lib/gcc/arm-none-eabi/13.3.1/../../../../arm-none-eabi/lib/thumb/v7e-m+fp/hard\libc_nano.a(libc_a-mbtowc_r.o)
                0x0800de2e                __ascii_mbtowc
 .text._realloc_r
                0x0800de52       0x5c C:/ST/STM32CubeIDE_1.19.0/STM32CubeIDE/plugins/com.st.stm32cube.ide.mcu.externaltools.gnu-tools-for-stm32.13.3.rel1.win32_1.0.0.202411081344/tools/bin/../lib/gcc/arm-none-eabi/13.3.1/../../../../arm-none-eabi/lib/thumb/v7e-m+fp/hard\libc_nano.a(libc_a-reallocr.o)
                0x0800de52                _realloc_r
 .text.__ascii_wctomb