Archive member included to satisfy reference by file (symbol)

C:/ST/STM32CubeIDE_1.19.0/STM32CubeIDE/plugins/com.st.stm32cube.ide.mcu.externaltools.gnu-tools-for-stm32.13.3.rel1.win32_1.0.0.202411081344/tools/bin/../lib/gcc/arm-none-eabi/13.3.1/../../../../arm-none-eabi/lib/thumb/v7e-m+fp/hard\libc_nano.a(libc_a-exit.o)
                              C:/ST/STM32CubeIDE_1.19.0/STM32CubeIDE/plugins/com.st.stm32cube.ide.mcu.externaltools.gnu-tools-for-stm32.13.3.rel1.win32_1.0.0.202411081344/tools/bin/../lib/gcc/arm-none-eabi/13.3.1/../../../../arm-none-eabi/lib/thumb/v7e-m+fp/hard/crt0.o (exit)
C:/ST/STM32CubeIDE_1.19.0/STM32CubeIDE/plugins/com.st.stm32cube.ide.mcu.externaltools.gnu-tools-for-stm32.13.3.rel1.win32_1.0.0.202411081344/tools/bin/../lib/gcc/arm-none-eabi/13.3.1/../../../../arm-none-eabi/lib/thumb/v7e-m+fp/hard\libc_nano.a(libc_a-malloc.o)
                              ./CSP/src/csp_sfp.o (malloc)
C:/ST/STM32CubeIDE_1.19.0/STM32CubeIDE/plugins/com.st.stm32cube.ide.mcu.externaltools.gnu-tools-for-stm32.13.3.rel1.win32_1.0.0.202411081344/tools/bin/../lib/gcc/arm-none-eabi/13.3.1/../../../../arm-none-eabi/lib/thumb/v7e-m+fp/hard\libc_nano.a(libc_a-mallocr.o)
                              C:/ST/STM32CubeIDE_1.19.0/STM32CubeIDE/plugins/com.st.stm32cube.ide.mcu.externaltools.gnu-tools-for-stm32.13.3.rel1.win32_1.0.0.202411081344/tools/bin/../lib/gcc/arm-none-eabi/13.3.1/../../../../arm-none-eabi/lib/thumb/v7e-m+fp/hard\libc_nano.a(libc_a-malloc.o) (_malloc_r)
C:/ST/STM32CubeIDE_1.19.0/STM32CubeIDE/plugins/com.st.stm32cube.ide.mcu.externaltools.gnu-tools-for-stm32.13.3.rel1.win32_1.0.0.202411081344/tools/bin/../lib/gcc/arm-none-eabi/13.3.1/../../../../arm-none-eabi/lib/thumb/v7e-m+fp/hard\libc_nano.a(libc_a-mlock.o)
                              C:/ST/STM32CubeIDE_1.19.0/STM32CubeIDE/plugins/com.st.stm32cube.ide.mcu.externaltools.gnu-tools-for-stm32.13.3.rel1.win32_1.0.0.202411081344/tools/bin/../lib/gcc/arm-none-eabi/13.3.1/../../../../arm-none-eabi/lib/thumb/v7e-m+fp/hard\libc_nano.a(libc_a-mallocr.o) (__malloc_lock)
C:/ST/STM32CubeIDE_1.19.0/STM32CubeIDE/plugins/com.st.stm32cube.ide.mcu.externaltools.gnu-tools-for-stm32.13.3.rel1.win32_1.0.0.202411081344/tools/bin/../lib/gcc/arm-none-eabi/13.3.1/../../../../arm-none-eabi/lib/thumb/v7e-m+fp/hard\libc_nano.a(libc_a-nano-vfprintf_float.o)
                              (_printf_float)
C:/ST/STM32CubeIDE_1.19.0/STM32CubeIDE/plugins/com.st.stm32cube.ide.mcu.externaltools.gnu-tools-for-stm32.13.3.rel1.win32_1.0.0.202411081344/tools/bin/../lib/gcc/arm-none-eabi/13.3.1/../../../../arm-none-eabi/lib/thumb/v7e-m+fp/hard\libc_nano.a(libc_a-nano-vfprintf_i.o)
                              C:/ST/STM32CubeIDE_1.19.0/STM32CubeIDE/plugins/com.st.stm32cube.ide.mcu.externaltools.gnu-tools-for-stm32.13.3.rel1.win32_1.0.0.202411081344/tools/bin/../lib/gcc/arm-none-eabi/13.3.1/../../../../arm-none-eabi/lib/thumb/v7e-m+fp/hard\libc_nano.a(libc_a-nano-vfprintf_float.o) (_printf_common)
C:/ST/STM32CubeIDE_1.19.0/STM32CubeIDE/plugins/com.st.stm32cube.ide.mcu.externaltools.gnu-tools-for-stm32.13.3.rel1.win32_1.0.0.202411081344/tools/bin/../lib/gcc/arm-none-eabi/13.3.1/../../../../arm-none-eabi/lib/thumb/v7e-m+fp/hard\libc_nano.a(libc_a-nano-vfscanf_float.o)
                              (_scanf_float)
C:/ST/STM32CubeIDE_1.19.0/STM32CubeIDE/plugins/com.st.stm32cube.ide.mcu.externaltools.gnu-tools-for-stm32.13.3.rel1.win32_1.0.0.202411081344/tools/bin/../lib/gcc/arm-none-eabi/13.3.1/../../../../arm-none-eabi/lib/thumb/v7e-m+fp/hard\libc_nano.a(libc_a-findfp.o)
                              ./Middlewares/Third_Party/FreeRTOS/Source/tasks.o (__sf)
C:/ST/STM32CubeIDE_1.19.0/STM32CubeIDE/plugins/com.st.stm32cube.ide.mcu.externaltools.gnu-tools-for-stm32.13.3.rel1.win32_1.0.0.202411081344/tools/bin/../lib/gcc/arm-none-eabi/13.3.1/../../../../arm-none-eabi/lib/thumb/v7e-m+fp/hard\libc_nano.a(libc_a-fwalk.o)
                              C:/ST/STM32CubeIDE_1.19.0/STM32CubeIDE/plugins/com.st.stm32cube.ide.mcu.externaltools.gnu-tools-for-stm32.13.3.rel1.win32_1.0.0.202411081344/tools/bin/../lib/gcc/arm-none-eabi/13.3.1/../../../../arm-none-eabi/lib/thumb/v7e-m+fp/hard\libc_nano.a(libc_a-findfp.o) (_fwalk_sglue)
C:/ST/STM32CubeIDE_1.19.0/STM32CubeIDE/plugins/com.st.stm32cube.ide.mcu.externaltools.gnu-tools-for-stm32.13.3.rel1.win32_1.0.0.202411081344/tools/bin/../lib/gcc/arm-none-eabi/13.3.1/../../../../arm-none-eabi/lib/thumb/v7e-m+fp/hard\libc_nano.a(libc_a-sprintf.o)
                              ./Tests/test_csp.o (sprintf)
C:/ST/STM32CubeIDE_1.19.0/STM32CubeIDE/plugins/com.st.stm32cube.ide.mcu.externaltools.gnu-tools-for-stm32.13.3.rel1.win32_1.0.0.202411081344/tools/bin/../lib/gcc/arm-none-eabi/13.3.1/../../../../arm-none-eabi/lib/thumb/v7e-m+fp/hard\libc_nano.a(libc_a-stdio.o)
[...]
Memory Configuration

Name             Origin             Length             Attributes
CCMRAM           0x10000000         0x00010000         xrw
RAM              0x20000000         0x00020000         xrw
FLASH            0x08000000         0x00100000         xr
*default*        0x00000000         0xffffffff

Linker script and memory map

LOAD C:/ST/STM32CubeIDE_1.19.0/STM32CubeIDE/plugins/com.st.stm32cube.ide.mcu.externaltools.gnu-tools-for-stm32.13.3.rel1.win32_1.0.0.202411081344/tools/bin/../lib/gcc/arm-none-eabi/13.3.1/thumb/v7e-m+fp/hard/crti.o
LOAD C:/ST/STM32CubeIDE_1.19.0/STM32CubeIDE/plugins/com.st.stm32cube.ide.mcu.externaltools.gnu-tools-for-stm32.13.3.rel1.win32_1.0.0.202411081344/tools/bin/../lib/gcc/arm-none-eabi/13.3.1/thumb/v7e-m+fp/hard/crtbegin.o
LOAD C:/ST/STM32CubeIDE_1.19.0/STM32CubeIDE/plugins/com.st.stm32cube.ide.mcu.externaltools.gnu-tools-for-stm32.13.3.rel1.win32_1.0.0.202411081344/tools/bin/../lib/gcc/arm-none-eabi/13.3.1/../../../../arm-none-eabi/lib/thumb/v7e-m+fp/hard/crt0.o
LOAD ./CSP/can_stm32/can_stm32.o
LOAD ./CSP/src/arch/freertos/csp_clock.o
LOAD ./CSP/src/arch/freertos/csp_queue.o
LOAD ./CSP/src/arch/freertos/csp_semaphore.o
LOAD ./CSP/src/arch/freertos/csp_system.o
LOAD ./CSP/src/arch/freertos/csp_time.o
LOAD ./CSP/src/crypto/csp_hmac.o
LOAD ./CSP/src/crypto/csp_sha1.o
LOAD ./CSP/src/csp_bridge.o
LOAD ./CSP/src/csp_buffer.o
LOAD ./CSP/src/csp_conn.o
LOAD ./CSP/src/csp_crc32.o
LOAD ./CSP/src/csp_debug.o
LOAD ./CSP/src/csp_dedup.o
LOAD ./CSP/src/csp_endian.o
LOAD ./CSP/src/csp_hex_dump.o
LOAD ./CSP/src/csp_id.o
LOAD ./CSP/src/csp_iflist.o
LOAD ./CSP/src/csp_init.o
LOAD ./CSP/src/csp_io.o
LOAD ./CSP/src/csp_port.o
LOAD ./CSP/src/csp_promisc.o
LOAD ./CSP/src/csp_qfifo.o
LOAD ./CSP/src/csp_rdp.o
LOAD ./CSP/src/csp_rdp_queue.o
LOAD ./CSP/src/csp_route.o
LOAD ./CSP/src/csp_rtable_cidr.o
LOAD ./CSP/src/csp_service_handler.o
LOAD ./CSP/src/csp_services.o
LOAD ./CSP/src/csp_sfp.o
LOAD ./CSP/src/interfaces/csp_if_can.o
LOAD ./CSP/src/interfaces/csp_if_can_pbuf.o
LOAD ./CSP/src/interfaces/csp_if_lo.o
LOAD ./Core/Src/freertos.o
LOAD ./Core/Src/main.o
LOAD ./Core/Src/stm32f4xx_hal_msp.o
LOAD ./Core/Src/stm32f4xx_it.o
LOAD ./Core/Src/syscalls.o
LOAD ./Core/Src/sysmem.o
LOAD ./Core/Src/system_stm32f4xx.o
LOAD ./Core/Startup/startup_stm32f405rgtx.o
LOAD ./Drivers/STM32F4xx_HAL_Driver/Src/stm32f4xx_hal.o
LOAD ./Drivers/STM32F4xx_HAL_Driver/Src/stm32f4xx_hal_can.o
LOAD ./Drivers/STM32F4xx_HAL_Driver/Src/stm32f4xx_hal_cortex.o
LOAD ./Drivers/STM32F4xx_HAL_Driver/Src/stm32f4xx_hal_dma.o
LOAD ./Drivers/STM32F4xx_HAL_Driver/Src/stm32f4xx_hal_dma_ex.o
LOAD ./Drivers/STM32F4xx_HAL_Driver/Src/stm32f4xx_hal_exti.o
LOAD ./Drivers/STM32F4xx_HAL_Driver/Src/stm32f4xx_hal_flash.o
LOAD ./Drivers/STM32F4xx_HAL_Driver/Src/stm32f4xx_hal_flash_ex.o
LOAD ./Drivers/STM32F4xx_HAL_Driver/Src/stm32f4xx_hal_flash_ramfunc.o
LOAD ./Drivers/STM32F4xx_HAL_Driver/Src/stm32f4xx_hal_gpio.o
LOAD ./Drivers/STM32F4xx_HAL_Driver/Src/stm32f4xx_hal_pwr.o
LOAD ./Drivers/STM32F4xx_HAL_Driver/Src/stm32f4xx_hal_pwr_ex.o
LOAD ./Drivers/STM32F4xx_HAL_Driver/Src/stm32f4xx_hal_rcc.o
LOAD ./Drivers/STM32F4xx_HAL_Driver/Src/stm32f4xx_hal_rcc_ex.o
LOAD ./Drivers/STM32F4xx_HAL_Driver/Src/stm32f4xx_ll_dma.o
LOAD ./Drivers/STM32F4xx_HAL_Driver/Src/stm32f4xx_ll_exti.o
LOAD ./Drivers/STM32F4xx_HAL_Driver/Src/stm32f4xx_ll_gpio.o
LOAD ./Drivers/STM32F4xx_HAL_Driver/Src/stm32f4xx_ll_rcc.o
LOAD ./Drivers/STM32F4xx_HAL_Driver/Src/stm32f4xx_ll_usart.o
LOAD ./Drivers/STM32F4xx_HAL_Driver/Src/stm32f4xx_ll_utils.o
LOAD ./Middlewares/Third_Party/FreeRTOS/Source/CMSIS_RTOS_V2/cmsis_os2.o
LOAD ./Middlewares/Third_Party/FreeRTOS/Source/croutine.o
LOAD ./Middlewares/Third_Party/FreeRTOS/Source/event_groups.o
LOAD ./Middlewares/Third_Party/FreeRTOS/Source/list.o
LOAD ./Middlewares/Third_Party/FreeRTOS/Source/queue.o
LOAD ./Middlewares/Third_Party/FreeRTOS/Source/stream_buffer.o
LOAD ./Middlewares/Third_Party/FreeRTOS/Source/tasks.o
LOAD ./Middlewares/Third_Party/FreeRTOS/Source/timers.o
LOAD ./Middlewares/Third_Party/FreeRTOS/Source/portable/GCC/ARM_CM4F/port.o
LOAD ./Middlewares/Third_Party/FreeRTOS/Source/portable/MemMang/heap_4.o
LOAD ./Services/Logger/debug_logger.o
LOAD ./Tests/test_csp.o
START GROUP
LOAD C:/ST/STM32CubeIDE_1.19.0/STM32CubeIDE/plugins/com.st.stm32cube.ide.mcu.externaltools.gnu-tools-for-stm32.13.3.rel1.win32_1.0.0.202411081344/tools/bin/../lib/gcc/arm-none-eabi/13.3.1/../../../../arm-none-eabi/lib/thumb/v7e-m+fp/hard\libc_nano.a
LOAD C:/ST/STM32CubeIDE_1.19.0/STM32CubeIDE/plugins/com.st.stm32cube.ide.mcu.externaltools.gnu-tools-for-stm32.13.3.rel1.win32_1.0.0.202411081344/tools/bin/../lib/gcc/arm-none-eabi/13.3.1/../../../../arm-none-eabi/lib/thumb/v7e-m+fp/hard\libm.a
END GROUP
START GROUP
LOAD C:/ST/STM32CubeIDE_1.19.0/STM32CubeIDE/plugins/com.st.stm32cube.ide.mcu.externaltools.gnu-tools-for-stm32.13.3.rel1.win32_1.0.0.202411081344/tools/bin/../lib/gcc/arm-none-eabi/13.3.1/thumb/v7e-m+fp/hard\libgcc.a
LOAD C:/ST/STM32CubeIDE_1.19.0/STM32CubeIDE/plugins/com.st.stm32cube.ide.mcu.externaltools.gnu-tools-for-stm32.13.3.rel1.win32_1.0.0.202411081344/tools/bin/../lib/gcc/arm-none-eabi/13.3.1/../../../../arm-none-eabi/lib/thumb/v7e-m+fp/hard\libc_nano.a
END GROUP
START GROUP
LOAD C:/ST/STM32CubeIDE_1.19.0/STM32CubeIDE/plugins/com.st.stm32cube.ide.mcu.externaltools.gnu-tools-for-stm32.13.3.rel1.win32_1.0.0.202411081344/tools/bin/../lib/gcc/arm-none-eabi/13.3.1/thumb/v7e-m+fp/hard\libgcc.a
LOAD C:/ST/STM32CubeIDE_1.19.0/STM32CubeIDE/plugins/com.st.stm32cube.ide.mcu.externaltools.gnu-tools-for-stm32.13.3.rel1.win32_1.0.0.202411081344/tools/bin/../lib/gcc/arm-none-eabi/13.3.1/../../../../arm-none-eabi/lib/thumb/v7e-m+fp/hard\libc_nano.a
LOAD C:/ST/STM32CubeIDE_1.19.0/STM32CubeIDE/plugins/com.st.stm32cube.ide.mcu.externaltools.gnu-tools-for-stm32.13.3.rel1.win32_1.0.0.202411081344/tools/bin/../lib/gcc/arm-none-eabi/13.3.1/../../../../arm-none-eabi/lib/thumb/v7e-m+fp/hard\libnosys.a
END GROUP
START GROUP
LOAD C:/ST/STM32CubeIDE_1.19.0/STM32CubeIDE/plugins/com.st.stm32cube.ide.mcu.externaltools.gnu-tools-for-stm32.13.3.rel1.win32_1.0.0.202411081344/tools/bin/../lib/gcc/arm-none-eabi/13.3.1/thumb/v7e-m+fp/hard\libgcc.a
LOAD C:/ST/STM32CubeIDE_1.19.0/STM32CubeIDE/plugins/com.st.stm32cube.ide.mcu.externaltools.gnu-tools-for-stm32.13.3.rel1.win32_1.0.0.202411081344/tools/bin/../lib/gcc/arm-none-eabi/13.3.1/../../../../arm-none-eabi/lib/thumb/v7e-m+fp/hard\libc_nano.a
LOAD C:/ST/STM32CubeIDE_1.19.0/STM32CubeIDE/plugins/com.st.stm32cube.ide.mcu.externaltools.gnu-tools-for-stm32.13.3.rel1.win32_1.0.0.202411081344/tools/bin/../lib/gcc/arm-none-eabi/13.3.1/../../../../arm-none-eabi/lib/thumb/v7e-m+fp/hard\libnosys.a
END GROUP
LOAD C:/ST/STM32CubeIDE_1.19.0/STM32CubeIDE/plugins/com.st.stm32cube.ide.mcu.externaltools.gnu-tools-for-stm32.13.3.rel1.win32_1.0.0.202411081344/tools/bin/../lib/gcc/arm-none-eabi/13.3.1/thumb/v7e-m+fp/hard/crtend.o
LOAD C:/ST/STM32CubeIDE_1.19.0/STM32CubeIDE/plugins/com.st.stm32cube.ide.mcu.externaltools.gnu-tools-for-stm32.13.3.rel1.win32_1.0.0.202411081344/tools/bin/../lib/gcc/arm-none-eabi/13.3.1/thumb/v7e-m+fp/hard/crtn.o
                0x20020000                        _estack = (ORIGIN (RAM) + LENGTH (RAM))
                0x00000200                        _Min_Heap_Size = 0x200
                0x00000400                        _Min_Stack_Size = 0x400

.isr_vector     0x08000000      0x188
                0x08000000                        . = ALIGN (0x4)
 *(.isr_vector)
 .isr_vector    0x08000000      0x188 ./Core/Startup/startup_stm32f405rgtx.o
                0x08000000                g_pfnVectors
                0x08000188                        . = ALIGN (0x4)

.text           0x08000190     0xe31c
                0x08000190                        . = ALIGN (0x4)
 *(.text)
 .text          0x08000190       0x40 C:/ST/STM32CubeIDE_1.19.0/STM32CubeIDE/plugins/com.st.stm32cube.ide.mcu.externaltools.gnu-tools-for-stm32.13.3.rel1.win32_1.0.0.202411081344/tools/bin/../lib/gcc/arm-none-eabi/13.3.1/thumb/v7e-m+fp/hard/crtbegin.o
 .text          0x080001d0       0xa0 C:/ST/STM32CubeIDE_1.19.0/STM32CubeIDE/plugins/com.st.stm32cube.ide.mcu.externaltools.gnu-tools-for-stm32.13.3.rel1.win32_1.0.0.202411081344/tools/bin/../lib/gcc/arm-none-eabi/13.3.1/../../../../arm-none-eabi/lib/thumb/v7e-m+fp/hard\libc_nano.a(libc_a-memchr.o)
                0x080001d0                memchr
 .text          0x08000270       0x10 C:/ST/STM32CubeIDE_1.19.0/STM32CubeIDE/plugins/com.st.stm32cube.ide.mcu.externaltools.gnu-tools-for-stm32.13.3.rel1.win32_1.0.0.202411081344/tools/bin/../lib/gcc/arm-none-eabi/13.3.1/../../../../arm-none-eabi/lib/thumb/v7e-m+fp/hard\libc_nano.a(libc_a-strlen.o)
                0x08000270                strlen
 .text          0x08000280      0x378 C:/ST/STM32CubeIDE_1.19.0/STM32CubeIDE/plugins/com.st.stm32cube.ide.mcu.externaltools.gnu-tools-for-stm32.13.3.rel1.win32_1.0.0.202411081344/tools/bin/../lib/gcc/arm-none-eabi/13.3.1/thumb/v7e-m+fp/hard\libgcc.a(_arm_addsubdf3.o)
                0x08000280                __aeabi_drsub
                0x08000288                __aeabi_dsub
                0x08000288                __subdf3
                0x0800028c                __aeabi_dadd
                0x0800028c                __adddf3
                0x08000504                __floatunsidf
                0x08000504                __aeabi_ui2d
                0x08000524                __floatsidf
                0x08000524                __aeabi_i2d
                0x08000548                __aeabi_f2d
                0x08000548                __extendsfdf2
                0x0800058c                __floatundidf
                0x0800058c                __aeabi_ul2d
                0x0800059c                __floatdidf
                0x0800059c                __aeabi_l2d
 .text          0x080005f8      0x424 C:/ST/STM32CubeIDE_1.19.0/STM32CubeIDE/plugins/com.st.stm32cube.ide.mcu.externaltools.gnu-tools-for-stm32.13.3.rel1.win32_1.0.0.202411081344/tools/bin/../lib/gcc/arm-none-eabi/13.3.1/thumb/v7e-m+fp/hard\libgcc.a(_arm_muldivdf3.o)
                0x080005f8                __aeabi_dmul
                0x080005f8                __muldf3
                0x0800084c                __divdf3
                0x0800084c                __aeabi_ddiv
 .text          0x08000a1c      0x110 C:/ST/STM32CubeIDE_1.19.0/STM32CubeIDE/plugins/com.st.stm32cube.ide.mcu.externaltools.gnu-tools-for-stm32.13.3.rel1.win32_1.0.0.202411081344/tools/bin/../lib/gcc/arm-none-eabi/13.3.1/thumb/v7e-m+fp/hard\libgcc.a(_arm_cmpdf2.o)
                0x08000a1c                __gtdf2
                0x08000a1c                __gedf2
                0x08000a24                __ltdf2
                0x08000a24                __ledf2
                0x08000a2c                __nedf2
                0x08000a2c                __eqdf2
                0x08000a2c                __cmpdf2
                0x08000aa8                __aeabi_cdrcmple
                0x08000ab8                __aeabi_cdcmpeq
                0x08000ab8                __aeabi_cdcmple
                0x08000ac8                __aeabi_dcmpeq
                0x08000adc                __aeabi_dcmplt
                0x08000af0                __aeabi_dcmple
                0x08000b04                __aeabi_dcmpge
                0x08000b18                __aeabi_dcmpgt
 .text          0x08000b2c       0x2c C:/ST/STM32CubeIDE_1.19.0/STM32CubeIDE/plugins/com.st.stm32cube.ide.mcu.externaltools.gnu-tools-for-stm32.13.3.rel1.win32_1.0.0.202411081344/tools/bin/../lib/gcc/arm-none-eabi/13.3.1/thumb/v7e-m+fp/hard\libgcc.a(_arm_unorddf2.o)
                0x08000b2c                __unorddf2
                0x08000b2c                __aeabi_dcmpun
 .text          0x08000b58       0x50 C:/ST/STM32CubeIDE_1.19.0/STM32CubeIDE/plugins/com.st.stm32cube.ide.mcu.externaltools.gnu-tools-for-stm32.13.3.rel1.win32_1.0.0.202411081344/tools/bin/../lib/gcc/arm-none-eabi/13.3.1/thumb/v7e-m+fp/hard\libgcc.a(_arm_fixdfsi.o)
                0x08000b58                __aeabi_d2iz
                0x08000b58                __fixdfsi
 .text          0x08000ba8       0x40 C:/ST/STM32CubeIDE_1.19.0/STM32CubeIDE/plugins/com.st.stm32cube.ide.mcu.externaltools.gnu-tools-for-stm32.13.3.rel1.win32_1.0.0.202411081344/tools/bin/../lib/gcc/arm-none-eabi/13.3.1/thumb/v7e-m+fp/hard\libgcc.a(_arm_fixunsdfsi.o)
                0x08000ba8                __aeabi_d2uiz
                0x08000ba8                __fixunsdfsi
 .text          0x08000be8       0xa0 C:/ST/STM32CubeIDE_1.19.0/STM32CubeIDE/plugins/com.st.stm32cube.ide.mcu.externaltools.gnu-tools-for-stm32.13.3.rel1.win32_1.0.0.202411081344/tools/bin/../lib/gcc/arm-none-eabi/13.3.1/thumb/v7e-m+fp/hard\libgcc.a(_arm_truncdfsf2.o)
                0x08000be8                __truncdfsf2
                0x08000be8                __aeabi_d2f
 .text          0x08000c88       0x30 C:/ST/STM32CubeIDE_1.19.0/STM32CubeIDE/plugins/com.st.stm32cube.ide.mcu.externaltools.gnu-tools-for-stm32.13.3.rel1.win32_1.0.0.202411081344/tools/bin/../lib/gcc/arm-none-eabi/13.3.1/thumb/v7e-m+fp/hard\libgcc.a(_aeabi_uldivmod.o)
                0x08000c88                __aeabi_uldivmod
 .text          0x08000cb8       0x30 C:/ST/STM32CubeIDE_1.19.0/STM32CubeIDE/plugins/com.st.stm32cube.ide.mcu.externaltools.gnu-tools-for-stm32.13.3.rel1.win32_1.0.0.202411081344/tools/bin/../lib/gcc/arm-none-eabi/13.3.1/thumb/v7e-m+fp/hard\libgcc.a(_fixdfdi.o)
                0x08000cb8                __fixdfdi
                0x08000cb8                __aeabi_d2lz
 .text          0x08000ce8       0x3c C:/ST/STM32CubeIDE_1.19.0/STM32CubeIDE/plugins/com.st.stm32cube.ide.mcu.externaltools.gnu-tools-for-stm32.13.3.rel1.win32_1.0.0.202411081344/tools/bin/../lib/gcc/arm-none-eabi/13.3.1/thumb/v7e-m+fp/hard\libgcc.a(_fixunsdfdi.o)
                0x08000ce8                __fixunsdfdi
                0x08000ce8                __aeabi_d2ulz
 .text          0x08000d24      0x2f8 C:/ST/STM32CubeIDE_1.19.0/STM32CubeIDE/plugins/com.st.stm32cube.ide.mcu.externaltools.gnu-tools-for-stm32.13.3.rel1.win32_1.0.0.202411081344/tools/bin/../lib/gcc/arm-none-eabi/13.3.1/thumb/v7e-m+fp/hard\libgcc.a(_udivmoddi4.o)
                0x08000d24                __udivmoddi4
 .text          0x0800101c        0x4 C:/ST/STM32CubeIDE_1.19.0/STM32CubeIDE/plugins/com.st.stm32cube.ide.mcu.externaltools.gnu-tools-for-stm32.13.3.rel1.win32_1.0.0.202411081344/tools/bin/../lib/gcc/arm-none-eabi/13.3.1/thumb/v7e-m+fp/hard\libgcc.a(_dvmd_tls.o)
                0x0800101c                __aeabi_idiv0
                0x0800101c                __aeabi_ldiv0
 *(.text*)
 .text.csp_can_tx_frame
                0x08001020       0x50 ./CSP/can_stm32/can_stm32.o
                0x08001020                csp_can_tx_frame
 .text.csp_clock_get_time
                0x08001070       0x20 ./CSP/src/arch/freertos/csp_clock.o
                0x08001070                csp_clock_get_time
 .text.csp_clock_set_time
                0x08001090       0x18 ./CSP/src/arch/freertos/csp_clock.o
                0x08001090                csp_clock_set_time
 .text.csp_queue_create_static
                0x080010a8       0x28 ./CSP/src/arch/freertos/csp_queue.o
                0x080010a8                csp_queue_create_static
 .text.csp_queue_enqueue
                0x080010d0       0x34 ./CSP/src/arch/freertos/csp_queue.o
                0x080010d0                csp_queue_enqueue
 .text.csp_queue_enqueue_isr
                0x08001104       0x2e ./CSP/src/arch/freertos/csp_queue.o
                0x08001104                csp_queue_enqueue_isr
 .text.csp_queue_dequeue
                0x08001132       0x32 ./CSP/src/arch/freertos/csp_queue.o
                0x08001132                csp_queue_dequeue
 .text.csp_queue_size
                0x08001164       0x18 ./CSP/src/arch/freertos/csp_queue.o
                0x08001164                csp_queue_size
 .text.csp_memfree_hook
                0x0800117c        0xe ./CSP/src/arch/freertos/csp_system.o
                0x0800117c                csp_memfree_hook
 .text.csp_ps_hook
                0x0800118a       0x16 ./CSP/src/arch/freertos/csp_system.o
                0x0800118a                csp_ps_hook
 .text.csp_get_ms
                0x080011a0        0xe ./CSP/src/arch/freertos/csp_time.o
                0x080011a0                csp_get_ms
 *fill*         0x080011ae        0x2 
 .text.csp_get_s
                0x080011b0       0x1c ./CSP/src/arch/freertos/csp_time.o
                0x080011b0                csp_get_s
 .text.csp_input_hook
                0x080011cc       0x68 ./CSP/src/csp_bridge.o
                0x080011cc                csp_input_hook
 .text.csp_buffer_init
                0x08001234       0x68 ./CSP/src/csp_buffer.o
                0x08001234                csp_buffer_init
 .text.csp_buffer_get
                0x0800129c       0x78 ./CSP/src/csp_buffer.o
                0x0800129c                csp_buffer_get
 .text.csp_buffer_free_isr
                0x08001314       0x88 ./CSP/src/csp_buffer.o
                0x08001314                csp_buffer_free_isr
 .text.csp_buffer_free
                0x0800139c       0x80 ./CSP/src/csp_buffer.o
                0x0800139c                csp_buffer_free
 .text.csp_buffer_clone
                0x0800141c       0x42 ./CSP/src/csp_buffer.o
                0x0800141c                csp_buffer_clone
 *fill*         0x0800145e        0x2 
 .text.csp_buffer_remaining
                0x08001460       0x18 ./CSP/src/csp_buffer.o
                0x08001460                csp_buffer_remaining
 .text.csp_buffer_size
                0x08001478       0x12 ./CSP/src/csp_buffer.o
                0x08001478                csp_buffer_size
 .text.csp_buffer_data_size
                0x0800148a       0x12 ./CSP/src/csp_buffer.o
                0x0800148a                csp_buffer_data_size
 .text.csp_conn_enqueue_packet
                0x0800149c       0x4c ./CSP/src/csp_conn.o
                0x0800149c                csp_conn_enqueue_packet
 .text.csp_conn_init
                0x080014e8       0x74 ./CSP/src/csp_conn.o
                0x080014e8                csp_conn_init
 .text.csp_conn_find_existing
                0x0800155c       0xa0 ./CSP/src/csp_conn.o
                0x0800155c                csp_conn_find_existing
 .text.csp_conn_flush_rx_queue
                0x080015fc       0x38 ./CSP/src/csp_conn.o
 .text.csp_conn_allocate
                0x08001634       0xf4 ./CSP/src/csp_conn.o
                0x08001634                csp_conn_allocate
 .text.csp_conn_new
                0x08001728       0x5c ./CSP/src/csp_conn.o
                0x08001728                csp_conn_new
 .text.csp_close
                0x08001784       0x1a ./CSP/src/csp_conn.o
                0x08001784                csp_close
 *fill*         0x0800179e        0x2 
 .text.csp_conn_close
                0x080017a0       0x60 ./CSP/src/csp_conn.o
                0x080017a0                csp_conn_close
 .text.csp_connect
                0x08001800      0x144 ./CSP/src/csp_conn.o
                0x08001800                csp_connect
 .text.csp_conn_dport
                0x08001944       0x18 ./CSP/src/csp_conn.o
                0x08001944                csp_conn_dport
 .text.csp_crc32_memory
                0x0800195c       0x50 ./CSP/src/csp_crc32.o
                0x0800195c                csp_crc32_memory
 .text.csp_crc32_append
                0x080019ac       0x66 ./CSP/src/csp_crc32.o
                0x080019ac                csp_crc32_append
 .text.csp_crc32_verify
                0x08001a12       0xba ./CSP/src/csp_crc32.o
                0x08001a12                csp_crc32_verify
 .text.csp_print_func
                0x08001acc       0x12 ./CSP/src/csp_debug.o
                0x08001acc                csp_print_func
 *fill*         0x08001ade        0x2 
 .text.csp_dedup_is_duplicate
                0x08001ae0       0xa0 ./CSP/src/csp_dedup.o
                0x08001ae0                csp_dedup_is_duplicate
 .text.csp_hton16
                0x08001b80       0x2c ./CSP/src/csp_endian.o
                0x08001b80                csp_hton16
 .text.csp_ntoh16
                0x08001bac       0x1c ./CSP/src/csp_endian.o
                0x08001bac                csp_ntoh16
 .text.csp_hton32
                0x08001bc8       0x32 ./CSP/src/csp_endian.o
                0x08001bc8                csp_hton32
 .text.csp_ntoh32
                0x08001bfa       0x18 ./CSP/src/csp_endian.o
                0x08001bfa                csp_ntoh32
 .text.csp_hton64
                0x08001c12      0x174 ./CSP/src/csp_endian.o
                0x08001c12                csp_hton64
 .text.csp_htobe16
                0x08001d86       0x1c ./CSP/src/csp_endian.o
                0x08001d86                csp_htobe16
 .text.csp_betoh16
                0x08001da2       0x1c ./CSP/src/csp_endian.o
                0x08001da2                csp_betoh16
 .text.csp_htobe32
                0x08001dbe       0x18 ./CSP/src/csp_endian.o
                0x08001dbe                csp_htobe32
 .text.csp_betoh32
                0x08001dd6       0x18 ./CSP/src/csp_endian.o
                0x08001dd6                csp_betoh32
 .text.csp_htobe64
                0x08001dee       0x20 ./CSP/src/csp_endian.o
                0x08001dee                csp_htobe64
 .text.csp_id1_prepend
                0x08001e0e       0x68 ./CSP/src/csp_id.o
                0x08001e0e                csp_id1_prepend
 .text.csp_id2_prepend
                0x08001e76      0x12c ./CSP/src/csp_id.o
                0x08001e76                csp_id2_prepend
 *fill*         0x08001fa2        0x2 
 .text.csp_id_prepend
                0x08001fa4       0x2c ./CSP/src/csp_id.o
                0x08001fa4                csp_id_prepend
 .text.csp_id_get_host_bits
                0x08001fd0       0x20 ./CSP/src/csp_id.o
                0x08001fd0                csp_id_get_host_bits
 .text.csp_id_is_broadcast
                0x08001ff0       0x42 ./CSP/src/csp_id.o
                0x08001ff0                csp_id_is_broadcast
 *fill*         0x08002032        0x2 
 .text.csp_iflist_get_by_subnet
                0x08002034       0x78 ./CSP/src/csp_iflist.o
                0x08002034                csp_iflist_get_by_subnet
 .text.csp_iflist_get_by_name
                0x080020ac       0x44 ./CSP/src/csp_iflist.o
                0x080020ac                csp_iflist_get_by_name
 .text.csp_iflist_add
                0x080020f0       0x74 ./CSP/src/csp_iflist.o
                0x080020f0                csp_iflist_add
 .text.csp_init
                0x08002164       0x14 ./CSP/src/csp_init.o
                0x08002164                csp_init
 .text.csp_accept
                0x08002178       0x4c ./CSP/src/csp_io.o
                0x08002178                csp_accept
 .text.csp_read
                0x080021c4       0x52 ./CSP/src/csp_io.o
                0x080021c4                csp_read
 .text.csp_id_copy
                0x08002216       0x4a ./CSP/src/csp_io.o
                0x08002216                csp_id_copy
 .text.csp_send_direct
                0x08002260       0x9c ./CSP/src/csp_io.o
                0x08002260                csp_send_direct
 .text.csp_output_hook
                0x080022fc       0x7c ./CSP/src/csp_io.o
                0x080022fc                csp_output_hook
 .text.csp_send_direct_iface
                0x08002378      0x100 ./CSP/src/csp_io.o
                0x08002378                csp_send_direct_iface
 .text.csp_send
                0x08002478       0x58 ./CSP/src/csp_io.o
                0x08002478                csp_send
 .text.csp_transaction_persistent
                0x080024d0       0xcc ./CSP/src/csp_io.o
                0x080024d0                csp_transaction_persistent
 .text.csp_transaction_w_opts
                0x0800259c       0x56 ./CSP/src/csp_io.o
                0x0800259c                csp_transaction_w_opts
 *fill*         0x080025f2        0x2 
 .text.csp_sendto
                0x080025f4       0xc4 ./CSP/src/csp_io.o
                0x080025f4                csp_sendto
 .text.csp_sendto_reply
                0x080026b8       0x4c ./CSP/src/csp_io.o
                0x080026b8                csp_sendto_reply
 .text.csp_port_get_callback
                0x08002704       0x60 ./CSP/src/csp_port.o
                0x08002704                csp_port_get_callback
 .text.csp_port_get_socket
                0x08002764       0x60 ./CSP/src/csp_port.o
                0x08002764                csp_port_get_socket
 .text.csp_listen
                0x080027c4       0x2c ./CSP/src/csp_port.o
                0x080027c4                csp_listen
 .text.csp_bind
                0x080027f0       0x7c ./CSP/src/csp_port.o
                0x080027f0                csp_bind
 .text.csp_promisc_add
                0x0800286c       0x68 ./CSP/src/csp_promisc.o
                0x0800286c                csp_promisc_add
 .text.csp_qfifo_init
                0x080028d4       0x28 ./CSP/src/csp_qfifo.o
                0x080028d4                csp_qfifo_init
 .text.csp_qfifo_read
                0x080028fc       0x34 ./CSP/src/csp_qfifo.o
                0x080028fc                csp_qfifo_read
 .text.csp_qfifo_write
                0x08002930       0xb4 ./CSP/src/csp_qfifo.o
                0x08002930                csp_qfifo_write
 .text.csp_route_check_options
                0x080029e4       0x60 ./CSP/src/csp_route.o
 .text.csp_route_security_check
                0x08002a44       0x58 ./CSP/src/csp_route.o
 .text.csp_route_work
                0x08002a9c      0x354 ./CSP/src/csp_route.o
                0x08002a9c                csp_route_work
 .text.csp_rtable_find_exact
                0x08002df0       0x7c ./CSP/src/csp_rtable_cidr.o
 .text.csp_rtable_find_route
                0x08002e6c       0xd4 ./CSP/src/csp_rtable_cidr.o
                0x08002e6c                csp_rtable_find_route
 .text.csp_rtable_set_internal
                0x08002f40       0x7c ./CSP/src/csp_rtable_cidr.o
                0x08002f40                csp_rtable_set_internal
 .text.csp_rtable_set
                0x08002fbc       0x6c ./CSP/src/csp_rtable_cidr.o
                0x08002fbc                csp_rtable_set
 .text.do_cmp_ident
                0x08003028       0x9c ./CSP/src/csp_service_handler.o
 .text.do_cmp_route_set_v1
                0x080030c4       0x50 ./CSP/src/csp_service_handler.o
 .text.do_cmp_route_set_v2
                0x08003114       0x6e ./CSP/src/csp_service_handler.o
 .text.do_cmp_if_stats
                0x08003182       0xde ./CSP/src/csp_service_handler.o
 .text.do_cmp_peek
                0x08003260       0x50 ./CSP/src/csp_service_handler.o
 .text.do_cmp_poke
                0x080032b0       0x50 ./CSP/src/csp_service_handler.o
 .text.do_cmp_clock
                0x08003300       0x84 ./CSP/src/csp_service_handler.o
 .text.csp_cmp_handler
                0x08003384       0xc4 ./CSP/src/csp_service_handler.o
 .text.csp_service_handler
                0x08003448      0x128 ./CSP/src/csp_service_handler.o
                0x08003448                csp_service_handler
 .text.csp_can1_tx
                0x08003570      0x1cc ./CSP/src/interfaces/csp_if_can.o
                0x08003570                csp_can1_tx
 .text.csp_can2_tx
                0x0800373c      0x218 ./CSP/src/interfaces/csp_if_can.o
                0x0800373c                csp_can2_tx
 .text.csp_can_add_interface
                0x08003954       0x80 ./CSP/src/interfaces/csp_if_can.o
                0x08003954                csp_can_add_interface
 .text.csp_lo_tx
                0x080039d4       0x28 ./CSP/src/interfaces/csp_if_lo.o
 .text.__NVIC_GetPriorityGrouping
                0x080039fc       0x1c ./Core/Src/main.o
 .text.__NVIC_EnableIRQ
                0x08003a18       0x3c ./Core/Src/main.o
 .text.__NVIC_SetPriority
                0x08003a54       0x54 ./Core/Src/main.o
 .text.NVIC_EncodePriority
                0x08003aa8       0x66 ./Core/Src/main.o
 .text.LL_USART_Enable
                0x08003b0e       0x20 ./Core/Src/main.o
 .text.LL_USART_ConfigAsyncMode
                0x08003b2e       0x2c ./Core/Src/main.o
 *fill*         0x08003b5a        0x2 
 .text.LL_AHB1_GRP1_EnableClock
                0x08003b5c       0x30 ./Core/Src/main.o
 .text.LL_APB2_GRP1_EnableClock
                0x08003b8c       0x30 ./Core/Src/main.o
 .text.vApplicationStackOverflowHook
                0x08003bbc       0x10 ./Core/Src/main.o
                0x08003bbc                vApplicationStackOverflowHook
 .text.Debuglogging
                0x08003bcc       0x16 ./Core/Src/main.o
                0x08003bcc                Debuglogging
 *fill*         0x08003be2        0x2 
 .text.main     0x08003be4      0x100 ./Core/Src/main.o
                0x08003be4                main
 .text.SystemClock_Config
                0x08003ce4       0xd0 ./Core/Src/main.o
                0x08003ce4                SystemClock_Config
 .text.MX_CAN1_Init
                0x08003db4       0xa4 ./Core/Src/main.o
 .text.MX_USART6_UART_Init
                0x08003e58       0xc0 ./Core/Src/main.o
 .text.MX_GPIO_Init
                0x08003f18       0xa0 ./Core/Src/main.o
 .text.StartDefaultTask
                0x08003fb8       0x20 ./Core/Src/main.o
                0x08003fb8                StartDefaultTask
 .text.Error_Handler
                0x08003fd8        0xc ./Core/Src/main.o
                0x08003fd8                Error_Handler
 .text.HAL_MspInit
                0x08003fe4       0x58 ./Core/Src/stm32f4xx_hal_msp.o
                0x08003fe4                HAL_MspInit
 .text.HAL_CAN_MspInit
                0x0800403c       0xa0 ./Core/Src/stm32f4xx_hal_msp.o
                0x0800403c                HAL_CAN_MspInit
 .text.NMI_Handler
                0x080040dc        0x8 ./Core/Src/stm32f4xx_it.o
                0x080040dc                NMI_Handler
 .text.HardFault_Handler
                0x080040e4        0x8 ./Core/Src/stm32f4xx_it.o
                0x080040e4                HardFault_Handler
 .text.MemManage_Handler
                0x080040ec        0x8 ./Core/Src/stm32f4xx_it.o
                0x080040ec                MemManage_Handler
 .text.BusFault_Handler
                0x080040f4        0x8 ./Core/Src/stm32f4xx_it.o
                0x080040f4                BusFault_Handler
 .text.UsageFault_Handler
                0x080040fc        0x8 ./Core/Src/stm32f4xx_it.o
                0x080040fc                UsageFault_Handler
 .text.DebugMon_Handler
                0x08004104        0xe ./Core/Src/stm32f4xx_it.o
                0x08004104                DebugMon_Handler
 .text.SysTick_Handler
                0x08004112       0x1a ./Core/Src/stm32f4xx_it.o
                0x08004112                SysTick_Handler
 .text.CAN1_RX0_IRQHandler
                0x0800412c       0x14 ./Core/Src/stm32f4xx_it.o
                0x0800412c                CAN1_RX0_IRQHandler
 .text.USART6_IRQHandler
                0x08004140        0xc ./Core/Src/stm32f4xx_it.o
                0x08004140                USART6_IRQHandler
 .text._getpid  0x0800414c       0x10 ./Core/Src/syscalls.o
                0x0800414c                _getpid
 .text._kill    0x0800415c       0x20 ./Core/Src/syscalls.o
                0x0800415c                _kill
 .text._exit    0x0800417c       0x16 ./Core/Src/syscalls.o
                0x0800417c                _exit
 .text._read    0x08004192       0x3a ./Core/Src/syscalls.o
                0x08004192                _read
 .text._write   0x080041cc       0x38 ./Core/Src/syscalls.o
                0x080041cc                _write
 .text._close   0x08004204       0x18 ./Core/Src/syscalls.o
                0x08004204                _close
 .text._fstat   0x0800421c       0x20 ./Core/Src/syscalls.o
                0x0800421c                _fstat
 .text._isatty  0x0800423c       0x16 ./Core/Src/syscalls.o
                0x0800423c                _isatty
 .text._lseek   0x08004252       0x1a ./Core/Src/syscalls.o
                0x08004252                _lseek
 .text._sbrk    0x0800426c       0x6c ./Core/Src/sysmem.o
                0x0800426c                _sbrk
 .text.SystemInit
                0x080042d8       0x24 ./Core/Src/system_stm32f4xx.o
                0x080042d8                SystemInit
 .text.Reset_Handler
                0x080042fc       0x50 ./Core/Startup/startup_stm32f405rgtx.o
                0x080042fc                Reset_Handler
 .text.Default_Handler
                0x0800434c        0x2 ./Core/Startup/startup_stm32f405rgtx.o
                0x0800434c                RTC_Alarm_IRQHandler
                0x0800434c                HASH_RNG_IRQHandler
                0x0800434c                EXTI2_IRQHandler
                0x0800434c                TIM8_CC_IRQHandler
                0x0800434c                TIM1_CC_IRQHandler
                0x0800434c                DMA2_Stream5_IRQHandler
                0x0800434c                DMA1_Stream5_IRQHandler
                0x0800434c                PVD_IRQHandler
                0x0800434c                SDIO_IRQHandler
                0x0800434c                TAMP_STAMP_IRQHandler
                0x0800434c                CAN2_RX1_IRQHandler
                0x0800434c                EXTI3_IRQHandler
                0x0800434c                TIM8_TRG_COM_TIM14_IRQHandler
                0x0800434c                TIM1_UP_TIM10_IRQHandler
                0x0800434c                TIM8_UP_TIM13_IRQHandler
                0x0800434c                I2C3_ER_IRQHandler
                0x0800434c                EXTI0_IRQHandler
                0x0800434c                I2C2_EV_IRQHandler
                0x0800434c                DMA1_Stream2_IRQHandler
                0x0800434c                FPU_IRQHandler
                0x0800434c                OTG_HS_WKUP_IRQHandler
                0x0800434c                CAN2_SCE_IRQHandler
                0x0800434c                DMA2_Stream2_IRQHandler
                0x0800434c                SPI1_IRQHandler
                0x0800434c                TIM6_DAC_IRQHandler
                0x0800434c                TIM1_BRK_TIM9_IRQHandler
                0x0800434c                CAN2_RX0_IRQHandler
                0x0800434c                DMA2_Stream3_IRQHandler
                0x0800434c                USART3_IRQHandler
                0x0800434c                CAN1_RX1_IRQHandler
                0x0800434c                UART5_IRQHandler
                0x0800434c                DMA2_Stream0_IRQHandler
                0x0800434c                TIM4_IRQHandler
                0x0800434c                I2C1_EV_IRQHandler
                0x0800434c                DMA1_Stream6_IRQHandler
                0x0800434c                DMA1_Stream1_IRQHandler
                0x0800434c                UART4_IRQHandler
                0x0800434c                TIM3_IRQHandler
                0x0800434c                RCC_IRQHandler
                0x0800434c                TIM8_BRK_TIM12_IRQHandler
                0x0800434c                Default_Handler
                0x0800434c                EXTI15_10_IRQHandler
                0x0800434c                ADC_IRQHandler
                0x0800434c                DMA1_Stream7_IRQHandler
                0x0800434c                TIM7_IRQHandler
                0x0800434c                CAN2_TX_IRQHandler
                0x0800434c                TIM5_IRQHandler
                0x0800434c                DMA2_Stream7_IRQHandler
                0x0800434c                I2C3_EV_IRQHandler
                0x0800434c                EXTI9_5_IRQHandler
                0x0800434c                RTC_WKUP_IRQHandler
                0x0800434c                SPI2_IRQHandler
                0x0800434c                OTG_HS_EP1_IN_IRQHandler
                0x0800434c                DMA1_Stream0_IRQHandler
                0x0800434c                CAN1_TX_IRQHandler
                0x0800434c                EXTI4_IRQHandler
                0x0800434c                FSMC_IRQHandler
                0x0800434c                OTG_HS_EP1_OUT_IRQHandler
                0x0800434c                WWDG_IRQHandler
                0x0800434c                TIM2_IRQHandler
                0x0800434c                OTG_FS_WKUP_IRQHandler
                0x0800434c                TIM1_TRG_COM_TIM11_IRQHandler
                0x0800434c                OTG_HS_IRQHandler
                0x0800434c                EXTI1_IRQHandler
                0x0800434c                USART2_IRQHandler
                0x0800434c                I2C2_ER_IRQHandler
                0x0800434c                DMA2_Stream1_IRQHandler
                0x0800434c                CAN1_SCE_IRQHandler
                0x0800434c                FLASH_IRQHandler
                0x0800434c                DMA2_Stream4_IRQHandler
                0x0800434c                USART1_IRQHandler
                0x0800434c                OTG_FS_IRQHandler
                0x0800434c                SPI3_IRQHandler
                0x0800434c                DMA1_Stream4_IRQHandler
                0x0800434c                I2C1_ER_IRQHandler
                0x0800434c                DMA2_Stream6_IRQHandler
                0x0800434c                DMA1_Stream3_IRQHandler
 *fill*         0x0800434e        0x2 
 .text.HAL_Init
                0x08004350       0x44 ./Drivers/STM32F4xx_HAL_Driver/Src/stm32f4xx_hal.o
                0x08004350                HAL_Init
 .text.HAL_InitTick
                0x08004394       0x60 ./Drivers/STM32F4xx_HAL_Driver/Src/stm32f4xx_hal.o
                0x08004394                HAL_InitTick
 .text.HAL_IncTick
                0x080043f4       0x28 ./Drivers/STM32F4xx_HAL_Driver/Src/stm32f4xx_hal.o
                0x080043f4                HAL_IncTick
 .text.HAL_GetTick
                0x0800441c       0x18 ./Drivers/STM32F4xx_HAL_Driver/Src/stm32f4xx_hal.o
                0x0800441c                HAL_GetTick
 .text.HAL_Delay
                0x08004434       0x48 ./Drivers/STM32F4xx_HAL_Driver/Src/stm32f4xx_hal.o
                0x08004434                HAL_Delay
 .text.HAL_CAN_Init
                0x0800447c      0x1f6 ./Drivers/STM32F4xx_HAL_Driver/Src/stm32f4xx_hal_can.o
                0x0800447c                HAL_CAN_Init
 *fill*         0x08004672        0x2 
 .text.HAL_CAN_ConfigFilter
                0x08004674      0x1bc ./Drivers/STM32F4xx_HAL_Driver/Src/stm32f4xx_hal_can.o
                0x08004674                HAL_CAN_ConfigFilter
 .text.HAL_CAN_Start
                0x08004830       0x88 ./Drivers/STM32F4xx_HAL_Driver/Src/stm32f4xx_hal_can.o
                0x08004830                HAL_CAN_Start
 .text.HAL_CAN_AddTxMessage
                0x080048b8      0x1a0 ./Drivers/STM32F4xx_HAL_Driver/Src/stm32f4xx_hal_can.o
                0x080048b8                HAL_CAN_AddTxMessage
 .text.HAL_CAN_ActivateNotification
                0x08004a58       0x4c ./Drivers/STM32F4xx_HAL_Driver/Src/stm32f4xx_hal_can.o
                0x08004a58                HAL_CAN_ActivateNotification
 .text.HAL_CAN_IRQHandler
                0x08004aa4      0x36e ./Drivers/STM32F4xx_HAL_Driver/Src/stm32f4xx_hal_can.o
                0x08004aa4                HAL_CAN_IRQHandler
 .text.HAL_CAN_TxMailbox0CompleteCallback
                0x08004e12       0x14 ./Drivers/STM32F4xx_HAL_Driver/Src/stm32f4xx_hal_can.o
                0x08004e12                HAL_CAN_TxMailbox0CompleteCallback
 .text.HAL_CAN_TxMailbox1CompleteCallback
                0x08004e26       0x14 ./Drivers/STM32F4xx_HAL_Driver/Src/stm32f4xx_hal_can.o
                0x08004e26                HAL_CAN_TxMailbox1CompleteCallback
 .text.HAL_CAN_TxMailbox2CompleteCallback
                0x08004e3a       0x14 ./Drivers/STM32F4xx_HAL_Driver/Src/stm32f4xx_hal_can.o
                0x08004e3a                HAL_CAN_TxMailbox2CompleteCallback
 .text.HAL_CAN_TxMailbox0AbortCallback
                0x08004e4e       0x14 ./Drivers/STM32F4xx_HAL_Driver/Src/stm32f4xx_hal_can.o
                0x08004e4e                HAL_CAN_TxMailbox0AbortCallback
 .text.HAL_CAN_TxMailbox1AbortCallback
                0x08004e62       0x14 ./Drivers/STM32F4xx_HAL_Driver/Src/stm32f4xx_hal_can.o
                0x08004e62                HAL_CAN_TxMailbox1AbortCallback
 .text.HAL_CAN_TxMailbox2AbortCallback
                0x08004e76       0x14 ./Drivers/STM32F4xx_HAL_Driver/Src/stm32f4xx_hal_can.o
                0x08004e76                HAL_CAN_TxMailbox2AbortCallback
 .text.HAL_CAN_RxFifo0MsgPendingCallback
                0x08004e8a       0x14 ./Drivers/STM32F4xx_HAL_Driver/Src/stm32f4xx_hal_can.o
                0x08004e8a                HAL_CAN_RxFifo0MsgPendingCallback
 .text.HAL_CAN_RxFifo0FullCallback
                0x08004e9e       0x14 ./Drivers/STM32F4xx_HAL_Driver/Src/stm32f4xx_hal_can.o
                0x08004e9e                HAL_CAN_RxFifo0FullCallback
 .text.HAL_CAN_RxFifo1MsgPendingCallback
                0x08004eb2       0x14 ./Drivers/STM32F4xx_HAL_Driver/Src/stm32f4xx_hal_can.o
                0x08004eb2                HAL_CAN_RxFifo1MsgPendingCallback
 .text.HAL_CAN_RxFifo1FullCallback
                0x08004ec6       0x14 ./Drivers/STM32F4xx_HAL_Driver/Src/stm32f4xx_hal_can.o
                0x08004ec6                HAL_CAN_RxFifo1FullCallback
 .text.HAL_CAN_SleepCallback
                0x08004eda       0x14 ./Drivers/STM32F4xx_HAL_Driver/Src/stm32f4xx_hal_can.o
                0x08004eda                HAL_CAN_SleepCallback
 .text.HAL_CAN_WakeUpFromRxMsgCallback
                0x08004eee       0x14 ./Drivers/STM32F4xx_HAL_Driver/Src/stm32f4xx_hal_can.o
                0x08004eee                HAL_CAN_WakeUpFromRxMsgCallback
 .text.HAL_CAN_ErrorCallback
                0x08004f02       0x14 ./Drivers/STM32F4xx_HAL_Driver/Src/stm32f4xx_hal_can.o
                0x08004f02                HAL_CAN_ErrorCallback
 *fill*         0x08004f16        0x2 
 .text.__NVIC_SetPriorityGrouping
                0x08004f18       0x48 ./Drivers/STM32F4xx_HAL_Driver/Src/stm32f4xx_hal_cortex.o
 .text.__NVIC_GetPriorityGrouping
                0x08004f60       0x1c ./Drivers/STM32F4xx_HAL_Driver/Src/stm32f4xx_hal_cortex.o
 .text.__NVIC_EnableIRQ
                0x08004f7c       0x3c ./Drivers/STM32F4xx_HAL_Driver/Src/stm32f4xx_hal_cortex.o
 .text.__NVIC_SetPriority
                0x08004fb8       0x54 ./Drivers/STM32F4xx_HAL_Driver/Src/stm32f4xx_hal_cortex.o
 .text.NVIC_EncodePriority
                0x0800500c       0x66 ./Drivers/STM32F4xx_HAL_Driver/Src/stm32f4xx_hal_cortex.o
 *fill*         0x08005072        0x2 
 .text.SysTick_Config
                0x08005074       0x44 ./Drivers/STM32F4xx_HAL_Driver/Src/stm32f4xx_hal_cortex.o
 .text.HAL_NVIC_SetPriorityGrouping
                0x080050b8       0x16 ./Drivers/STM32F4xx_HAL_Driver/Src/stm32f4xx_hal_cortex.o
                0x080050b8                HAL_NVIC_SetPriorityGrouping
 .text.HAL_NVIC_SetPriority
                0x080050ce       0x38 ./Drivers/STM32F4xx_HAL_Driver/Src/stm32f4xx_hal_cortex.o
                0x080050ce                HAL_NVIC_SetPriority
 .text.HAL_NVIC_EnableIRQ
                0x08005106       0x1c ./Drivers/STM32F4xx_HAL_Driver/Src/stm32f4xx_hal_cortex.o
                0x08005106                HAL_NVIC_EnableIRQ
 .text.HAL_SYSTICK_Config
                0x08005122       0x18 ./Drivers/STM32F4xx_HAL_Driver/Src/stm32f4xx_hal_cortex.o
                0x08005122                HAL_SYSTICK_Config
 *fill*         0x0800513a        0x2 
 .text.HAL_GPIO_Init
                0x0800513c      0x338 ./Drivers/STM32F4xx_HAL_Driver/Src/stm32f4xx_hal_gpio.o
                0x0800513c                HAL_GPIO_Init
 .text.HAL_GPIO_WritePin
                0x08005474       0x32 ./Drivers/STM32F4xx_HAL_Driver/Src/stm32f4xx_hal_gpio.o
                0x08005474                HAL_GPIO_WritePin
 .text.HAL_GPIO_TogglePin
                0x080054a6       0x34 ./Drivers/STM32F4xx_HAL_Driver/Src/stm32f4xx_hal_gpio.o
                0x080054a6                HAL_GPIO_TogglePin
 *fill*         0x080054da        0x2 
 .text.HAL_RCC_OscConfig
                0x080054dc      0x4f0 ./Drivers/STM32F4xx_HAL_Driver/Src/stm32f4xx_hal_rcc.o
                0x080054dc                HAL_RCC_OscConfig
 .text.HAL_RCC_ClockConfig
                0x080059cc      0x1cc ./Drivers/STM32F4xx_HAL_Driver/Src/stm32f4xx_hal_rcc.o
                0x080059cc                HAL_RCC_ClockConfig
 .text.HAL_RCC_GetSysClockFreq
                0x08005b98      0x18c ./Drivers/STM32F4xx_HAL_Driver/Src/stm32f4xx_hal_rcc.o
                0x08005b98                HAL_RCC_GetSysClockFreq
 .text.LL_GPIO_SetPinMode
                0x08005d24       0x7a ./Drivers/STM32F4xx_HAL_Driver/Src/stm32f4xx_ll_gpio.o
 .text.LL_GPIO_SetPinOutputType
                0x08005d9e       0x30 ./Drivers/STM32F4xx_HAL_Driver/Src/stm32f4xx_ll_gpio.o
 .text.LL_GPIO_SetPinSpeed
                0x08005dce       0x7a ./Drivers/STM32F4xx_HAL_Driver/Src/stm32f4xx_ll_gpio.o
 .text.LL_GPIO_SetPinPull
                0x08005e48       0x7a ./Drivers/STM32F4xx_HAL_Driver/Src/stm32f4xx_ll_gpio.o
 .text.LL_GPIO_SetAFPin_0_7
                0x08005ec2       0x7a ./Drivers/STM32F4xx_HAL_Driver/Src/stm32f4xx_ll_gpio.o
 .text.LL_GPIO_SetAFPin_8_15
                0x08005f3c       0x7e ./Drivers/STM32F4xx_HAL_Driver/Src/stm32f4xx_ll_gpio.o
 .text.LL_GPIO_Init
                0x08005fba      0x102 ./Drivers/STM32F4xx_HAL_Driver/Src/stm32f4xx_ll_gpio.o
                0x08005fba                LL_GPIO_Init
 .text.LL_RCC_GetSysClkSource
                0x080060bc       0x1c ./Drivers/STM32F4xx_HAL_Driver/Src/stm32f4xx_ll_rcc.o
 .text.LL_RCC_GetAHBPrescaler
                0x080060d8       0x1c ./Drivers/STM32F4xx_HAL_Driver/Src/stm32f4xx_ll_rcc.o
 .text.LL_RCC_GetAPB1Prescaler
                0x080060f4       0x1c ./Drivers/STM32F4xx_HAL_Driver/Src/stm32f4xx_ll_rcc.o
 .text.LL_RCC_GetAPB2Prescaler
                0x08006110       0x1c ./Drivers/STM32F4xx_HAL_Driver/Src/stm32f4xx_ll_rcc.o
 .text.LL_RCC_PLL_GetMainSource
                0x0800612c       0x1c ./Drivers/STM32F4xx_HAL_Driver/Src/stm32f4xx_ll_rcc.o
 .text.LL_RCC_PLL_GetN
                0x08006148       0x1c ./Drivers/STM32F4xx_HAL_Driver/Src/stm32f4xx_ll_rcc.o
 .text.LL_RCC_PLL_GetP
                0x08006164       0x1c ./Drivers/STM32F4xx_HAL_Driver/Src/stm32f4xx_ll_rcc.o
 .text.LL_RCC_PLL_GetDivider
                0x08006180       0x1c ./Drivers/STM32F4xx_HAL_Driver/Src/stm32f4xx_ll_rcc.o
 .text.LL_RCC_GetSystemClocksFreq
                0x0800619c       0x4a ./Drivers/STM32F4xx_HAL_Driver/Src/stm32f4xx_ll_rcc.o
                0x0800619c                LL_RCC_GetSystemClocksFreq
 *fill*         0x080061e6        0x2 
 .text.RCC_GetSystemClockFreq
                0x080061e8       0x50 ./Drivers/STM32F4xx_HAL_Driver/Src/stm32f4xx_ll_rcc.o
                0x080061e8                RCC_GetSystemClockFreq
 .text.RCC_GetHCLKClockFreq
                0x08006238       0x2c ./Drivers/STM32F4xx_HAL_Driver/Src/stm32f4xx_ll_rcc.o
                0x08006238                RCC_GetHCLKClockFreq
 .text.RCC_GetPCLK1ClockFreq
                0x08006264       0x28 ./Drivers/STM32F4xx_HAL_Driver/Src/stm32f4xx_ll_rcc.o
                0x08006264                RCC_GetPCLK1ClockFreq
 .text.RCC_GetPCLK2ClockFreq
                0x0800628c       0x28 ./Drivers/STM32F4xx_HAL_Driver/Src/stm32f4xx_ll_rcc.o
                0x0800628c                RCC_GetPCLK2ClockFreq
 .text.RCC_PLL_GetFreqDomain_SYS
                0x080062b4       0x7c ./Drivers/STM32F4xx_HAL_Driver/Src/stm32f4xx_ll_rcc.o
                0x080062b4                RCC_PLL_GetFreqDomain_SYS
 .text.LL_USART_IsEnabled
                0x08006330       0x28 ./Drivers/STM32F4xx_HAL_Driver/Src/stm32f4xx_ll_usart.o
 .text.LL_USART_SetStopBitsLength
                0x08006358       0x26 ./Drivers/STM32F4xx_HAL_Driver/Src/stm32f4xx_ll_usart.o
 .text.LL_USART_SetHWFlowCtrl
                0x0800637e       0x26 ./Drivers/STM32F4xx_HAL_Driver/Src/stm32f4xx_ll_usart.o
 .text.LL_USART_SetBaudRate
                0x080063a4      0x45c ./Drivers/STM32F4xx_HAL_Driver/Src/stm32f4xx_ll_usart.o
 .text.LL_USART_Init
                0x08006800      0x100 ./Drivers/STM32F4xx_HAL_Driver/Src/stm32f4xx_ll_usart.o
                0x08006800                LL_USART_Init
 .text.__NVIC_SetPriority
                0x08006900       0x54 ./Middlewares/Third_Party/FreeRTOS/Source/CMSIS_RTOS_V2/cmsis_os2.o
 .text.SVC_Setup
                0x08006954       0x12 ./Middlewares/Third_Party/FreeRTOS/Source/CMSIS_RTOS_V2/cmsis_os2.o
 *fill*         0x08006966        0x2 
 .text.osKernelInitialize
                0x08006968       0x48 ./Middlewares/Third_Party/FreeRTOS/Source/CMSIS_RTOS_V2/cmsis_os2.o
                0x08006968                osKernelInitialize
 .text.osKernelStart
                0x080069b0       0x4c ./Middlewares/Third_Party/FreeRTOS/Source/CMSIS_RTOS_V2/cmsis_os2.o
                0x080069b0                osKernelStart
 .text.osThreadNew
                0x080069fc      0x124 ./Middlewares/Third_Party/FreeRTOS/Source/CMSIS_RTOS_V2/cmsis_os2.o
                0x080069fc                osThreadNew
 .text.vApplicationGetIdleTaskMemory
                0x08006b20       0x34 ./Middlewares/Third_Party/FreeRTOS/Source/CMSIS_RTOS_V2/cmsis_os2.o
                0x08006b20                vApplicationGetIdleTaskMemory
 .text.vApplicationGetTimerTaskMemory
                0x08006b54       0x34 ./Middlewares/Third_Party/FreeRTOS/Source/CMSIS_RTOS_V2/cmsis_os2.o
                0x08006b54                vApplicationGetTimerTaskMemory
 .text.vListInitialise
                0x08006b88       0x40 ./Middlewares/Third_Party/FreeRTOS/Source/list.o
                0x08006b88                vListInitialise
 .text.vListInitialiseItem
                0x08006bc8       0x1a ./Middlewares/Third_Party/FreeRTOS/Source/list.o
                0x08006bc8                vListInitialiseItem
 .text.vListInsertEnd
                0x08006be2       0x48 ./Middlewares/Third_Party/FreeRTOS/Source/list.o
                0x08006be2                vListInsertEnd
 .text.vListInsert
                0x08006c2a       0x72 ./Middlewares/Third_Party/FreeRTOS/Source/list.o
                0x08006c2a                vListInsert
 .text.uxListRemove
                0x08006c9c       0x54 ./Middlewares/Third_Party/FreeRTOS/Source/list.o
                0x08006c9c                uxListRemove
 .text.xQueueGenericReset
                0x08006cf0       0xd4 ./Middlewares/Third_Party/FreeRTOS/Source/queue.o
                0x08006cf0                xQueueGenericReset
 .text.xQueueGenericCreateStatic
                0x08006dc4       0xfa ./Middlewares/Third_Party/FreeRTOS/Source/queue.o
                0x08006dc4                xQueueGenericCreateStatic
 .text.prvInitialiseNewQueue
                0x08006ebe       0x46 ./Middlewares/Third_Party/FreeRTOS/Source/queue.o
 .text.xQueueGenericSend
                0x08006f04      0x204 ./Middlewares/Third_Party/FreeRTOS/Source/queue.o
                0x08006f04                xQueueGenericSend
 .text.xQueueGenericSendFromISR
                0x08007108      0x13c ./Middlewares/Third_Party/FreeRTOS/Source/queue.o
                0x08007108                xQueueGenericSendFromISR
 .text.xQueueReceive
                0x08007244      0x1c4 ./Middlewares/Third_Party/FreeRTOS/Source/queue.o
                0x08007244                xQueueReceive
 .text.uxQueueMessagesWaiting
                0x08007408       0x3e ./Middlewares/Third_Party/FreeRTOS/Source/queue.o
                0x08007408                uxQueueMessagesWaiting
 .text.prvCopyDataToQueue
                0x08007446       0xd4 ./Middlewares/Third_Party/FreeRTOS/Source/queue.o
 .text.prvCopyDataFromQueue
                0x0800751a       0x4c ./Middlewares/Third_Party/FreeRTOS/Source/queue.o
 .text.prvUnlockQueue
                0x08007566       0xa4 ./Middlewares/Third_Party/FreeRTOS/Source/queue.o
 .text.prvIsQueueEmpty
                0x0800760a       0x2c ./Middlewares/Third_Party/FreeRTOS/Source/queue.o
 .text.prvIsQueueFull
                0x08007636       0x30 ./Middlewares/Third_Party/FreeRTOS/Source/queue.o
 *fill*         0x08007666        0x2 
 .text.vQueueAddToRegistry
                0x08007668       0x54 ./Middlewares/Third_Party/FreeRTOS/Source/queue.o
                0x08007668                vQueueAddToRegistry
 .text.vQueueWaitForMessageRestricted
                0x080076bc       0x68 ./Middlewares/Third_Party/FreeRTOS/Source/queue.o
                0x080076bc                vQueueWaitForMessageRestricted
 .text.xTaskCreateStatic
                0x08007724       0xc0 ./Middlewares/Third_Party/FreeRTOS/Source/tasks.o
                0x08007724                xTaskCreateStatic
 .text.xTaskCreate
                0x080077e4       0x8a ./Middlewares/Third_Party/FreeRTOS/Source/tasks.o
                0x080077e4                xTaskCreate
 *fill*         0x0800786e        0x2 
 .text.prvInitialiseNewTask
                0x08007870      0x150 ./Middlewares/Third_Party/FreeRTOS/Source/tasks.o
 .text.prvAddNewTaskToReadyList
                0x080079c0       0xe0 ./Middlewares/Third_Party/FreeRTOS/Source/tasks.o
 .text.vTaskDelay
                0x08007aa0       0x6c ./Middlewares/Third_Party/FreeRTOS/Source/tasks.o
                0x08007aa0                vTaskDelay
 .text.vTaskStartScheduler
                0x08007b0c       0xe0 ./Middlewares/Third_Party/FreeRTOS/Source/tasks.o
                0x08007b0c                vTaskStartScheduler
 .text.vTaskSuspendAll
                0x08007bec       0x1c ./Middlewares/Third_Party/FreeRTOS/Source/tasks.o
                0x08007bec                vTaskSuspendAll
 .text.xTaskResumeAll
                0x08007c08      0x13c ./Middlewares/Third_Party/FreeRTOS/Source/tasks.o
                0x08007c08                xTaskResumeAll
 .text.xTaskGetTickCount
                0x08007d44       0x20 ./Middlewares/Third_Party/FreeRTOS/Source/tasks.o
                0x08007d44                xTaskGetTickCount
 .text.xTaskIncrementTick
                0x08007d64      0x174 ./Middlewares/Third_Party/FreeRTOS/Source/tasks.o
                0x08007d64                xTaskIncrementTick
 .text.vTaskSwitchContext
                0x08007ed8      0x114 ./Middlewares/Third_Party/FreeRTOS/Source/tasks.o
                0x08007ed8                vTaskSwitchContext
 .text.vTaskPlaceOnEventList
                0x08007fec       0x4c ./Middlewares/Third_Party/FreeRTOS/Source/tasks.o
                0x08007fec                vTaskPlaceOnEventList
 .text.vTaskPlaceOnEventListRestricted
                0x08008038       0x58 ./Middlewares/Third_Party/FreeRTOS/Source/tasks.o
                0x08008038                vTaskPlaceOnEventListRestricted
 .text.xTaskRemoveFromEventList
                0x08008090       0xc8 ./Middlewares/Third_Party/FreeRTOS/Source/tasks.o
                0x08008090                xTaskRemoveFromEventList
 .text.vTaskInternalSetTimeOutState
                0x08008158       0x2c ./Middlewares/Third_Party/FreeRTOS/Source/tasks.o
                0x08008158                vTaskInternalSetTimeOutState
 .text.xTaskCheckForTimeOut
                0x08008184       0xc8 ./Middlewares/Third_Party/FreeRTOS/Source/tasks.o
                0x08008184                xTaskCheckForTimeOut
 .text.vTaskMissedYield
                0x0800824c       0x18 ./Middlewares/Third_Party/FreeRTOS/Source/tasks.o
                0x0800824c                vTaskMissedYield
 .text.prvIdleTask
                0x08008264       0x30 ./Middlewares/Third_Party/FreeRTOS/Source/tasks.o
 .text.prvInitialiseTaskLists
                0x08008294       0x80 ./Middlewares/Third_Party/FreeRTOS/Source/tasks.o
 .text.prvCheckTasksWaitingTermination
                0x08008314       0x5c ./Middlewares/Third_Party/FreeRTOS/Source/tasks.o
 .text.prvDeleteTCB
                0x08008370       0x6a ./Middlewares/Third_Party/FreeRTOS/Source/tasks.o
 *fill*         0x080083da        0x2 
 .text.prvResetNextTaskUnblockTime
                0x080083dc       0x40 ./Middlewares/Third_Party/FreeRTOS/Source/tasks.o
 .text.xTaskGetSchedulerState
                0x0800841c       0x3c ./Middlewares/Third_Party/FreeRTOS/Source/tasks.o
                0x0800841c                xTaskGetSchedulerState
 .text.xTaskPriorityDisinherit
                0x08008458       0xe0 ./Middlewares/Third_Party/FreeRTOS/Source/tasks.o
                0x08008458                xTaskPriorityDisinherit
 .text.prvAddCurrentTaskToDelayedList
                0x08008538       0xa8 ./Middlewares/Third_Party/FreeRTOS/Source/tasks.o
 .text.xTimerCreateTimerTask
                0x080085e0       0x94 ./Middlewares/Third_Party/FreeRTOS/Source/timers.o
                0x080085e0                xTimerCreateTimerTask
 .text.xTimerGenericCommand
                0x08008674       0x9c ./Middlewares/Third_Party/FreeRTOS/Source/timers.o
                0x08008674                xTimerGenericCommand
 .text.prvProcessExpiredTimer
                0x08008710       0x9c ./Middlewares/Third_Party/FreeRTOS/Source/timers.o
 .text.prvTimerTask
                0x080087ac       0x26 ./Middlewares/Third_Party/FreeRTOS/Source/timers.o
 *fill*         0x080087d2        0x2 
 .text.prvProcessTimerOrBlockTask
                0x080087d4       0x9c ./Middlewares/Third_Party/FreeRTOS/Source/timers.o
 .text.prvGetNextExpireTime
                0x08008870       0x48 ./Middlewares/Third_Party/FreeRTOS/Source/timers.o
 .text.prvSampleTimeNow
                0x080088b8       0x40 ./Middlewares/Third_Party/FreeRTOS/Source/timers.o
 .text.prvInsertTimerInActiveList
                0x080088f8       0x84 ./Middlewares/Third_Party/FreeRTOS/Source/timers.o
 .text.prvProcessReceivedCommands
                0x0800897c      0x1cc ./Middlewares/Third_Party/FreeRTOS/Source/timers.o
 .text.prvSwitchTimerLists
                0x08008b48       0xcc ./Middlewares/Third_Party/FreeRTOS/Source/timers.o
 .text.prvCheckForValidListAndQueue
                0x08008c14       0x80 ./Middlewares/Third_Party/FreeRTOS/Source/timers.o
 .text.pxPortInitialiseStack
                0x08008c94       0x68 ./Middlewares/Third_Party/FreeRTOS/Source/portable/GCC/ARM_CM4F/port.o
                0x08008c94                pxPortInitialiseStack
 .text.prvTaskExitError
                0x08008cfc       0x5c ./Middlewares/Third_Party/FreeRTOS/Source/portable/GCC/ARM_CM4F/port.o
 *fill*         0x08008d58        0x8 
 .text.SVC_Handler
                0x08008d60       0x28 ./Middlewares/Third_Party/FreeRTOS/Source/portable/GCC/ARM_CM4F/port.o
                0x08008d60                SVC_Handler
 .text.prvPortStartFirstTask
                0x08008d88       0x28 ./Middlewares/Third_Party/FreeRTOS/Source/portable/GCC/ARM_CM4F/port.o
 .text.xPortStartScheduler
                0x08008db0      0x148 ./Middlewares/Third_Party/FreeRTOS/Source/portable/GCC/ARM_CM4F/port.o
                0x08008db0                xPortStartScheduler
 .text.vPortEnterCritical
                0x08008ef8       0x64 ./Middlewares/Third_Party/FreeRTOS/Source/portable/GCC/ARM_CM4F/port.o
                0x08008ef8                vPortEnterCritical
 .text.vPortExitCritical
                0x08008f5c       0x54 ./Middlewares/Third_Party/FreeRTOS/Source/portable/GCC/ARM_CM4F/port.o
                0x08008f5c                vPortExitCritical
 .text.PendSV_Handler
                0x08008fb0       0x68 ./Middlewares/Third_Party/FreeRTOS/Source/portable/GCC/ARM_CM4F/port.o
                0x08008fb0                PendSV_Handler
 .text.xPortSysTickHandler
                0x08009018       0x44 ./Middlewares/Third_Party/FreeRTOS/Source/portable/GCC/ARM_CM4F/port.o
                0x08009018                xPortSysTickHandler
 .text.vPortSetupTimerInterrupt
                0x0800905c       0x48 ./Middlewares/Third_Party/FreeRTOS/Source/portable/GCC/ARM_CM4F/port.o
                0x0800905c                vPortSetupTimerInterrupt
 .text.vPortEnableVFP
                0x080090a4       0x14 ./Middlewares/Third_Party/FreeRTOS/Source/portable/GCC/ARM_CM4F/port.o
 .text.vPortValidateInterruptPriority
                0x080090b8       0x84 ./Middlewares/Third_Party/FreeRTOS/Source/portable/GCC/ARM_CM4F/port.o
                0x080090b8                vPortValidateInterruptPriority
 .text.pvPortMalloc
                0x0800913c      0x19c ./Middlewares/Third_Party/FreeRTOS/Source/portable/MemMang/heap_4.o
                0x0800913c                pvPortMalloc
 .text.vPortFree
                0x080092d8       0xc8 ./Middlewares/Third_Party/FreeRTOS/Source/portable/MemMang/heap_4.o
                0x080092d8                vPortFree
 .text.xPortGetFreeHeapSize
                0x080093a0       0x18 ./Middlewares/Third_Party/FreeRTOS/Source/portable/MemMang/heap_4.o
                0x080093a0                xPortGetFreeHeapSize
 .text.prvHeapInit
                0x080093b8       0xc4 ./Middlewares/Third_Party/FreeRTOS/Source/portable/MemMang/heap_4.o
 .text.prvInsertBlockIntoFreeList
                0x0800947c       0xb4 ./Middlewares/Third_Party/FreeRTOS/Source/portable/MemMang/heap_4.o
 .text.__NVIC_EnableIRQ
                0x08009530       0x3c ./Services/Logger/debug_logger.o
 .text.__NVIC_SetPriority
                0x0800956c       0x54 ./Services/Logger/debug_logger.o
 .text.LL_USART_IsActiveFlag_TC
                0x080095c0       0x26 ./Services/Logger/debug_logger.o
 .text.LL_USART_IsActiveFlag_TXE
                0x080095e6       0x26 ./Services/Logger/debug_logger.o
 .text.LL_USART_ClearFlag_TC
                0x0800960c       0x1c ./Services/Logger/debug_logger.o
 .text.LL_USART_EnableIT_TC
                0x08009628       0x46 ./Services/Logger/debug_logger.o
 .text.LL_USART_EnableIT_TXE
                0x0800966e       0x46 ./Services/Logger/debug_logger.o
 .text.LL_USART_DisableIT_TC
                0x080096b4       0x46 ./Services/Logger/debug_logger.o
 .text.LL_USART_DisableIT_TXE
                0x080096fa       0x46 ./Services/Logger/debug_logger.o
 .text.LL_USART_IsEnabledIT_TC
                0x08009740       0x26 ./Services/Logger/debug_logger.o
 .text.LL_USART_IsEnabledIT_TXE
                0x08009766       0x26 ./Services/Logger/debug_logger.o
 .text.LL_USART_TransmitData8
                0x0800978c       0x1e ./Services/Logger/debug_logger.o
 *fill*         0x080097aa        0x2 
 .text.uart_ring_buffer_init
                0x080097ac       0x34 ./Services/Logger/debug_logger.o
                0x080097ac                uart_ring_buffer_init
 .text.uart_ring_buffer_put
                0x080097e0       0xa0 ./Services/Logger/debug_logger.o
                0x080097e0                uart_ring_buffer_put
 .text.uart_ring_buffer_get
                0x08009880       0x68 ./Services/Logger/debug_logger.o
                0x08009880                uart_ring_buffer_get
 .text.uart_ring_buffer_is_empty
                0x080098e8       0x24 ./Services/Logger/debug_logger.o
                0x080098e8                uart_ring_buffer_is_empty
 .text.task_debug_logging
                0x0800990c       0x24 ./Services/Logger/debug_logger.o
                0x0800990c                task_debug_logging
 .text.uart_transmit_IT_start
                0x08009930       0x44 ./Services/Logger/debug_logger.o
                0x08009930                uart_transmit_IT_start
 .text.uart_IRQ_handler
                0x08009974       0x98 ./Services/Logger/debug_logger.o
                0x08009974                uart_IRQ_handler
 .text.uart_debug_init
                0x08009a0c       0x1a ./Services/Logger/debug_logger.o
                0x08009a0c                uart_debug_init
 .text.csp_transaction
                0x08009a26       0x3e ./Tests/test_csp.o
 .text.CSP_Init
                0x08009a64       0x8c ./Tests/test_csp.o
                0x08009a64                CSP_Init
 .text.vTaskCspRouter
                0x08009af0       0x24 ./Tests/test_csp.o
                0x08009af0                vTaskCspRouter
 .text.vTaskCspSend
                0x08009b14       0xa4 ./Tests/test_csp.o
                0x08009b14                vTaskCspSend
 .text.vTaskCspReceive
                0x08009bb8      0x110 ./Tests/test_csp.o
                0x08009bb8                vTaskCspReceive
 .text.malloc   0x08009cc8       0x10 C:/ST/STM32CubeIDE_1.19.0/STM32CubeIDE/plugins/com.st.stm32cube.ide.mcu.externaltools.gnu-tools-for-stm32.13.3.rel1.win32_1.0.0.202411081344/tools/bin/../lib/gcc/arm-none-eabi/13.3.1/../../../../arm-none-eabi/lib/thumb/v7e-m+fp/hard\libc_nano.a(libc_a-malloc.o)
                0x08009cc8                malloc
 .text.sbrk_aligned
                0x08009cd8       0x44 C:/ST/STM32CubeIDE_1.19.0/STM32CubeIDE/plugins/com.st.stm32cube.ide.mcu.externaltools.gnu-tools-for-stm32.13.3.rel1.win32_1.0.0.202411081344/tools/bin/../lib/gcc/arm-none-eabi/13.3.1/../../../../arm-none-eabi/lib/thumb/v7e-m+fp/hard\libc_nano.a(libc_a-mallocr.o)
 .text._malloc_r
                0x08009d1c      0x100 C:/ST/STM32CubeIDE_1.19.0/STM32CubeIDE/plugins/com.st.stm32cube.ide.mcu.externaltools.gnu-tools-for-stm32.13.3.rel1.win32_1.0.0.202411081344/tools/bin/../lib/gcc/arm-none-eabi/13.3.1/../../../../arm-none-eabi/lib/thumb/v7e-m+fp/hard\libc_nano.a(libc_a-mallocr.o)
                0x08009d1c                _malloc_r
 .text.__malloc_lock
                0x08009e1c        0xc C:/ST/STM32CubeIDE_1.19.0/STM32CubeIDE/plugins/com.st.stm32cube.ide.mcu.externaltools.gnu-tools-for-stm32.13.3.rel1.win32_1.0.0.202411081344/tools/bin/../lib/gcc/arm-none-eabi/13.3.1/../../../../arm-none-eabi/lib/thumb/v7e-m+fp/hard\libc_nano.a(libc_a-mlock.o)
                0x08009e1c                __malloc_lock
 .text.__malloc_unlock
                0x08009e28        0xc C:/ST/STM32CubeIDE_1.19.0/STM32CubeIDE/plugins/com.st.stm32cube.ide.mcu.externaltools.gnu-tools-for-stm32.13.3.rel1.win32_1.0.0.202411081344/tools/bin/../lib/gcc/arm-none-eabi/13.3.1/../../../../arm-none-eabi/lib/thumb/v7e-m+fp/hard\libc_nano.a(libc_a-mlock.o)
                0x08009e28                __malloc_unlock
 .text.__cvt    0x08009e34       0xca C:/ST/STM32CubeIDE_1.19.0/STM32CubeIDE/plugins/com.st.stm32cube.ide.mcu.externaltools.gnu-tools-for-stm32.13.3.rel1.win32_1.0.0.202411081344/tools/bin/../lib/gcc/arm-none-eabi/13.3.1/../../../../arm-none-eabi/lib/thumb/v7e-m+fp/hard\libc_nano.a(libc_a-nano-vfprintf_float.o)
                0x08009e34                __cvt
 .text.__exponent
                0x08009efe       0x74 C:/ST/STM32CubeIDE_1.19.0/STM32CubeIDE/plugins/com.st.stm32cube.ide.mcu.externaltools.gnu-tools-for-stm32.13.3.rel1.win32_1.0.0.202411081344/tools/bin/../lib/gcc/arm-none-eabi/13.3.1/../../../../arm-none-eabi/lib/thumb/v7e-m+fp/hard\libc_nano.a(libc_a-nano-vfprintf_float.o)
                0x08009efe                __exponent
 *fill*         0x08009f72        0x2 
 .text._printf_float
                0x08009f74      0x454 C:/ST/STM32CubeIDE_1.19.0/STM32CubeIDE/plugins/com.st.stm32cube.ide.mcu.externaltools.gnu-tools-for-stm32.13.3.rel1.win32_1.0.0.202411081344/tools/bin/../lib/gcc/arm-none-eabi/13.3.1/../../../../arm-none-eabi/lib/thumb/v7e-m+fp/hard\libc_nano.a(libc_a-nano-vfprintf_float.o)
                0x08009f74                _printf_float
 .text._printf_common
                0x0800a3c8       0xda C:/ST/STM32CubeIDE_1.19.0/STM32CubeIDE/plugins/com.st.stm32cube.ide.mcu.externaltools.gnu-tools-for-stm32.13.3.rel1.win32_1.0.0.202411081344/tools/bin/../lib/gcc/arm-none-eabi/13.3.1/../../../../arm-none-eabi/lib/thumb/v7e-m+fp/hard\libc_nano.a(libc_a-nano-vfprintf_i.o)
                0x0800a3c8                _printf_common
 *fill*         0x0800a4a2        0x2 
 .text._printf_i
                0x0800a4a4      0x23c C:/ST/STM32CubeIDE_1.19.0/STM32CubeIDE/plugins/com.st.stm32cube.ide.mcu.externaltools.gnu-tools-for-stm32.13.3.rel1.win32_1.0.0.202411081344/tools/bin/../lib/gcc/arm-none-eabi/13.3.1/../../../../arm-none-eabi/lib/thumb/v7e-m+fp/hard\libc_nano.a(libc_a-nano-vfprintf_i.o)
                0x0800a4a4                _printf_i
 .text._scanf_float
                0x0800a6e0      0x41c C:/ST/STM32CubeIDE_1.19.0/STM32CubeIDE/plugins/com.st.stm32cube.ide.mcu.externaltools.gnu-tools-for-stm32.13.3.rel1.win32_1.0.0.202411081344/tools/bin/../lib/gcc/arm-none-eabi/13.3.1/../../../../arm-none-eabi/lib/thumb/v7e-m+fp/hard\libc_nano.a(libc_a-nano-vfscanf_float.o)
                0x0800a6e0                _scanf_float
 .text.std      0x0800aafc       0x6c C:/ST/STM32CubeIDE_1.19.0/STM32CubeIDE/plugins/com.st.stm32cube.ide.mcu.externaltools.gnu-tools-for-stm32.13.3.rel1.win32_1.0.0.202411081344/tools/bin/../lib/gcc/arm-none-eabi/13.3.1/../../../../arm-none-eabi/lib/thumb/v7e-m+fp/hard\libc_nano.a(libc_a-findfp.o)
 .text.stdio_exit_handler
                0x0800ab68       0x18 C:/ST/STM32CubeIDE_1.19.0/STM32CubeIDE/plugins/com.st.stm32cube.ide.mcu.externaltools.gnu-tools-for-stm32.13.3.rel1.win32_1.0.0.202411081344/tools/bin/../lib/gcc/arm-none-eabi/13.3.1/../../../../arm-none-eabi/lib/thumb/v7e-m+fp/hard\libc_nano.a(libc_a-findfp.o)
 .text.cleanup_stdio
                0x0800ab80       0x40 C:/ST/STM32CubeIDE_1.19.0/STM32CubeIDE/plugins/com.st.stm32cube.ide.mcu.externaltools.gnu-tools-for-stm32.13.3.rel1.win32_1.0.0.202411081344/tools/bin/../lib/gcc/arm-none-eabi/13.3.1/../../../../arm-none-eabi/lib/thumb/v7e-m+fp/hard\libc_nano.a(libc_a-findfp.o)
 .text.global_stdio_init.part.0
                0x0800abc0       0x3c C:/ST/STM32CubeIDE_1.19.0/STM32CubeIDE/plugins/com.st.stm32cube.ide.mcu.externaltools.gnu-tools-for-stm32.13.3.rel1.win32_1.0.0.202411081344/tools/bin/../lib/gcc/arm-none-eabi/13.3.1/../../../../arm-none-eabi/lib/thumb/v7e-m+fp/hard\libc_nano.a(libc_a-findfp.o)
 .text.__sfp_lock_acquire
                0x0800abfc        0xc C:/ST/STM32CubeIDE_1.19.0/STM32CubeIDE/plugins/com.st.stm32cube.ide.mcu.externaltools.gnu-tools-for-stm32.13.3.rel1.win32_1.0.0.202411081344/tools/bin/../lib/gcc/arm-none-eabi/13.3.1/../../../../arm-none-eabi/lib/thumb/v7e-m+fp/hard\libc_nano.a(libc_a-findfp.o)
                0x0800abfc                __sfp_lock_acquire
 .text.__sfp_lock_release
                0x0800ac08        0xc C:/ST/STM32CubeIDE_1.19.0/STM32CubeIDE/plugins/com.st.stm32cube.ide.mcu.externaltools.gnu-tools-for-stm32.13.3.rel1.win32_1.0.0.202411081344/tools/bin/../lib/gcc/arm-none-eabi/13.3.1/../../../../arm-none-eabi/lib/thumb/v7e-m+fp/hard\libc_nano.a(libc_a-findfp.o)
                0x0800ac08                __sfp_lock_release
 .text.__sinit  0x0800ac14       0x30 C:/ST/STM32CubeIDE_1.19.0/STM32CubeIDE/plugins/com.st.stm32cube.ide.mcu.externaltools.gnu-tools-for-stm32.13.3.rel1.win32_1.0.0.202411081344/tools/bin/../lib/gcc/arm-none-eabi/13.3.1/../../../../arm-none-eabi/lib/thumb/v7e-m+fp/hard\libc_nano.a(libc_a-findfp.o)
                0x0800ac14                __sinit
 .text._fwalk_sglue
                0x0800ac44       0x3c C:/ST/STM32CubeIDE_1.19.0/STM32CubeIDE/plugins/com.st.stm32cube.ide.mcu.externaltools.gnu-tools-for-stm32.13.3.rel1.win32_1.0.0.202411081344/tools/bin/../lib/gcc/arm-none-eabi/13.3.1/../../../../arm-none-eabi/lib/thumb/v7e-m+fp/hard\libc_nano.a(libc_a-fwalk.o)
                0x0800ac44                _fwalk_sglue
 .text.sprintf  0x0800ac80       0x44 C:/ST/STM32CubeIDE_1.19.0/STM32CubeIDE/plugins/com.st.stm32cube.ide.mcu.externaltools.gnu-tools-for-stm32.13.3.rel1.win32_1.0.0.202411081344/tools/bin/../lib/gcc/arm-none-eabi/13.3.1/../../../../arm-none-eabi/lib/thumb/v7e-m+fp/hard\libc_nano.a(libc_a-sprintf.o)
                0x0800ac80                siprintf
                0x0800ac80                sprintf
 .text.__sread  0x0800acc4       0x22 C:/ST/STM32CubeIDE_1.19.0/STM32CubeIDE/plugins/com.st.stm32cube.ide.mcu.externaltools.gnu-tools-for-stm32.13.3.rel1.win32_1.0.0.202411081344/tools/bin/../lib/gcc/arm-none-eabi/13.3.1/../../../../arm-none-eabi/lib/thumb/v7e-m+fp/hard\libc_nano.a(libc_a-stdio.o)
                0x0800acc4                __sread
 .text.__swrite
                0x0800ace6       0x38 C:/ST/STM32CubeIDE_1.19.0/STM32CubeIDE/plugins/com.st.stm32cube.ide.mcu.externaltools.gnu-tools-for-stm32.13.3.rel1.win32_1.0.0.202411081344/tools/bin/../lib/gcc/arm-none-eabi/13.3.1/../../../../arm-none-eabi/lib/thumb/v7e-m+fp/hard\libc_nano.a(libc_a-stdio.o)
                0x0800ace6                __swrite
 .text.__sseek  0x0800ad1e       0x24 C:/ST/STM32CubeIDE_1.19.0/STM32CubeIDE/plugins/com.st.stm32cube.ide.mcu.externaltools.gnu-tools-for-stm32.13.3.rel1.win32_1.0.0.202411081344/tools/bin/../lib/gcc/arm-none-eabi/13.3.1/../../../../arm-none-eabi/lib/thumb/v7e-m+fp/hard\libc_nano.a(libc_a-stdio.o)
                0x0800ad1e                __sseek
 .text.__sclose
                0x0800ad42        0x8 C:/ST/STM32CubeIDE_1.19.0/STM32CubeIDE/plugins/com.st.stm32cube.ide.mcu.externaltools.gnu-tools-for-stm32.13.3.rel1.win32_1.0.0.202411081344/tools/bin/../lib/gcc/arm-none-eabi/13.3.1/../../../../arm-none-eabi/lib/thumb/v7e-m+fp/hard\libc_nano.a(libc_a-stdio.o)
                0x0800ad42                __sclose
 .text.memcmp   0x0800ad4a       0x20 C:/ST/STM32CubeIDE_1.19.0/STM32CubeIDE/plugins/com.st.stm32cube.ide.mcu.externaltools.gnu-tools-for-stm32.13.3.rel1.win32_1.0.0.202411081344/tools/bin/../lib/gcc/arm-none-eabi/13.3.1/../../../../arm-none-eabi/lib/thumb/v7e-m+fp/hard\libc_nano.a(libc_a-memcmp.o)
                0x0800ad4a                memcmp
 .text.memset   0x0800ad6a       0x10 C:/ST/STM32CubeIDE_1.19.0/STM32CubeIDE/plugins/com.st.stm32cube.ide.mcu.externaltools.gnu-tools-for-stm32.13.3.rel1.win32_1.0.0.202411081344/tools/bin/../lib/gcc/arm-none-eabi/13.3.1/../../../../arm-none-eabi/lib/thumb/v7e-m+fp/hard\libc_nano.a(libc_a-memset.o)
                0x0800ad6a                memset
 .text.strncmp  0x0800ad7a       0x24 C:/ST/STM32CubeIDE_1.19.0/STM32CubeIDE/plugins/com.st.stm32cube.ide.mcu.externaltools.gnu-tools-for-stm32.13.3.rel1.win32_1.0.0.202411081344/tools/bin/../lib/gcc/arm-none-eabi/13.3.1/../../../../arm-none-eabi/lib/thumb/v7e-m+fp/hard\libc_nano.a(libc_a-strncmp.o)
                0x0800ad7a                strncmp
 .text.strncpy  0x0800ad9e       0x26 C:/ST/STM32CubeIDE_1.19.0/STM32CubeIDE/plugins/com.st.stm32cube.ide.mcu.externaltools.gnu-tools-for-stm32.13.3.rel1.win32_1.0.0.202411081344/tools/bin/../lib/gcc/arm-none-eabi/13.3.1/../../../../arm-none-eabi/lib/thumb/v7e-m+fp/hard\libc_nano.a(libc_a-strncpy.o)
                0x0800ad9e                strncpy
 .text._localeconv_r
                0x0800adc4        0x8 C:/ST/STM32CubeIDE_1.19.0/STM32CubeIDE/plugins/com.st.stm32cube.ide.mcu.externaltools.gnu-tools-for-stm32.13.3.rel1.win32_1.0.0.202411081344/tools/bin/../lib/gcc/arm-none-eabi/13.3.1/../../../../arm-none-eabi/lib/thumb/v7e-m+fp/hard\libc_nano.a(libc_a-localeconv.o)
                0x0800adc4                _localeconv_r
 .text._close_r
                0x0800adcc       0x20 C:/ST/STM32CubeIDE_1.19.0/STM32CubeIDE/plugins/com.st.stm32cube.ide.mcu.externaltools.gnu-tools-for-stm32.13.3.rel1.win32_1.0.0.202411081344/tools/bin/../lib/gcc/arm-none-eabi/13.3.1/../../../../arm-none-eabi/lib/thumb/v7e-m+fp/hard\libc_nano.a(libc_a-closer.o)
                0x0800adcc                _close_r
 .text._reclaim_reent
                0x0800adec       0xbc C:/ST/STM32CubeIDE_1.19.0/STM32CubeIDE/plugins/com.st.stm32cube.ide.mcu.externaltools.gnu-tools-for-stm32.13.3.rel1.win32_1.0.0.202411081344/tools/bin/../lib/gcc/arm-none-eabi/13.3.1/../../../../arm-none-eabi/lib/thumb/v7e-m+fp/hard\libc_nano.a(libc_a-reent.o)
                0x0800adec                _reclaim_reent
 .text._lseek_r
                0x0800aea8       0x24 C:/ST/STM32CubeIDE_1.19.0/STM32CubeIDE/plugins/com.st.stm32cube.ide.mcu.externaltools.gnu-tools-for-stm32.13.3.rel1.win32_1.0.0.202411081344/tools/bin/../lib/gcc/arm-none-eabi/13.3.1/../../../../arm-none-eabi/lib/thumb/v7e-m+fp/hard\libc_nano.a(libc_a-lseekr.o)
                0x0800aea8                _lseek_r
 .text._read_r  0x0800aecc       0x24 C:/ST/STM32CubeIDE_1.19.0/STM32CubeIDE/plugins/com.st.stm32cube.ide.mcu.externaltools.gnu-tools-for-stm32.13.3.rel1.win32_1.0.0.202411081344/tools/bin/../lib/gcc/arm-none-eabi/13.3.1/../../../../arm-none-eabi/lib/thumb/v7e-m+fp/hard\libc_nano.a(libc_a-readr.o)
                0x0800aecc                _read_r
 .text._sbrk_r  0x0800aef0       0x20 C:/ST/STM32CubeIDE_1.19.0/STM32CubeIDE/plugins/com.st.stm32cube.ide.mcu.externaltools.gnu-tools-for-stm32.13.3.rel1.win32_1.0.0.202411081344/tools/bin/../lib/gcc/arm-none-eabi/13.3.1/../../../../arm-none-eabi/lib/thumb/v7e-m+fp/hard\libc_nano.a(libc_a-sbrkr.o)
                0x0800aef0                _sbrk_r
 .text._write_r
                0x0800af10       0x24 C:/ST/STM32CubeIDE_1.19.0/STM32CubeIDE/plugins/com.st.stm32cube.ide.mcu.externaltools.gnu-tools-for-stm32.13.3.rel1.win32_1.0.0.202411081344/tools/bin/../lib/gcc/arm-none-eabi/13.3.1/../../../../arm-none-eabi/lib/thumb/v7e-m+fp/hard\libc_nano.a(libc_a-writer.o)
                0x0800af10                _write_r
 .text.__errno  0x0800af34        0xc C:/ST/STM32CubeIDE_1.19.0/STM32CubeIDE/plugins/com.st.stm32cube.ide.mcu.externaltools.gnu-tools-for-stm32.13.3.rel1.win32_1.0.0.202411081344/tools/bin/../lib/gcc/arm-none-eabi/13.3.1/../../../../arm-none-eabi/lib/thumb/v7e-m+fp/hard\libc_nano.a(libc_a-errno.o)
                0x0800af34                __errno
 .text.__libc_init_array
                0x0800af40       0x48 C:/ST/STM32CubeIDE_1.19.0/STM32CubeIDE/plugins/com.st.stm32cube.ide.mcu.externaltools.gnu-tools-for-stm32.13.3.rel1.win32_1.0.0.202411081344/tools/bin/../lib/gcc/arm-none-eabi/13.3.1/../../../../arm-none-eabi/lib/thumb/v7e-m+fp/hard\libc_nano.a(libc_a-init.o)
                0x0800af40                __libc_init_array
 .text.__retarget_lock_init_recursive
                0x0800af88        0x2 C:/ST/STM32CubeIDE_1.19.0/STM32CubeIDE/plugins/com.st.stm32cube.ide.mcu.externaltools.gnu-tools-for-stm32.13.3.rel1.win32_1.0.0.202411081344/tools/bin/../lib/gcc/arm-none-eabi/13.3.1/../../../../arm-none-eabi/lib/thumb/v7e-m+fp/hard\libc_nano.a(libc_a-lock.o)
                0x0800af88                __retarget_lock_init_recursive
 .text.__retarget_lock_acquire_recursive
                0x0800af8a        0x2 C:/ST/STM32CubeIDE_1.19.0/STM32CubeIDE/plugins/com.st.stm32cube.ide.mcu.externaltools.gnu-tools-for-stm32.13.3.rel1.win32_1.0.0.202411081344/tools/bin/../lib/gcc/arm-none-eabi/13.3.1/../../../../arm-none-eabi/lib/thumb/v7e-m+fp/hard\libc_nano.a(libc_a-lock.o)
                0x0800af8a                __retarget_lock_acquire_recursive
 .text.__retarget_lock_release_recursive
                0x0800af8c        0x2 C:/ST/STM32CubeIDE_1.19.0/STM32CubeIDE/plugins/com.st.stm32cube.ide.mcu.externaltools.gnu-tools-for-stm32.13.3.rel1.win32_1.0.0.202411081344/tools/bin/../lib/gcc/arm-none-eabi/13.3.1/../../../../arm-none-eabi/lib/thumb/v7e-m+fp/hard\libc_nano.a(libc_a-lock.o)
                0x0800af8c                __retarget_lock_release_recursive
 .text.memcpy   0x0800af8e       0x1c C:/ST/STM32CubeIDE_1.19.0/STM32CubeIDE/plugins/com.st.stm32cube.ide.mcu.externaltools.gnu-tools-for-stm32.13.3.rel1.win32_1.0.0.202411081344/tools/bin/../lib/gcc/arm-none-eabi/13.3.1/../../../../arm-none-eabi/lib/thumb/v7e-m+fp/hard\libc_nano.a(libc_a-memcpy-stub.o)
                0x0800af8e                memcpy
 *fill*         0x0800afaa        0x2 
 .text.nanf     0x0800afac        0xc C:/ST/STM32CubeIDE_1.19.0/STM32CubeIDE/plugins/com.st.stm32cube.ide.mcu.externaltools.gnu-tools-for-stm32.13.3.rel1.win32_1.0.0.202411081344/tools/bin/../lib/gcc/arm-none-eabi/13.3.1/../../../../arm-none-eabi/lib/thumb/v7e-m+fp/hard\libc_nano.a(libm_a-sf_nan.o)
                0x0800afac                nanf
 .text.quorem   0x0800afb8      0x110 C:/ST/STM32CubeIDE_1.19.0/STM32CubeIDE/plugins/com.st.stm32cube.ide.mcu.externaltools.gnu-tools-for-stm32.13.3.rel1.win32_1.0.0.202411081344/tools/bin/../lib/gcc/arm-none-eabi/13.3.1/../../../../arm-none-eabi/lib/thumb/v7e-m+fp/hard\libc_nano.a(libc_a-dtoa.o)
 .text._dtoa_r  0x0800b0c8      0xba0 C:/ST/STM32CubeIDE_1.19.0/STM32CubeIDE/plugins/com.st.stm32cube.ide.mcu.externaltools.gnu-tools-for-stm32.13.3.rel1.win32_1.0.0.202411081344/tools/bin/../lib/gcc/arm-none-eabi/13.3.1/../../../../arm-none-eabi/lib/thumb/v7e-m+fp/hard\libc_nano.a(libc_a-dtoa.o)
                0x0800b0c8                _dtoa_r
 .text._free_r  0x0800bc68       0x94 C:/ST/STM32CubeIDE_1.19.0/STM32CubeIDE/plugins/com.st.stm32cube.ide.mcu.externaltools.gnu-tools-for-stm32.13.3.rel1.win32_1.0.0.202411081344/tools/bin/../lib/gcc/arm-none-eabi/13.3.1/../../../../arm-none-eabi/lib/thumb/v7e-m+fp/hard\libc_nano.a(libc_a-freer.o)
                0x0800bc68                _free_r
 .text._Balloc  0x0800bcfc       0x80 C:/ST/STM32CubeIDE_1.19.0/STM32CubeIDE/plugins/com.st.stm32cube.ide.mcu.externaltools.gnu-tools-for-stm32.13.3.rel1.win32_1.0.0.202411081344/tools/bin/../lib/gcc/arm-none-eabi/13.3.1/../../../../arm-none-eabi/lib/thumb/v7e-m+fp/hard\libc_nano.a(libc_a-mprec.o)
                0x0800bcfc                _Balloc
 .text._Bfree   0x0800bd7c       0x44 C:/ST/STM32CubeIDE_1.19.0/STM32CubeIDE/plugins/com.st.stm32cube.ide.mcu.externaltools.gnu-tools-for-stm32.13.3.rel1.win32_1.0.0.202411081344/tools/bin/../lib/gcc/arm-none-eabi/13.3.1/../../../../arm-none-eabi/lib/thumb/v7e-m+fp/hard\libc_nano.a(libc_a-mprec.o)
                0x0800bd7c                _Bfree
 .text.__multadd
                0x0800bdc0       0x8c C:/ST/STM32CubeIDE_1.19.0/STM32CubeIDE/plugins/com.st.stm32cube.ide.mcu.externaltools.gnu-tools-for-stm32.13.3.rel1.win32_1.0.0.202411081344/tools/bin/../lib/gcc/arm-none-eabi/13.3.1/../../../../arm-none-eabi/lib/thumb/v7e-m+fp/hard\libc_nano.a(libc_a-mprec.o)
                0x0800bdc0                __multadd
 .text.__s2b    0x0800be4c       0x94 C:/ST/STM32CubeIDE_1.19.0/STM32CubeIDE/plugins/com.st.stm32cube.ide.mcu.externaltools.gnu-tools-for-stm32.13.3.rel1.win32_1.0.0.202411081344/tools/bin/../lib/gcc/arm-none-eabi/13.3.1/../../../../arm-none-eabi/lib/thumb/v7e-m+fp/hard\libc_nano.a(libc_a-mprec.o)
                0x0800be4c                __s2b
 .text.__hi0bits
                0x0800bee0       0x3e C:/ST/STM32CubeIDE_1.19.0/STM32CubeIDE/plugins/com.st.stm32cube.ide.mcu.externaltools.gnu-tools-for-stm32.13.3.rel1.win32_1.0.0.202411081344/tools/bin/../lib/gcc/arm-none-eabi/13.3.1/../../../../arm-none-eabi/lib/thumb/v7e-m+fp/hard\libc_nano.a(libc_a-mprec.o)
                0x0800bee0                __hi0bits
 .text.__lo0bits
                0x0800bf1e       0x5a C:/ST/STM32CubeIDE_1.19.0/STM32CubeIDE/plugins/com.st.stm32cube.ide.mcu.externaltools.gnu-tools-for-stm32.13.3.rel1.win32_1.0.0.202411081344/tools/bin/../lib/gcc/arm-none-eabi/13.3.1/../../../../arm-none-eabi/lib/thumb/v7e-m+fp/hard\libc_nano.a(libc_a-mprec.o)
                0x0800bf1e                __lo0bits
 .text.__i2b    0x0800bf78       0x2c C:/ST/STM32CubeIDE_1.19.0/STM32CubeIDE/plugins/com.st.stm32cube.ide.mcu.externaltools.gnu-tools-for-stm32.13.3.rel1.win32_1.0.0.202411081344/tools/bin/../lib/gcc/arm-none-eabi/13.3.1/../../../../arm-none-eabi/lib/thumb/v7e-m+fp/hard\libc_nano.a(libc_a-mprec.o)
                0x0800bf78                __i2b
 .text.__multiply
                0x0800bfa4      0x144 C:/ST/STM32CubeIDE_1.19.0/STM32CubeIDE/plugins/com.st.stm32cube.ide.mcu.externaltools.gnu-tools-for-stm32.13.3.rel1.win32_1.0.0.202411081344/tools/bin/../lib/gcc/arm-none-eabi/13.3.1/../../../../arm-none-eabi/lib/thumb/v7e-m+fp/hard\libc_nano.a(libc_a-mprec.o)
                0x0800bfa4                __multiply
 .text.__pow5mult
                0x0800c0e8       0xb4 C:/ST/STM32CubeIDE_1.19.0/STM32CubeIDE/plugins/com.st.stm32cube.ide.mcu.externaltools.gnu-tools-for-stm32.13.3.rel1.win32_1.0.0.202411081344/tools/bin/../lib/gcc/arm-none-eabi/13.3.1/../../../../arm-none-eabi/lib/thumb/v7e-m+fp/hard\libc_nano.a(libc_a-mprec.o)
                0x0800c0e8                __pow5mult
 .text.__lshift
                0x0800c19c       0xd8 C:/ST/STM32CubeIDE_1.19.0/STM32CubeIDE/plugins/com.st.stm32cube.ide.mcu.externaltools.gnu-tools-for-stm32.13.3.rel1.win32_1.0.0.202411081344/tools/bin/../lib/gcc/arm-none-eabi/13.3.1/../../../../arm-none-eabi/lib/thumb/v7e-m+fp/hard\libc_nano.a(libc_a-mprec.o)
                0x0800c19c                __lshift
 .text.__mcmp   0x0800c274       0x36 C:/ST/STM32CubeIDE_1.19.0/STM32CubeIDE/plugins/com.st.stm32cube.ide.mcu.externaltools.gnu-tools-for-stm32.13.3.rel1.win32_1.0.0.202411081344/tools/bin/../lib/gcc/arm-none-eabi/13.3.1/../../../../arm-none-eabi/lib/thumb/v7e-m+fp/hard\libc_nano.a(libc_a-mprec.o)
                0x0800c274                __mcmp
 *fill*         0x0800c2aa        0x2 
 .text.__mdiff  0x0800c2ac      0x128 C:/ST/STM32CubeIDE_1.19.0/STM32CubeIDE/plugins/com.st.stm32cube.ide.mcu.externaltools.gnu-tools-for-stm32.13.3.rel1.win32_1.0.0.202411081344/tools/bin/../lib/gcc/arm-none-eabi/13.3.1/../../../../arm-none-eabi/lib/thumb/v7e-m+fp/hard\libc_nano.a(libc_a-mprec.o)
                0x0800c2ac                __mdiff
 .text.__ulp    0x0800c3d4       0x4c C:/ST/STM32CubeIDE_1.19.0/STM32CubeIDE/plugins/com.st.stm32cube.ide.mcu.externaltools.gnu-tools-for-stm32.13.3.rel1.win32_1.0.0.202411081344/tools/bin/../lib/gcc/arm-none-eabi/13.3.1/../../../../arm-none-eabi/lib/thumb/v7e-m+fp/hard\libc_nano.a(libc_a-mprec.o)
                0x0800c3d4                __ulp
 .text.__b2d    0x0800c420       0x94 C:/ST/STM32CubeIDE_1.19.0/STM32CubeIDE/plugins/com.st.stm32cube.ide.mcu.externaltools.gnu-tools-for-stm32.13.3.rel1.win32_1.0.0.202411081344/tools/bin/../lib/gcc/arm-none-eabi/13.3.1/../../../../arm-none-eabi/lib/thumb/v7e-m+fp/hard\libc_nano.a(libc_a-mprec.o)
                0x0800c420                __b2d
 .text.__d2b    0x0800c4b4       0xb0 C:/ST/STM32CubeIDE_1.19.0/STM32CubeIDE/plugins/com.st.stm32cube.ide.mcu.externaltools.gnu-tools-for-stm32.13.3.rel1.win32_1.0.0.202411081344/tools/bin/../lib/gcc/arm-none-eabi/13.3.1/../../../../arm-none-eabi/lib/thumb/v7e-m+fp/hard\libc_nano.a(libc_a-mprec.o)
                0x0800c4b4                __d2b
 .text.__ratio  0x0800c564       0x64 C:/ST/STM32CubeIDE_1.19.0/STM32CubeIDE/plugins/com.st.stm32cube.ide.mcu.externaltools.gnu-tools-for-stm32.13.3.rel1.win32_1.0.0.202411081344/tools/bin/../lib/gcc/arm-none-eabi/13.3.1/../../../../arm-none-eabi/lib/thumb/v7e-m+fp/hard\libc_nano.a(libc_a-mprec.o)
                0x0800c564                __ratio
 .text.__copybits
                0x0800c5c8       0x46 C:/ST/STM32CubeIDE_1.19.0/STM32CubeIDE/plugins/com.st.stm32cube.ide.mcu.externaltools.gnu-tools-for-stm32.13.3.rel1.win32_1.0.0.202411081344/tools/bin/../lib/gcc/arm-none-eabi/13.3.1/../../../../arm-none-eabi/lib/thumb/v7e-m+fp/hard\libc_nano.a(libc_a-mprec.o)
                0x0800c5c8                __copybits
 .text.__any_on
                0x0800c60e       0x42 C:/ST/STM32CubeIDE_1.19.0/STM32CubeIDE/plugins/com.st.stm32cube.ide.mcu.externaltools.gnu-tools-for-stm32.13.3.rel1.win32_1.0.0.202411081344/tools/bin/../lib/gcc/arm-none-eabi/13.3.1/../../../../arm-none-eabi/lib/thumb/v7e-m+fp/hard\libc_nano.a(libc_a-mprec.o)
                0x0800c60e                __any_on
 .text.sulp     0x0800c650       0x3c C:/ST/STM32CubeIDE_1.19.0/STM32CubeIDE/plugins/com.st.stm32cube.ide.mcu.externaltools.gnu-tools-for-stm32.13.3.rel1.win32_1.0.0.202411081344/tools/bin/../lib/gcc/arm-none-eabi/13.3.1/../../../../arm-none-eabi/lib/thumb/v7e-m+fp/hard\libc_nano.a(libc_a-strtod.o)
 *fill*         0x0800c68c        0x4 
 .text._strtod_l
                0x0800c690      0xbc8 C:/ST/STM32CubeIDE_1.19.0/STM32CubeIDE/plugins/com.st.stm32cube.ide.mcu.externaltools.gnu-tools-for-stm32.13.3.rel1.win32_1.0.0.202411081344/tools/bin/../lib/gcc/arm-none-eabi/13.3.1/../../../../arm-none-eabi/lib/thumb/v7e-m+fp/hard\libc_nano.a(libc_a-strtod.o)
                0x0800c690                _strtod_l
 .text._strtod_r
                0x0800d258        0xc C:/ST/STM32CubeIDE_1.19.0/STM32CubeIDE/plugins/com.st.stm32cube.ide.mcu.externaltools.gnu-tools-for-stm32.13.3.rel1.win32_1.0.0.202411081344/tools/bin/../lib/gcc/arm-none-eabi/13.3.1/../../../../arm-none-eabi/lib/thumb/v7e-m+fp/hard\libc_nano.a(libc_a-strtod.o)
                0x0800d258                _strtod_r
 .text._strtol_l.isra.0
                0x0800d264       0xf4 C:/ST/STM32CubeIDE_1.19.0/STM32CubeIDE/plugins/com.st.stm32cube.ide.mcu.externaltools.gnu-tools-for-stm32.13.3.rel1.win32_1.0.0.202411081344/tools/bin/../lib/gcc/arm-none-eabi/13.3.1/../../../../arm-none-eabi/lib/thumb/v7e-m+fp/hard\libc_nano.a(libc_a-strtol.o)
 .text._strtol_r
                0x0800d358        0x4 C:/ST/STM32CubeIDE_1.19.0/STM32CubeIDE/plugins/com.st.stm32cube.ide.mcu.externaltools.gnu-tools-for-stm32.13.3.rel1.win32_1.0.0.202411081344/tools/bin/../lib/gcc/arm-none-eabi/13.3.1/../../../../arm-none-eabi/lib/thumb/v7e-m+fp/hard\libc_nano.a(libc_a-strtol.o)
                0x0800d358                _strtol_r
 .text.__ssputs_r
                0x0800d35c       0xb6 C:/ST/STM32CubeIDE_1.19.0/STM32CubeIDE/plugins/com.st.stm32cube.ide.mcu.externaltools.gnu-tools-for-stm32.13.3.rel1.win32_1.0.0.202411081344/tools/bin/../lib/gcc/arm-none-eabi/13.3.1/../../../../arm-none-eabi/lib/thumb/v7e-m+fp/hard\libc_nano.a(libc_a-nano-svfprintf.o)
                0x0800d35c                __ssputs_r
 *fill*         0x0800d412        0x2 
 .text._svfprintf_r
                0x0800d414      0x1f8 C:/ST/STM32CubeIDE_1.19.0/STM32CubeIDE/plugins/com.st.stm32cube.ide.mcu.externaltools.gnu-tools-for-stm32.13.3.rel1.win32_1.0.0.202411081344/tools/bin/../lib/gcc/arm-none-eabi/13.3.1/../../../../arm-none-eabi/lib/thumb/v7e-m+fp/hard\libc_nano.a(libc_a-nano-svfprintf.o)
                0x0800d414                _svfiprintf_r
                0x0800d414                _svfprintf_r
 .text.__sflush_r
                0x0800d60c      0x108 C:/ST/STM32CubeIDE_1.19.0/STM32CubeIDE/plugins/com.st.stm32cube.ide.mcu.externaltools.gnu-tools-for-stm32.13.3.rel1.win32_1.0.0.202411081344/tools/bin/../lib/gcc/arm-none-eabi/13.3.1/../../../../arm-none-eabi/lib/thumb/v7e-m+fp/hard\libc_nano.a(libc_a-fflush.o)
                0x0800d60c                __sflush_r
 .text._fflush_r
                0x0800d714       0x50 C:/ST/STM32CubeIDE_1.19.0/STM32CubeIDE/plugins/com.st.stm32cube.ide.mcu.externaltools.gnu-tools-for-stm32.13.3.rel1.win32_1.0.0.202411081344/tools/bin/../lib/gcc/arm-none-eabi/13.3.1/../../../../arm-none-eabi/lib/thumb/v7e-m+fp/hard\libc_nano.a(libc_a-fflush.o)
                0x0800d714                _fflush_r
 .text.memmove  0x0800d764       0x34 C:/ST/STM32CubeIDE_1.19.0/STM32CubeIDE/plugins/com.st.stm32cube.ide.mcu.externaltools.gnu-tools-for-stm32.13.3.rel1.win32_1.0.0.202411081344/tools/bin/../lib/gcc/arm-none-eabi/13.3.1/../../../../arm-none-eabi/lib/thumb/v7e-m+fp/hard\libc_nano.a(libc_a-memmove.o)
                0x0800d764                memmove
 .text.nan      0x0800d798       0x10 C:/ST/STM32CubeIDE_1.19.0/STM32CubeIDE/plugins/com.st.stm32cube.ide.mcu.externaltools.gnu-tools-for-stm32.13.3.rel1.win32_1.0.0.202411081344/tools/bin/../lib/gcc/arm-none-eabi/13.3.1/../../../../arm-none-eabi/lib/thumb/v7e-m+fp/hard\libc_nano.a(libm_a-s_nan.o)
                0x0800d798                nan
 .text.__assert_func
                0x0800d7a8       0x3c C:/ST/STM32CubeIDE_1.19.0/STM32CubeIDE/plugins/com.st.stm32cube.ide.mcu.externaltools.gnu-tools-for-stm32.13.3.rel1.win32_1.0.0.202411081344/tools/bin/../lib/gcc/arm-none-eabi/13.3.1/../../../../arm-none-eabi/lib/thumb/v7e-m+fp/hard\libc_nano.a(libc_a-assert.o)
                0x0800d7a8                __assert_func
 .text._calloc_r
                0x0800d7e4       0x28 C:/ST/STM32CubeIDE_1.19.0/STM32CubeIDE/plugins/com.st.stm32cube.ide.mcu.externaltools.gnu-tools-for-stm32.13.3.rel1.win32_1.0.0.202411081344/tools/bin/../lib/gcc/arm-none-eabi/13.3.1/../../../../arm-none-eabi/lib/thumb/v7e-m+fp/hard\libc_nano.a(libc_a-callocr.o)
                0x0800d7e4                _calloc_r
 .text.rshift   0x0800d80c       0xa4 C:/ST/STM32CubeIDE_1.19.0/STM32CubeIDE/plugins/com.st.stm32cube.ide.mcu.externaltools.gnu-tools-for-stm32.13.3.rel1.win32_1.0.0.202411081344/tools/bin/../lib/gcc/arm-none-eabi/13.3.1/../../../../arm-none-eabi/lib/thumb/v7e-m+fp/hard\libc_nano.a(libc_a-gdtoa-gethex.o)
 .text.__hexdig_fun
                0x0800d8b0       0x2a C:/ST/STM32CubeIDE_1.19.0/STM32CubeIDE/plugins/com.st.stm32cube.ide.mcu.externaltools.gnu-tools-for-stm32.13.3.rel1.win32_1.0.0.202411081344/tools/bin/../lib/gcc/arm-none-eabi/13.3.1/../../../../arm-none-eabi/lib/thumb/v7e-m+fp/hard\libc_nano.a(libc_a-gdtoa-gethex.o)
                0x0800d8b0                __hexdig_fun
 *fill*         0x0800d8da        0x2 
 .text.__gethex
                0x0800d8dc      0x420 C:/ST/STM32CubeIDE_1.19.0/STM32CubeIDE/plugins/com.st.stm32cube.ide.mcu.externaltools.gnu-tools-for-stm32.13.3.rel1.win32_1.0.0.202411081344/tools/bin/../lib/gcc/arm-none-eabi/13.3.1/../../../../arm-none-eabi/lib/thumb/v7e-m+fp/hard\libc_nano.a(libc_a-gdtoa-gethex.o)
                0x0800d8dc                __gethex
 .text.L_shift  0x0800dcfc       0x24 C:/ST/STM32CubeIDE_1.19.0/STM32CubeIDE/plugins/com.st.stm32cube.ide.mcu.externaltools.gnu-tools-for-stm32.13.3.rel1.win32_1.0.0.202411081344/tools/bin/../lib/gcc/arm-none-eabi/13.3.1/../../../../arm-none-eabi/lib/thumb/v7e-m+fp/hard\libc_nano.a(libc_a-gdtoa-hexnan.o)
 .text.__match  0x0800dd20       0x28 C:/ST/STM32CubeIDE_1.19.0/STM32CubeIDE/plugins/com.st.stm32cube.ide.mcu.externaltools.gnu-tools-for-stm32.13.3.rel1.win32_1.0.0.202411081344/tools/bin/../lib/gcc/arm-none-eabi/13.3.1/../../../../arm-none-eabi/lib/thumb/v7e-m+fp/hard\libc_nano.a(libc_a-gdtoa-hexnan.o)
                0x0800dd20                __match
 .text.__hexnan
                0x0800dd48      0x136 C:/ST/STM32CubeIDE_1.19.0/STM32CubeIDE/plugins/com.st.stm32cube.ide.mcu.externaltools.gnu-tools-for-stm32.13.3.rel1.win32_1.0.0.202411081344/tools/bin/../lib/gcc/arm-none-eabi/13.3.1/../../../../arm-none-eabi/lib/thumb/v7e-m+fp/hard\libc_nano.a(libc_a-gdtoa-hexnan.o)
                0x0800dd48                __hexnan
 .text.__ascii_mbtowc
                0x0800de7e       0x24 C:/ST/STM32CubeIDE_1.19.0/STM32CubeIDE/plugins/com.st.stm32cube.ide.mcu.externaltools.gnu-tools-for-stm32.13.3.rel1.win32_1.0.0.202411081344/tools/bin/../lib/gcc/arm-none-eabi/13.3.1/../../../../arm-none-eabi/lib/thumb/v7e-m+fp/hard\libc_nano.a(libc_a-mbtowc_r.o)
                0x0800de7e                __ascii_mbtowc
 .text._realloc_r