../CSP/src/csp_buffer.c:24:6:csp_buffer_init	16	static
../CSP/src/csp_buffer.c:43:8:csp_buffer_get_isr	24	static
../CSP/src/csp_buffer.c:66:8:csp_buffer_get	24	static
../CSP/src/csp_buffer.c:89:6:csp_buffer_free_isr	24	static
../CSP/src/csp_buffer.c:122:6:csp_buffer_free	24	static
../CSP/src/csp_buffer.c:154:8:csp_buffer_clone	24	static
../CSP/src/csp_buffer.c:169:5:csp_buffer_remaining	8	static
../CSP/src/csp_buffer.c:173:8:csp_buffer_size	4	static
../CSP/src/csp_buffer.c:177:8:csp_buffer_data_size	4	static
