../Drivers/CMSIS/Include/core_cm7.h:1884:26:__NVIC_GetPriorityGrouping	1
../Drivers/CMSIS/Include/core_cm7.h:1896:22:__NVIC_EnableIRQ	2
../Drivers/CMSIS/Include/core_cm7.h:2024:22:__NVIC_SetPriority	2
../Drivers/CMSIS/Include/core_cm7.h:2071:26:NVIC_EncodePriority	2
../Drivers/STM32F7xx_HAL_Driver/Inc/stm32f7xx_ll_usart.h:560:22:LL_USART_Enable	1
../Drivers/STM32F7xx_HAL_Driver/Inc/stm32f7xx_ll_usart.h:2320:22:LL_USART_ConfigAsyncMode	1
../Drivers/STM32F7xx_HAL_Driver/Inc/stm32f7xx_ll_bus.h:309:22:LL_AHB1_GRP1_EnableClock	1
../Drivers/STM32F7xx_HAL_Driver/Inc/stm32f7xx_ll_bus.h:1587:22:LL_APB2_GRP1_EnableClock	1
../Core/Src/main.c:104:5:main	1
../Core/Src/main.c:210:6:SystemClock_Config	4
../Core/Src/main.c:264:13:MX_CRC_Init	2
../Core/Src/main.c:295:13:MX_TIM3_Init	4
../Core/Src/main.c:340:13:MX_USART6_UART_Init	2
../Core/Src/main.c:409:13:MX_FMC_Init	2
../Core/Src/main.c:510:13:MX_GPIO_Init	1
../Core/Src/main.c:545:6:TaskBlinkLED	1
../Core/Src/main.c:556:6:Debuglogging	1
../Core/Src/main.c:566:6:vApplicationStackOverflowHook	1
../Core/Src/main.c:580:6:StartDefaultTask	1
../Core/Src/main.c:593:6:Error_Handler	1
