../Drivers/CMSIS/Include/core_cm7.h:1884:26:__NVIC_GetPriorityGrouping	4	static
../Drivers/CMSIS/Include/core_cm7.h:1896:22:__NVIC_EnableIRQ	16	static
../Drivers/CMSIS/Include/core_cm7.h:2024:22:__NVIC_SetPriority	16	static
../Drivers/CMSIS/Include/core_cm7.h:2071:26:NVIC_EncodePriority	40	static
../Drivers/STM32F7xx_HAL_Driver/Inc/stm32f7xx_ll_usart.h:560:22:LL_USART_Enable	16	static
../Drivers/STM32F7xx_HAL_Driver/Inc/stm32f7xx_ll_usart.h:2320:22:LL_USART_ConfigAsyncMode	16	static
../Drivers/STM32F7xx_HAL_Driver/Inc/stm32f7xx_ll_bus.h:309:22:LL_AHB1_GRP1_EnableClock	24	static
../Drivers/STM32F7xx_HAL_Driver/Inc/stm32f7xx_ll_bus.h:1587:22:LL_APB2_GRP1_EnableClock	24	static
../Core/Src/main.c:105:5:main	16	static
../Core/Src/main.c:211:6:SystemClock_Config	88	static
../Core/Src/main.c:265:13:MX_CRC_Init	8	static
../Core/Src/main.c:296:13:MX_TIM3_Init	40	static
../Core/Src/main.c:341:13:MX_USART6_UART_Init	192	static
../Core/Src/main.c:410:13:MX_FMC_Init	64	static
../Core/Src/main.c:511:13:MX_GPIO_Init	64	static
../Core/Src/main.c:546:6:TaskBlinkLED	16	static
../Core/Src/main.c:560:6:Debuglogging	16	static
../Core/Src/main.c:570:6:vApplicationStackOverflowHook	16	static
../Core/Src/main.c:584:6:StartDefaultTask	16	static
../Core/Src/main.c:597:6:Error_Handler	4	static,ignoring_inline_asm
