../Drivers/CMSIS/Include/core_cm7.h:1884:26:__NVIC_GetPriorityGrouping	4	static
../Drivers/CMSIS/Include/core_cm7.h:1896:22:__NVIC_EnableIRQ	16	static
../Drivers/CMSIS/Include/core_cm7.h:2024:22:__NVIC_SetPriority	16	static
../Drivers/CMSIS/Include/core_cm7.h:2071:26:NVIC_EncodePriority	40	static
../Drivers/STM32F7xx_HAL_Driver/Inc/stm32f7xx_ll_usart.h:560:22:LL_USART_Enable	16	static
../Drivers/STM32F7xx_HAL_Driver/Inc/stm32f7xx_ll_usart.h:2320:22:LL_USART_ConfigAsyncMode	16	static
../Drivers/STM32F7xx_HAL_Driver/Inc/stm32f7xx_ll_bus.h:309:22:LL_AHB1_GRP1_EnableClock	24	static
../Drivers/STM32F7xx_HAL_Driver/Inc/stm32f7xx_ll_bus.h:1587:22:LL_APB2_GRP1_EnableClock	24	static
../Core/Src/main.c:104:5:main	16	static
../Core/Src/main.c:210:6:SystemClock_Config	88	static
../Core/Src/main.c:264:13:MX_CRC_Init	8	static
../Core/Src/main.c:295:13:MX_TIM3_Init	40	static
../Core/Src/main.c:340:13:MX_USART6_UART_Init	192	static
../Core/Src/main.c:409:13:MX_FMC_Init	64	static
../Core/Src/main.c:510:13:MX_GPIO_Init	64	static
../Core/Src/main.c:545:6:TaskBlinkLED	16	static
../Core/Src/main.c:556:6:Debuglogging	16	static
../Core/Src/main.c:566:6:vApplicationStackOverflowHook	16	static
../Core/Src/main.c:580:6:StartDefaultTask	16	static
../Core/Src/main.c:593:6:Error_Handler	4	static,ignoring_inline_asm
