../Core/Src/stm32f7xx_hal_msp.c:63:6:HAL_MspInit	16	static
../Core/Src/stm32f7xx_hal_msp.c:88:6:HAL_CRC_MspInit	24	static
../Core/Src/stm32f7xx_hal_msp.c:111:6:HAL_CRC_MspDeInit	16	static
../Core/Src/stm32f7xx_hal_msp.c:133:6:HAL_TIM_Base_MspInit	24	static
../Core/Src/stm32f7xx_hal_msp.c:156:6:HAL_TIM_Base_MspDeInit	16	static
../Core/Src/stm32f7xx_hal_msp.c:174:13:HAL_FMC_MspInit	32	static
../Core/Src/stm32f7xx_hal_msp.c:278:6:HAL_SDRAM_MspInit	16	static
../Core/Src/stm32f7xx_hal_msp.c:290:13:HAL_FMC_MspDeInit	8	static
../Core/Src/stm32f7xx_hal_msp.c:362:6:HAL_SDRAM_MspDeInit	16	static
